W/Vold    ( 1130): Returning OperationFailed - no handler for errno 30
W/Vold    ( 1130): Returning OperationFailed - no handler for errno 30
W/Vold    ( 1130): Returning OperationFailed - no handler for errno 30
W/ActivityManager( 1558): No content provider found for permission revoke: file:///data/local/tmp/app-debug.apk
W/ActivityManager( 1558): No content provider found for permission revoke: file:///data/local/tmp/app-debug.apk
I/PackageManager( 1558): Copying native libraries to /data/app-lib/vmdl921404364
I/ActivityManager( 1558): Force stopping edu.buffalo.cse.cse486586.groupmessenger2 appid=10142 user=-1: update pkg
D/BackupManagerService( 1558): Received broadcast Intent { act=android.intent.action.PACKAGE_ADDED dat=package:edu.buffalo.cse.cse486586.groupmessenger2 flg=0x4000010 (has extras) }
I/PackageManager( 1558): Adding preferred activity ComponentInfo{com.android.mms/com.android.mms.ui.ComposeMessageActivity} for user 0 :
V/BackupManagerService( 1558): addPackageParticipantsLocked: #1
I/PackageManager( 1558): Adding preferred activity ComponentInfo{com.android.mms/com.android.mms.ui.ComposeMessageActivity} for user 0 :
I/PackageManager( 1558): Adding preferred activity ComponentInfo{com.android.mms/com.android.mms.ui.ComposeMessageActivity} for user 0 :
I/PackageManager( 1558): Adding preferred activity ComponentInfo{com.android.mms/com.android.mms.ui.ComposeMessageActivity} for user 0 :
I/PackageManager( 1558): Adding preferred activity ComponentInfo{com.android.mms/com.android.mms.ui.ComposeMessageActivity} for user 0 :
I/PackageManager( 1558): Adding preferred activity ComponentInfo{com.android.mms/com.android.mms.ui.ComposeMessageActivity} for user 0 :
I/PackageManager( 1558): Adding preferred activity ComponentInfo{com.android.mms/com.android.mms.ui.ComposeMessageActivity} for user 0 :
I/PackageManager( 1558): Adding preferred activity ComponentInfo{com.android.mms/com.android.mms.ui.ComposeMessageActivity} for user 0 :
I/ActivityManager( 1558): Force stopping edu.buffalo.cse.cse486586.groupmessenger2 appid=10142 user=0: from pid 22421
I/ActivityManager( 1558): START u0 {act=android.intent.action.MAIN cat=[android.intent.category.LAUNCHER] flg=0x10000000 cmp=edu.buffalo.cse.cse486586.groupmessenger2/.GroupMessengerActivity} from pid 22421
I/ActivityManager( 1558): Start proc edu.buffalo.cse.cse486586.groupmessenger2 for activity edu.buffalo.cse.cse486586.groupmessenger2/.GroupMessengerActivity: pid=22432 uid=10142 gids={50142, 3003}
I/ActivityManager( 1558): Resuming delayed broadcast
I/ActivityManager( 1558): Delay finish: com.google.android.googlequicksearchbox/com.google.android.searchcommon.summons.icing.InternalIcingCorporaProvider$CorporaChangedReceiver
I/ActivityManager( 1558): Resuming delayed broadcast
W/ContextImpl( 1419): Calling a method in the system process without a qualified user: android.app.ContextImpl.startService:1479 android.content.ContextWrapper.startService:494 android.content.ContextWrapper.startService:494 com.android.keychain.KeyChainBroadcastReceiver.onReceive:12 android.app.ActivityThread.handleReceiver:2419 
I/ActivityManager( 1558): Delay finish: com.android.keychain/.KeyChainBroadcastReceiver
I/ActivityManager( 1558): Resuming delayed broadcast
I/ActivityManager( 1558): Delay finish: com.google.android.gms/.chimera.GmsIntentOperationService$PersistentTrustedReceiver
I/ActivityManager( 1558): Resuming delayed broadcast
I/ActivityManager( 1558): Delay finish: com.google.android.gms/.gass.chimera.PackageChangeBroadcastReceiver
I/ActivityManager( 1558): Force stopping edu.buffalo.cse.cse486586.groupmessenger2 appid=10142 user=0: from pid 22656
I/ActivityManager( 1558): Killing 22432:edu.buffalo.cse.cse486586.groupmessenger2/u0a142 (adj 0): stop edu.buffalo.cse.cse486586.groupmessenger2
W/ActivityManager( 1558): Force removing ActivityRecord{afaf4a58 u0 edu.buffalo.cse.cse486586.groupmessenger2/.GroupMessengerActivity t91}: app died, no saved state
I/WindowState( 1558): WIN DEATH: Window{b0287ff0 u0 edu.buffalo.cse.cse486586.groupmessenger2/edu.buffalo.cse.cse486586.groupmessenger2.GroupMessengerActivity}
W/InputMethodManagerService( 1558): Got RemoteException sending setActive(false) notification to pid 22432 uid 10142
I/ActivityManager( 1558): Resuming delayed broadcast
I/ActivityManager( 1558): Delay finish: com.google.android.gms/.chimera.GmsIntentOperationService$PersistentTrustedReceiver
I/ActivityManager( 1558): Resuming delayed broadcast
I/ActivityManager( 1558): Delay finish: com.google.android.googlequicksearchbox/com.google.android.searchcommon.summons.icing.InternalIcingCorporaProvider$CorporaChangedReceiver
I/ActivityManager( 1558): Resuming delayed broadcast
I/ActivityManager( 1558): Start proc edu.buffalo.cse.cse486586.groupmessenger2 for content provider edu.buffalo.cse.cse486586.groupmessenger2/.GroupMessengerProvider: pid=22693 uid=10142 gids={50142, 3003}
D/ConnectivityService( 1558): handleInetConditionHoldEnd: net=0, condition=100, published condition=100
D/ConnectivityService( 1558): Sampling interval elapsed, updating statistics ..
D/ConnectivityService( 1558): Done.
D/ConnectivityService( 1558): Setting timer for 720seconds
I/ActivityManager( 1558): Force stopping edu.buffalo.cse.cse486586.groupmessenger2 appid=10142 user=-1: uninstall pkg
I/ActivityManager( 1558): Killing 22693:edu.buffalo.cse.cse486586.groupmessenger2/u0a142 (adj 11): stop edu.buffalo.cse.cse486586.groupmessenger2
W/PackageManager( 1558): Couldn't delete native library directory /data/app-lib/edu.buffalo.cse.cse486586.groupmessenger2
I/ActivityManager( 1558): Force stopping edu.buffalo.cse.cse486586.groupmessenger2 appid=10142 user=0: pkg removed
D/BackupManagerService( 1558): Received broadcast Intent { act=android.intent.action.PACKAGE_REMOVED dat=package:edu.buffalo.cse.cse486586.groupmessenger2 flg=0x4000010 (has extras) }
V/BackupManagerService( 1558): removePackageParticipantsLocked: uid=10142 #1
I/PackageManager( 1558): Adding preferred activity ComponentInfo{com.android.mms/com.android.mms.ui.ComposeMessageActivity} for user 0 :
I/ActivityManager( 1558): Delay finish: com.android.providers.contacts/.PackageIntentReceiver
I/PackageManager( 1558): Adding preferred activity ComponentInfo{com.android.mms/com.android.mms.ui.ComposeMessageActivity} for user 0 :
I/PackageManager( 1558): Adding preferred activity ComponentInfo{com.android.mms/com.android.mms.ui.ComposeMessageActivity} for user 0 :
I/PackageManager( 1558): Adding preferred activity ComponentInfo{com.android.mms/com.android.mms.ui.ComposeMessageActivity} for user 0 :
I/PackageManager( 1558): Adding preferred activity ComponentInfo{com.android.mms/com.android.mms.ui.ComposeMessageActivity} for user 0 :
I/PackageManager( 1558): Adding preferred activity ComponentInfo{com.android.mms/com.android.mms.ui.ComposeMessageActivity} for user 0 :
I/PackageManager( 1558): Adding preferred activity ComponentInfo{com.android.mms/com.android.mms.ui.ComposeMessageActivity} for user 0 :
I/PackageManager( 1558): Adding preferred activity ComponentInfo{com.android.mms/com.android.mms.ui.ComposeMessageActivity} for user 0 :
I/ActivityManager( 1558): Resuming delayed broadcast
I/ActivityManager( 1558): Delay finish: com.google.android.gms/.chimera.GmsIntentOperationService$PersistentTrustedReceiver
W/Vold    ( 1130): Returning OperationFailed - no handler for errno 30
W/Vold    ( 1130): Returning OperationFailed - no handler for errno 30
W/Vold    ( 1130): Returning OperationFailed - no handler for errno 30
W/ActivityManager( 1558): No content provider found for permission revoke: file:///data/local/tmp/app-debug.apk
W/ActivityManager( 1558): No content provider found for permission revoke: file:///data/local/tmp/app-debug.apk
I/PackageManager( 1558): Copying native libraries to /data/app-lib/vmdl-558623335
I/ActivityManager( 1558): Force stopping edu.buffalo.cse.cse486586.groupmessenger2 appid=10143 user=-1: update pkg
I/PackageManager( 1558): Adding preferred activity ComponentInfo{com.android.mms/com.android.mms.ui.ComposeMessageActivity} for user 0 :
I/PackageManager( 1558): Adding preferred activity ComponentInfo{com.android.mms/com.android.mms.ui.ComposeMessageActivity} for user 0 :
D/BackupManagerService( 1558): Received broadcast Intent { act=android.intent.action.PACKAGE_ADDED dat=package:edu.buffalo.cse.cse486586.groupmessenger2 flg=0x4000010 (has extras) }
I/PackageManager( 1558): Adding preferred activity ComponentInfo{com.android.mms/com.android.mms.ui.ComposeMessageActivity} for user 0 :
V/BackupManagerService( 1558): addPackageParticipantsLocked: #1
I/PackageManager( 1558): Adding preferred activity ComponentInfo{com.android.mms/com.android.mms.ui.ComposeMessageActivity} for user 0 :
I/PackageManager( 1558): Adding preferred activity ComponentInfo{com.android.mms/com.android.mms.ui.ComposeMessageActivity} for user 0 :
I/PackageManager( 1558): Adding preferred activity ComponentInfo{com.android.mms/com.android.mms.ui.ComposeMessageActivity} for user 0 :
I/PackageManager( 1558): Adding preferred activity ComponentInfo{com.android.mms/com.android.mms.ui.ComposeMessageActivity} for user 0 :
I/PackageManager( 1558): Adding preferred activity ComponentInfo{com.android.mms/com.android.mms.ui.ComposeMessageActivity} for user 0 :
I/ActivityManager( 1558): Force stopping edu.buffalo.cse.cse486586.groupmessenger2 appid=10143 user=0: from pid 23063
I/ActivityManager( 1558): START u0 {act=android.intent.action.MAIN cat=[android.intent.category.LAUNCHER] flg=0x10000000 cmp=edu.buffalo.cse.cse486586.groupmessenger2/.GroupMessengerActivity} from pid 23063
I/ActivityManager( 1558): Start proc edu.buffalo.cse.cse486586.groupmessenger2 for activity edu.buffalo.cse.cse486586.groupmessenger2/.GroupMessengerActivity: pid=23074 uid=10143 gids={50143, 3003}
I/ActivityManager( 1558): Resuming delayed broadcast
I/ActivityManager( 1558): Delay finish: com.google.android.googlequicksearchbox/com.google.android.searchcommon.summons.icing.InternalIcingCorporaProvider$CorporaChangedReceiver
I/ActivityManager( 1558): Resuming delayed broadcast
W/ContextImpl( 1419): Calling a method in the system process without a qualified user: android.app.ContextImpl.startService:1479 android.content.ContextWrapper.startService:494 android.content.ContextWrapper.startService:494 com.android.keychain.KeyChainBroadcastReceiver.onReceive:12 android.app.ActivityThread.handleReceiver:2419 
I/ActivityManager( 1558): Delay finish: com.android.keychain/.KeyChainBroadcastReceiver
I/ActivityManager( 1558): Resuming delayed broadcast
I/ActivityManager( 1558): Delay finish: com.google.android.gms/.chimera.GmsIntentOperationService$PersistentTrustedReceiver
I/ActivityManager( 1558): Resuming delayed broadcast
I/ActivityManager( 1558): Delay finish: com.google.android.gms/.gass.chimera.PackageChangeBroadcastReceiver
E/AndroidRuntime(23074): FATAL EXCEPTION: AsyncTask #2
E/AndroidRuntime(23074): Process: edu.buffalo.cse.cse486586.groupmessenger2, PID: 23074
E/AndroidRuntime(23074): java.lang.RuntimeException: An error occured while executing doInBackground()
E/AndroidRuntime(23074): 	at android.os.AsyncTask$3.done(AsyncTask.java:300)
E/AndroidRuntime(23074): 	at java.util.concurrent.FutureTask.finishCompletion(FutureTask.java:355)
E/AndroidRuntime(23074): 	at java.util.concurrent.FutureTask.setException(FutureTask.java:222)
E/AndroidRuntime(23074): 	at java.util.concurrent.FutureTask.run(FutureTask.java:242)
E/AndroidRuntime(23074): 	at android.os.AsyncTask$SerialExecutor$1.run(AsyncTask.java:231)
E/AndroidRuntime(23074): 	at java.util.concurrent.ThreadPoolExecutor.runWorker(ThreadPoolExecutor.java:1112)
E/AndroidRuntime(23074): 	at java.util.concurrent.ThreadPoolExecutor$Worker.run(ThreadPoolExecutor.java:587)
E/AndroidRuntime(23074): 	at java.lang.Thread.run(Thread.java:841)
E/AndroidRuntime(23074): Caused by: java.lang.NullPointerException
E/AndroidRuntime(23074): 	at edu.buffalo.cse.cse486586.groupmessenger2.GroupMessengerActivity$ClientTask.doInBackground(GroupMessengerActivity.java:396)
E/AndroidRuntime(23074): 	at edu.buffalo.cse.cse486586.groupmessenger2.GroupMessengerActivity$ClientTask.doInBackground(GroupMessengerActivity.java:305)
E/AndroidRuntime(23074): 	at android.os.AsyncTask$2.call(AsyncTask.java:288)
E/AndroidRuntime(23074): 	at java.util.concurrent.FutureTask.run(FutureTask.java:237)
E/AndroidRuntime(23074): 	... 4 more
W/ActivityManager( 1558):   Force finishing activity edu.buffalo.cse.cse486586.groupmessenger2/.GroupMessengerActivity
W/BatteryStatsImpl( 1558): Couldn't get kernel wake lock stats
I/ActivityManager( 1558): Process edu.buffalo.cse.cse486586.groupmessenger2 (pid 23074) has died.
W/InputMethodManagerService( 1558): Got RemoteException sending setActive(false) notification to pid 23074 uid 10143
I/ActivityManager( 1558): Resuming delayed broadcast
I/ActivityManager( 1558): Delay finish: com.google.android.gms/.chimera.GmsIntentOperationService$PersistentTrustedReceiver
I/ActivityManager( 1558): Resuming delayed broadcast
I/ActivityManager( 1558): Delay finish: com.google.android.googlequicksearchbox/com.google.android.searchcommon.summons.icing.InternalIcingCorporaProvider$CorporaChangedReceiver
I/ActivityManager( 1558): Resuming delayed broadcast
I/ActivityManager( 1558): Delay finish: com.google.android.gms/.stats.service.DropBoxEntryAddedReceiver
I/ActivityManager( 1558): Resuming delayed broadcast
I/ActivityManager( 1558): Delay finish: com.google.android.gms/.chimera.GmsIntentOperationService$PersistentTrustedReceiver
I/ActivityManager( 1558): Resuming delayed broadcast
I/ActivityManager( 1558): Start proc edu.buffalo.cse.cse486586.groupmessenger2 for content provider edu.buffalo.cse.cse486586.groupmessenger2/.GroupMessengerProvider: pid=23335 uid=10143 gids={50143, 3003}
I/ProcessStatsService( 1558): Prepared write state in 3ms
I/ProcessStatsService( 1558): Prepared write state in 3ms
I/ActivityManager( 1558): Force stopping edu.buffalo.cse.cse486586.groupmessenger2 appid=10143 user=-1: uninstall pkg
I/ActivityManager( 1558): Killing 23335:edu.buffalo.cse.cse486586.groupmessenger2/u0a143 (adj 9): stop edu.buffalo.cse.cse486586.groupmessenger2
W/PackageManager( 1558): Couldn't delete native library directory /data/app-lib/edu.buffalo.cse.cse486586.groupmessenger2
I/ActivityManager( 1558): Force stopping edu.buffalo.cse.cse486586.groupmessenger2 appid=10143 user=0: pkg removed
I/PackageManager( 1558): Adding preferred activity ComponentInfo{com.android.mms/com.android.mms.ui.ComposeMessageActivity} for user 0 :
I/PackageManager( 1558): Adding preferred activity ComponentInfo{com.android.mms/com.android.mms.ui.ComposeMessageActivity} for user 0 :
I/PackageManager( 1558): Adding preferred activity ComponentInfo{com.android.mms/com.android.mms.ui.ComposeMessageActivity} for user 0 :
I/ActivityManager( 1558): Delay finish: com.android.providers.contacts/.PackageIntentReceiver
I/PackageManager( 1558): Adding preferred activity ComponentInfo{com.android.mms/com.android.mms.ui.ComposeMessageActivity} for user 0 :
D/BackupManagerService( 1558): Received broadcast Intent { act=android.intent.action.PACKAGE_REMOVED dat=package:edu.buffalo.cse.cse486586.groupmessenger2 flg=0x4000010 (has extras) }
V/BackupManagerService( 1558): removePackageParticipantsLocked: uid=10143 #1
I/PackageManager( 1558): Adding preferred activity ComponentInfo{com.android.mms/com.android.mms.ui.ComposeMessageActivity} for user 0 :
I/PackageManager( 1558): Adding preferred activity ComponentInfo{com.android.mms/com.android.mms.ui.ComposeMessageActivity} for user 0 :
I/ActivityManager( 1558): Resuming delayed broadcast
I/PackageManager( 1558): Adding preferred activity ComponentInfo{com.android.mms/com.android.mms.ui.ComposeMessageActivity} for user 0 :
I/PackageManager( 1558): Adding preferred activity ComponentInfo{com.android.mms/com.android.mms.ui.ComposeMessageActivity} for user 0 :
I/ActivityManager( 1558): Delay finish: com.google.android.gms/.chimera.GmsIntentOperationService$PersistentTrustedReceiver
W/Vold    ( 1130): Returning OperationFailed - no handler for errno 30
W/Vold    ( 1130): Returning OperationFailed - no handler for errno 30
W/Vold    ( 1130): Returning OperationFailed - no handler for errno 30
W/ActivityManager( 1558): No content provider found for permission revoke: file:///data/local/tmp/app-debug.apk
W/ActivityManager( 1558): No content provider found for permission revoke: file:///data/local/tmp/app-debug.apk
I/PackageManager( 1558): Copying native libraries to /data/app-lib/vmdl2013260437
I/ActivityManager( 1558): Force stopping edu.buffalo.cse.cse486586.groupmessenger2 appid=10144 user=-1: update pkg
I/PackageManager( 1558): Adding preferred activity ComponentInfo{com.android.mms/com.android.mms.ui.ComposeMessageActivity} for user 0 :
I/PackageManager( 1558): Adding preferred activity ComponentInfo{com.android.mms/com.android.mms.ui.ComposeMessageActivity} for user 0 :
D/BackupManagerService( 1558): Received broadcast Intent { act=android.intent.action.PACKAGE_ADDED dat=package:edu.buffalo.cse.cse486586.groupmessenger2 flg=0x4000010 (has extras) }
V/BackupManagerService( 1558): addPackageParticipantsLocked: #1
I/PackageManager( 1558): Adding preferred activity ComponentInfo{com.android.mms/com.android.mms.ui.ComposeMessageActivity} for user 0 :
I/PackageManager( 1558): Adding preferred activity ComponentInfo{com.android.mms/com.android.mms.ui.ComposeMessageActivity} for user 0 :
I/PackageManager( 1558): Adding preferred activity ComponentInfo{com.android.mms/com.android.mms.ui.ComposeMessageActivity} for user 0 :
I/PackageManager( 1558): Adding preferred activity ComponentInfo{com.android.mms/com.android.mms.ui.ComposeMessageActivity} for user 0 :
I/PackageManager( 1558): Adding preferred activity ComponentInfo{com.android.mms/com.android.mms.ui.ComposeMessageActivity} for user 0 :
I/PackageManager( 1558): Adding preferred activity ComponentInfo{com.android.mms/com.android.mms.ui.ComposeMessageActivity} for user 0 :
I/ActivityManager( 1558): Force stopping edu.buffalo.cse.cse486586.groupmessenger2 appid=10144 user=0: from pid 23657
I/ActivityManager( 1558): START u0 {act=android.intent.action.MAIN cat=[android.intent.category.LAUNCHER] flg=0x10000000 cmp=edu.buffalo.cse.cse486586.groupmessenger2/.GroupMessengerActivity} from pid 23657
I/ActivityManager( 1558): Start proc edu.buffalo.cse.cse486586.groupmessenger2 for activity edu.buffalo.cse.cse486586.groupmessenger2/.GroupMessengerActivity: pid=23668 uid=10144 gids={50144, 3003}
I/ActivityManager( 1558): Resuming delayed broadcast
I/ActivityManager( 1558): Delay finish: com.google.android.googlequicksearchbox/com.google.android.searchcommon.summons.icing.InternalIcingCorporaProvider$CorporaChangedReceiver
I/ActivityManager( 1558): Resuming delayed broadcast
W/ContextImpl( 1419): Calling a method in the system process without a qualified user: android.app.ContextImpl.startService:1479 android.content.ContextWrapper.startService:494 android.content.ContextWrapper.startService:494 com.android.keychain.KeyChainBroadcastReceiver.onReceive:12 android.app.ActivityThread.handleReceiver:2419 
I/ActivityManager( 1558): Delay finish: com.android.keychain/.KeyChainBroadcastReceiver
I/ActivityManager( 1558): Resuming delayed broadcast
I/ActivityManager( 1558): Delay finish: com.google.android.gms/.chimera.GmsIntentOperationService$PersistentTrustedReceiver
I/ActivityManager( 1558): Resuming delayed broadcast
I/ActivityManager( 1558): Delay finish: com.google.android.gms/.gass.chimera.PackageChangeBroadcastReceiver
I/ActivityManager( 1558): Resuming delayed broadcast
I/ActivityManager( 1558): Delay finish: com.google.android.gms/.chimera.GmsIntentOperationService$PersistentTrustedReceiver
I/ActivityManager( 1558): Resuming delayed broadcast
I/ActivityManager( 1558): Delay finish: com.google.android.googlequicksearchbox/com.google.android.searchcommon.summons.icing.InternalIcingCorporaProvider$CorporaChangedReceiver
I/ActivityManager( 1558): Resuming delayed broadcast
E/AndroidRuntime(23668): FATAL EXCEPTION: AsyncTask #3
E/AndroidRuntime(23668): Process: edu.buffalo.cse.cse486586.groupmessenger2, PID: 23668
E/AndroidRuntime(23668): java.lang.RuntimeException: An error occured while executing doInBackground()
E/AndroidRuntime(23668): 	at android.os.AsyncTask$3.done(AsyncTask.java:300)
E/AndroidRuntime(23668): 	at java.util.concurrent.FutureTask.finishCompletion(FutureTask.java:355)
E/AndroidRuntime(23668): 	at java.util.concurrent.FutureTask.setException(FutureTask.java:222)
E/AndroidRuntime(23668): 	at java.util.concurrent.FutureTask.run(FutureTask.java:242)
E/AndroidRuntime(23668): 	at android.os.AsyncTask$SerialExecutor$1.run(AsyncTask.java:231)
E/AndroidRuntime(23668): 	at java.util.concurrent.ThreadPoolExecutor.runWorker(ThreadPoolExecutor.java:1112)
E/AndroidRuntime(23668): 	at java.util.concurrent.ThreadPoolExecutor$Worker.run(ThreadPoolExecutor.java:587)
E/AndroidRuntime(23668): 	at java.lang.Thread.run(Thread.java:841)
E/AndroidRuntime(23668): Caused by: java.lang.NullPointerException
E/AndroidRuntime(23668): 	at edu.buffalo.cse.cse486586.groupmessenger2.GroupMessengerActivity$ClientTask.doInBackground(GroupMessengerActivity.java:396)
E/AndroidRuntime(23668): 	at edu.buffalo.cse.cse486586.groupmessenger2.GroupMessengerActivity$ClientTask.doInBackground(GroupMessengerActivity.java:305)
E/AndroidRuntime(23668): 	at android.os.AsyncTask$2.call(AsyncTask.java:288)
E/AndroidRuntime(23668): 	at java.util.concurrent.FutureTask.run(FutureTask.java:237)
E/AndroidRuntime(23668): 	... 4 more
W/ActivityManager( 1558):   Force finishing activity edu.buffalo.cse.cse486586.groupmessenger2/.GroupMessengerActivity
I/ActivityManager( 1558): Delay finish: com.google.android.gms/.stats.service.DropBoxEntryAddedReceiver
I/ActivityManager( 1558): Resuming delayed broadcast
I/ActivityManager( 1558): Delay finish: com.google.android.gms/.chimera.GmsIntentOperationService$PersistentTrustedReceiver
I/ActivityManager( 1558): Process edu.buffalo.cse.cse486586.groupmessenger2 (pid 23668) has died.
W/InputMethodManagerService( 1558): Got RemoteException sending setActive(false) notification to pid 23668 uid 10144
I/ActivityManager( 1558): Start proc edu.buffalo.cse.cse486586.groupmessenger2 for content provider edu.buffalo.cse.cse486586.groupmessenger2/.GroupMessengerProvider: pid=24181 uid=10144 gids={50144, 3003}
I/ActivityManager( 1558): Resuming delayed broadcast
D/ConnectivityService( 1558): Sampling interval elapsed, updating statistics ..
D/ConnectivityService( 1558): Done.
D/ConnectivityService( 1558): Setting timer for 720seconds
I/ActivityManager( 1558): Delay finish: com.google.android.gms/.stats.service.DropBoxEntryAddedReceiver
I/ActivityManager( 1558): Resuming delayed broadcast
I/ActivityManager( 1558): Delay finish: com.google.android.gms/.chimera.GmsIntentOperationService$PersistentTrustedReceiver
I/ActivityManager( 1558): Resuming delayed broadcast
I/ActivityManager( 1558): Force stopping edu.buffalo.cse.cse486586.groupmessenger2 appid=10144 user=-1: uninstall pkg
I/ActivityManager( 1558): Killing 24181:edu.buffalo.cse.cse486586.groupmessenger2/u0a144 (adj 11): stop edu.buffalo.cse.cse486586.groupmessenger2
W/PackageManager( 1558): Couldn't delete native library directory /data/app-lib/edu.buffalo.cse.cse486586.groupmessenger2
I/ActivityManager( 1558): Force stopping edu.buffalo.cse.cse486586.groupmessenger2 appid=10144 user=0: pkg removed
I/PackageManager( 1558): Adding preferred activity ComponentInfo{com.android.mms/com.android.mms.ui.ComposeMessageActivity} for user 0 :
I/PackageManager( 1558): Adding preferred activity ComponentInfo{com.android.mms/com.android.mms.ui.ComposeMessageActivity} for user 0 :
I/ActivityManager( 1558): Delay finish: com.android.providers.contacts/.PackageIntentReceiver
I/PackageManager( 1558): Adding preferred activity ComponentInfo{com.android.mms/com.android.mms.ui.ComposeMessageActivity} for user 0 :
D/BackupManagerService( 1558): Received broadcast Intent { act=android.intent.action.PACKAGE_REMOVED dat=package:edu.buffalo.cse.cse486586.groupmessenger2 flg=0x4000010 (has extras) }
V/BackupManagerService( 1558): removePackageParticipantsLocked: uid=10144 #1
I/PackageManager( 1558): Adding preferred activity ComponentInfo{com.android.mms/com.android.mms.ui.ComposeMessageActivity} for user 0 :
I/ActivityManager( 1558): Resuming delayed broadcast
I/PackageManager( 1558): Adding preferred activity ComponentInfo{com.android.mms/com.android.mms.ui.ComposeMessageActivity} for user 0 :
I/PackageManager( 1558): Adding preferred activity ComponentInfo{com.android.mms/com.android.mms.ui.ComposeMessageActivity} for user 0 :
I/PackageManager( 1558): Adding preferred activity ComponentInfo{com.android.mms/com.android.mms.ui.ComposeMessageActivity} for user 0 :
I/PackageManager( 1558): Adding preferred activity ComponentInfo{com.android.mms/com.android.mms.ui.ComposeMessageActivity} for user 0 :
I/ActivityManager( 1558): Delay finish: com.google.android.gms/.chimera.GmsIntentOperationService$PersistentTrustedReceiver
W/Vold    ( 1130): Returning OperationFailed - no handler for errno 30
W/Vold    ( 1130): Returning OperationFailed - no handler for errno 30
W/Vold    ( 1130): Returning OperationFailed - no handler for errno 30
W/ActivityManager( 1558): No content provider found for permission revoke: file:///data/local/tmp/app-debug.apk
W/ActivityManager( 1558): No content provider found for permission revoke: file:///data/local/tmp/app-debug.apk
I/PackageManager( 1558): Copying native libraries to /data/app-lib/vmdl-1898184731
I/ActivityManager( 1558): Force stopping edu.buffalo.cse.cse486586.groupmessenger2 appid=10145 user=-1: update pkg
I/PackageManager( 1558): Adding preferred activity ComponentInfo{com.android.mms/com.android.mms.ui.ComposeMessageActivity} for user 0 :
I/PackageManager( 1558): Adding preferred activity ComponentInfo{com.android.mms/com.android.mms.ui.ComposeMessageActivity} for user 0 :
I/PackageManager( 1558): Adding preferred activity ComponentInfo{com.android.mms/com.android.mms.ui.ComposeMessageActivity} for user 0 :
D/BackupManagerService( 1558): Received broadcast Intent { act=android.intent.action.PACKAGE_ADDED dat=package:edu.buffalo.cse.cse486586.groupmessenger2 flg=0x4000010 (has extras) }
V/BackupManagerService( 1558): addPackageParticipantsLocked: #1
I/PackageManager( 1558): Adding preferred activity ComponentInfo{com.android.mms/com.android.mms.ui.ComposeMessageActivity} for user 0 :
I/PackageManager( 1558): Adding preferred activity ComponentInfo{com.android.mms/com.android.mms.ui.ComposeMessageActivity} for user 0 :
I/PackageManager( 1558): Adding preferred activity ComponentInfo{com.android.mms/com.android.mms.ui.ComposeMessageActivity} for user 0 :
I/PackageManager( 1558): Adding preferred activity ComponentInfo{com.android.mms/com.android.mms.ui.ComposeMessageActivity} for user 0 :
I/PackageManager( 1558): Adding preferred activity ComponentInfo{com.android.mms/com.android.mms.ui.ComposeMessageActivity} for user 0 :
I/ActivityManager( 1558): Force stopping edu.buffalo.cse.cse486586.groupmessenger2 appid=10145 user=0: from pid 24296
I/ActivityManager( 1558): START u0 {act=android.intent.action.MAIN cat=[android.intent.category.LAUNCHER] flg=0x10000000 cmp=edu.buffalo.cse.cse486586.groupmessenger2/.GroupMessengerActivity} from pid 24296
I/ActivityManager( 1558): Start proc edu.buffalo.cse.cse486586.groupmessenger2 for activity edu.buffalo.cse.cse486586.groupmessenger2/.GroupMessengerActivity: pid=24307 uid=10145 gids={50145, 3003}
I/ActivityManager( 1558): Resuming delayed broadcast
I/ActivityManager( 1558): Delay finish: com.google.android.googlequicksearchbox/com.google.android.searchcommon.summons.icing.InternalIcingCorporaProvider$CorporaChangedReceiver
I/ActivityManager( 1558): Resuming delayed broadcast
W/ContextImpl( 1419): Calling a method in the system process without a qualified user: android.app.ContextImpl.startService:1479 android.content.ContextWrapper.startService:494 android.content.ContextWrapper.startService:494 com.android.keychain.KeyChainBroadcastReceiver.onReceive:12 android.app.ActivityThread.handleReceiver:2419 
I/ActivityManager( 1558): Delay finish: com.android.keychain/.KeyChainBroadcastReceiver
I/ActivityManager( 1558): Resuming delayed broadcast
I/ActivityManager( 1558): Delay finish: com.google.android.gms/.chimera.GmsIntentOperationService$PersistentTrustedReceiver
I/ActivityManager( 1558): Force stopping edu.buffalo.cse.cse486586.groupmessenger2 appid=10145 user=0: from pid 24409
I/ActivityManager( 1558): Killing 24307:edu.buffalo.cse.cse486586.groupmessenger2/u0a145 (adj 0): stop edu.buffalo.cse.cse486586.groupmessenger2
W/ActivityManager( 1558): Force removing ActivityRecord{afacf8a8 u0 edu.buffalo.cse.cse486586.groupmessenger2/.GroupMessengerActivity t94}: app died, no saved state
I/WindowState( 1558): WIN DEATH: Window{affe0f28 u0 edu.buffalo.cse.cse486586.groupmessenger2/edu.buffalo.cse.cse486586.groupmessenger2.GroupMessengerActivity}
W/InputMethodManagerService( 1558): Got RemoteException sending setActive(false) notification to pid 24307 uid 10145
I/ActivityManager( 1558): Resuming delayed broadcast
I/ActivityManager( 1558): Delay finish: com.google.android.gms/.gass.chimera.PackageChangeBroadcastReceiver
I/ActivityManager( 1558): Resuming delayed broadcast
I/ActivityManager( 1558): Delay finish: com.google.android.gms/.chimera.GmsIntentOperationService$PersistentTrustedReceiver
I/ActivityManager( 1558): Resuming delayed broadcast
I/ActivityManager( 1558): Delay finish: com.google.android.googlequicksearchbox/com.google.android.searchcommon.summons.icing.InternalIcingCorporaProvider$CorporaChangedReceiver
I/ActivityManager( 1558): Resuming delayed broadcast
I/ActivityManager( 1558): Start proc edu.buffalo.cse.cse486586.groupmessenger2 for content provider edu.buffalo.cse.cse486586.groupmessenger2/.GroupMessengerProvider: pid=24452 uid=10145 gids={50145, 3003}
I/ActivityManager( 1558): Force stopping edu.buffalo.cse.cse486586.groupmessenger2 appid=10145 user=-1: uninstall pkg
I/ActivityManager( 1558): Killing 24452:edu.buffalo.cse.cse486586.groupmessenger2/u0a145 (adj 9): stop edu.buffalo.cse.cse486586.groupmessenger2
W/PackageManager( 1558): Couldn't delete native library directory /data/app-lib/edu.buffalo.cse.cse486586.groupmessenger2
I/ActivityManager( 1558): Force stopping edu.buffalo.cse.cse486586.groupmessenger2 appid=10145 user=0: pkg removed
I/ActivityManager( 1558): Delay finish: com.android.providers.contacts/.PackageIntentReceiver
I/PackageManager( 1558): Adding preferred activity ComponentInfo{com.android.mms/com.android.mms.ui.ComposeMessageActivity} for user 0 :
I/PackageManager( 1558): Adding preferred activity ComponentInfo{com.android.mms/com.android.mms.ui.ComposeMessageActivity} for user 0 :
I/PackageManager( 1558): Adding preferred activity ComponentInfo{com.android.mms/com.android.mms.ui.ComposeMessageActivity} for user 0 :
D/BackupManagerService( 1558): Received broadcast Intent { act=android.intent.action.PACKAGE_REMOVED dat=package:edu.buffalo.cse.cse486586.groupmessenger2 flg=0x4000010 (has extras) }
V/BackupManagerService( 1558): removePackageParticipantsLocked: uid=10145 #1
I/PackageManager( 1558): Adding preferred activity ComponentInfo{com.android.mms/com.android.mms.ui.ComposeMessageActivity} for user 0 :
I/ActivityManager( 1558): Resuming delayed broadcast
I/PackageManager( 1558): Adding preferred activity ComponentInfo{com.android.mms/com.android.mms.ui.ComposeMessageActivity} for user 0 :
I/PackageManager( 1558): Adding preferred activity ComponentInfo{com.android.mms/com.android.mms.ui.ComposeMessageActivity} for user 0 :
I/ActivityManager( 1558): Delay finish: com.google.android.gms/.chimera.GmsIntentOperationService$PersistentTrustedReceiver
I/PackageManager( 1558): Adding preferred activity ComponentInfo{com.android.mms/com.android.mms.ui.ComposeMessageActivity} for user 0 :
I/PackageManager( 1558): Adding preferred activity ComponentInfo{com.android.mms/com.android.mms.ui.ComposeMessageActivity} for user 0 :
W/Vold    ( 1130): Returning OperationFailed - no handler for errno 30
W/Vold    ( 1130): Returning OperationFailed - no handler for errno 30
W/Vold    ( 1130): Returning OperationFailed - no handler for errno 30
W/ActivityManager( 1558): No content provider found for permission revoke: file:///data/local/tmp/app-debug.apk
W/ActivityManager( 1558): No content provider found for permission revoke: file:///data/local/tmp/app-debug.apk
I/PackageManager( 1558): Copying native libraries to /data/app-lib/vmdl-918025181
I/ActivityManager( 1558): Force stopping edu.buffalo.cse.cse486586.groupmessenger2 appid=10146 user=-1: update pkg
I/PackageManager( 1558): Adding preferred activity ComponentInfo{com.android.mms/com.android.mms.ui.ComposeMessageActivity} for user 0 :
I/PackageManager( 1558): Adding preferred activity ComponentInfo{com.android.mms/com.android.mms.ui.ComposeMessageActivity} for user 0 :
D/BackupManagerService( 1558): Received broadcast Intent { act=android.intent.action.PACKAGE_ADDED dat=package:edu.buffalo.cse.cse486586.groupmessenger2 flg=0x4000010 (has extras) }
V/BackupManagerService( 1558): addPackageParticipantsLocked: #1
I/PackageManager( 1558): Adding preferred activity ComponentInfo{com.android.mms/com.android.mms.ui.ComposeMessageActivity} for user 0 :
I/PackageManager( 1558): Adding preferred activity ComponentInfo{com.android.mms/com.android.mms.ui.ComposeMessageActivity} for user 0 :
I/PackageManager( 1558): Adding preferred activity ComponentInfo{com.android.mms/com.android.mms.ui.ComposeMessageActivity} for user 0 :
I/PackageManager( 1558): Adding preferred activity ComponentInfo{com.android.mms/com.android.mms.ui.ComposeMessageActivity} for user 0 :
I/PackageManager( 1558): Adding preferred activity ComponentInfo{com.android.mms/com.android.mms.ui.ComposeMessageActivity} for user 0 :
I/PackageManager( 1558): Adding preferred activity ComponentInfo{com.android.mms/com.android.mms.ui.ComposeMessageActivity} for user 0 :
I/ActivityManager( 1558): Force stopping edu.buffalo.cse.cse486586.groupmessenger2 appid=10146 user=0: from pid 24816
I/ActivityManager( 1558): START u0 {act=android.intent.action.MAIN cat=[android.intent.category.LAUNCHER] flg=0x10000000 cmp=edu.buffalo.cse.cse486586.groupmessenger2/.GroupMessengerActivity} from pid 24816
I/ActivityManager( 1558): Start proc edu.buffalo.cse.cse486586.groupmessenger2 for activity edu.buffalo.cse.cse486586.groupmessenger2/.GroupMessengerActivity: pid=24827 uid=10146 gids={50146, 3003}
I/ActivityManager( 1558): Resuming delayed broadcast
I/ActivityManager( 1558): Delay finish: com.google.android.googlequicksearchbox/com.google.android.searchcommon.summons.icing.InternalIcingCorporaProvider$CorporaChangedReceiver
I/ActivityManager( 1558): Resuming delayed broadcast
W/ContextImpl( 1419): Calling a method in the system process without a qualified user: android.app.ContextImpl.startService:1479 android.content.ContextWrapper.startService:494 android.content.ContextWrapper.startService:494 com.android.keychain.KeyChainBroadcastReceiver.onReceive:12 android.app.ActivityThread.handleReceiver:2419 
I/ActivityManager( 1558): Delay finish: com.android.keychain/.KeyChainBroadcastReceiver
I/ActivityManager( 1558): Resuming delayed broadcast
I/ActivityManager( 1558): Delay finish: com.google.android.gms/.chimera.GmsIntentOperationService$PersistentTrustedReceiver
I/ActivityManager( 1558): Resuming delayed broadcast
I/ActivityManager( 1558): Delay finish: com.google.android.gms/.gass.chimera.PackageChangeBroadcastReceiver
I/ActivityManager( 1558): Resuming delayed broadcast
I/ActivityManager( 1558): Delay finish: com.google.android.gms/.chimera.GmsIntentOperationService$PersistentTrustedReceiver
I/ActivityManager( 1558): Resuming delayed broadcast
I/ActivityManager( 1558): Delay finish: com.google.android.googlequicksearchbox/com.google.android.searchcommon.summons.icing.InternalIcingCorporaProvider$CorporaChangedReceiver
I/ActivityManager( 1558): Resuming delayed broadcast
I/ActivityManager( 1558): Force stopping edu.buffalo.cse.cse486586.groupmessenger2 appid=10146 user=-1: uninstall pkg
I/ActivityManager( 1558): Killing 24827:edu.buffalo.cse.cse486586.groupmessenger2/u0a146 (adj 0): stop edu.buffalo.cse.cse486586.groupmessenger2
W/ActivityManager( 1558): Force removing ActivityRecord{afabea48 u0 edu.buffalo.cse.cse486586.groupmessenger2/.GroupMessengerActivity t95}: app died, no saved state
W/PackageManager( 1558): Couldn't delete native library directory /data/app-lib/edu.buffalo.cse.cse486586.groupmessenger2
I/WindowState( 1558): WIN DEATH: Window{b00a4ec8 u0 edu.buffalo.cse.cse486586.groupmessenger2/edu.buffalo.cse.cse486586.groupmessenger2.GroupMessengerActivity}
I/ActivityManager( 1558): Force stopping edu.buffalo.cse.cse486586.groupmessenger2 appid=10146 user=0: pkg removed
I/PackageManager( 1558): Adding preferred activity ComponentInfo{com.android.mms/com.android.mms.ui.ComposeMessageActivity} for user 0 :
I/PackageManager( 1558): Adding preferred activity ComponentInfo{com.android.mms/com.android.mms.ui.ComposeMessageActivity} for user 0 :
D/BackupManagerService( 1558): Received broadcast Intent { act=android.intent.action.PACKAGE_REMOVED dat=package:edu.buffalo.cse.cse486586.groupmessenger2 flg=0x4000010 (has extras) }
V/BackupManagerService( 1558): removePackageParticipantsLocked: uid=10146 #1
I/ActivityManager( 1558): Delay finish: com.android.providers.contacts/.PackageIntentReceiver
I/PackageManager( 1558): Adding preferred activity ComponentInfo{com.android.mms/com.android.mms.ui.ComposeMessageActivity} for user 0 :
I/PackageManager( 1558): Adding preferred activity ComponentInfo{com.android.mms/com.android.mms.ui.ComposeMessageActivity} for user 0 :
I/PackageManager( 1558): Adding preferred activity ComponentInfo{com.android.mms/com.android.mms.ui.ComposeMessageActivity} for user 0 :
I/ActivityManager( 1558): Resuming delayed broadcast
I/PackageManager( 1558): Adding preferred activity ComponentInfo{com.android.mms/com.android.mms.ui.ComposeMessageActivity} for user 0 :
W/InputMethodManagerService( 1558): Got RemoteException sending setActive(false) notification to pid 24827 uid 10146
I/PackageManager( 1558): Adding preferred activity ComponentInfo{com.android.mms/com.android.mms.ui.ComposeMessageActivity} for user 0 :
I/PackageManager( 1558): Adding preferred activity ComponentInfo{com.android.mms/com.android.mms.ui.ComposeMessageActivity} for user 0 :
I/ActivityManager( 1558): Delay finish: com.google.android.gms/.chimera.GmsIntentOperationService$PersistentTrustedReceiver
W/Vold    ( 1130): Returning OperationFailed - no handler for errno 30
W/Vold    ( 1130): Returning OperationFailed - no handler for errno 30
W/Vold    ( 1130): Returning OperationFailed - no handler for errno 30
W/ActivityManager( 1558): No content provider found for permission revoke: file:///data/local/tmp/app-debug.apk
W/ActivityManager( 1558): No content provider found for permission revoke: file:///data/local/tmp/app-debug.apk
I/PackageManager( 1558): Copying native libraries to /data/app-lib/vmdl-1567154344
I/ActivityManager( 1558): Force stopping edu.buffalo.cse.cse486586.groupmessenger2 appid=10147 user=-1: update pkg
I/PackageManager( 1558): Adding preferred activity ComponentInfo{com.android.mms/com.android.mms.ui.ComposeMessageActivity} for user 0 :
I/PackageManager( 1558): Adding preferred activity ComponentInfo{com.android.mms/com.android.mms.ui.ComposeMessageActivity} for user 0 :
I/PackageManager( 1558): Adding preferred activity ComponentInfo{com.android.mms/com.android.mms.ui.ComposeMessageActivity} for user 0 :
I/PackageManager( 1558): Adding preferred activity ComponentInfo{com.android.mms/com.android.mms.ui.ComposeMessageActivity} for user 0 :
D/BackupManagerService( 1558): Received broadcast Intent { act=android.intent.action.PACKAGE_ADDED dat=package:edu.buffalo.cse.cse486586.groupmessenger2 flg=0x4000010 (has extras) }
V/BackupManagerService( 1558): addPackageParticipantsLocked: #1
I/PackageManager( 1558): Adding preferred activity ComponentInfo{com.android.mms/com.android.mms.ui.ComposeMessageActivity} for user 0 :
I/PackageManager( 1558): Adding preferred activity ComponentInfo{com.android.mms/com.android.mms.ui.ComposeMessageActivity} for user 0 :
I/PackageManager( 1558): Adding preferred activity ComponentInfo{com.android.mms/com.android.mms.ui.ComposeMessageActivity} for user 0 :
I/PackageManager( 1558): Adding preferred activity ComponentInfo{com.android.mms/com.android.mms.ui.ComposeMessageActivity} for user 0 :
I/ActivityManager( 1558): Force stopping edu.buffalo.cse.cse486586.groupmessenger2 appid=10147 user=0: from pid 25414
I/ActivityManager( 1558): START u0 {act=android.intent.action.MAIN cat=[android.intent.category.LAUNCHER] flg=0x10000000 cmp=edu.buffalo.cse.cse486586.groupmessenger2/.GroupMessengerActivity} from pid 25414
I/ActivityManager( 1558): Start proc edu.buffalo.cse.cse486586.groupmessenger2 for activity edu.buffalo.cse.cse486586.groupmessenger2/.GroupMessengerActivity: pid=25425 uid=10147 gids={50147, 3003}
I/ActivityManager( 1558): Resuming delayed broadcast
I/ActivityManager( 1558): Delay finish: com.google.android.googlequicksearchbox/com.google.android.searchcommon.summons.icing.InternalIcingCorporaProvider$CorporaChangedReceiver
I/ActivityManager( 1558): Resuming delayed broadcast
W/ContextImpl( 1419): Calling a method in the system process without a qualified user: android.app.ContextImpl.startService:1479 android.content.ContextWrapper.startService:494 android.content.ContextWrapper.startService:494 com.android.keychain.KeyChainBroadcastReceiver.onReceive:12 android.app.ActivityThread.handleReceiver:2419 
I/ActivityManager( 1558): Delay finish: com.android.keychain/.KeyChainBroadcastReceiver
I/ActivityManager( 1558): Resuming delayed broadcast
I/ActivityManager( 1558): Delay finish: com.google.android.gms/.chimera.GmsIntentOperationService$PersistentTrustedReceiver
I/ActivityManager( 1558): Resuming delayed broadcast
I/ActivityManager( 1558): Delay finish: com.google.android.gms/.gass.chimera.PackageChangeBroadcastReceiver
I/ActivityManager( 1558): Resuming delayed broadcast
I/ActivityManager( 1558): Delay finish: com.google.android.gms/.chimera.GmsIntentOperationService$PersistentTrustedReceiver
I/ActivityManager( 1558): Resuming delayed broadcast
I/ActivityManager( 1558): Delay finish: com.google.android.googlequicksearchbox/com.google.android.searchcommon.summons.icing.InternalIcingCorporaProvider$CorporaChangedReceiver
I/ActivityManager( 1558): Resuming delayed broadcast
I/ActivityManager( 1558): Force stopping edu.buffalo.cse.cse486586.groupmessenger2 appid=10147 user=-1: uninstall pkg
I/ActivityManager( 1558): Killing 25425:edu.buffalo.cse.cse486586.groupmessenger2/u0a147 (adj 0): stop edu.buffalo.cse.cse486586.groupmessenger2
W/ActivityManager( 1558): Force removing ActivityRecord{afabea48 u0 edu.buffalo.cse.cse486586.groupmessenger2/.GroupMessengerActivity t96}: app died, no saved state
I/WindowState( 1558): WIN DEATH: Window{afcfc840 u0 edu.buffalo.cse.cse486586.groupmessenger2/edu.buffalo.cse.cse486586.groupmessenger2.GroupMessengerActivity}
W/PackageManager( 1558): Couldn't delete native library directory /data/app-lib/edu.buffalo.cse.cse486586.groupmessenger2
I/ActivityManager( 1558): Force stopping edu.buffalo.cse.cse486586.groupmessenger2 appid=10147 user=0: pkg removed
I/ActivityManager( 1558): Delay finish: com.android.providers.contacts/.PackageIntentReceiver
I/PackageManager( 1558): Adding preferred activity ComponentInfo{com.android.mms/com.android.mms.ui.ComposeMessageActivity} for user 0 :
D/BackupManagerService( 1558): Received broadcast Intent { act=android.intent.action.PACKAGE_REMOVED dat=package:edu.buffalo.cse.cse486586.groupmessenger2 flg=0x4000010 (has extras) }
V/BackupManagerService( 1558): removePackageParticipantsLocked: uid=10147 #1
I/PackageManager( 1558): Adding preferred activity ComponentInfo{com.android.mms/com.android.mms.ui.ComposeMessageActivity} for user 0 :
W/InputMethodManagerService( 1558): Got RemoteException sending setActive(false) notification to pid 25425 uid 10147
I/PackageManager( 1558): Adding preferred activity ComponentInfo{com.android.mms/com.android.mms.ui.ComposeMessageActivity} for user 0 :
I/ActivityManager( 1558): Resuming delayed broadcast
I/PackageManager( 1558): Adding preferred activity ComponentInfo{com.android.mms/com.android.mms.ui.ComposeMessageActivity} for user 0 :
I/PackageManager( 1558): Adding preferred activity ComponentInfo{com.android.mms/com.android.mms.ui.ComposeMessageActivity} for user 0 :
I/PackageManager( 1558): Adding preferred activity ComponentInfo{com.android.mms/com.android.mms.ui.ComposeMessageActivity} for user 0 :
I/PackageManager( 1558): Adding preferred activity ComponentInfo{com.android.mms/com.android.mms.ui.ComposeMessageActivity} for user 0 :
I/PackageManager( 1558): Adding preferred activity ComponentInfo{com.android.mms/com.android.mms.ui.ComposeMessageActivity} for user 0 :
I/ActivityManager( 1558): Delay finish: com.google.android.gms/.chimera.GmsIntentOperationService$PersistentTrustedReceiver
W/Vold    ( 1130): Returning OperationFailed - no handler for errno 30
W/Vold    ( 1130): Returning OperationFailed - no handler for errno 30
W/Vold    ( 1130): Returning OperationFailed - no handler for errno 30
W/ActivityManager( 1558): No content provider found for permission revoke: file:///data/local/tmp/app-debug.apk
W/ActivityManager( 1558): No content provider found for permission revoke: file:///data/local/tmp/app-debug.apk
I/PackageManager( 1558): Copying native libraries to /data/app-lib/vmdl528811251
I/ActivityManager( 1558): Force stopping edu.buffalo.cse.cse486586.groupmessenger2 appid=10148 user=-1: update pkg
I/PackageManager( 1558): Adding preferred activity ComponentInfo{com.android.mms/com.android.mms.ui.ComposeMessageActivity} for user 0 :
I/PackageManager( 1558): Adding preferred activity ComponentInfo{com.android.mms/com.android.mms.ui.ComposeMessageActivity} for user 0 :
I/PackageManager( 1558): Adding preferred activity ComponentInfo{com.android.mms/com.android.mms.ui.ComposeMessageActivity} for user 0 :
D/BackupManagerService( 1558): Received broadcast Intent { act=android.intent.action.PACKAGE_ADDED dat=package:edu.buffalo.cse.cse486586.groupmessenger2 flg=0x4000010 (has extras) }
V/BackupManagerService( 1558): addPackageParticipantsLocked: #1
I/PackageManager( 1558): Adding preferred activity ComponentInfo{com.android.mms/com.android.mms.ui.ComposeMessageActivity} for user 0 :
I/PackageManager( 1558): Adding preferred activity ComponentInfo{com.android.mms/com.android.mms.ui.ComposeMessageActivity} for user 0 :
I/PackageManager( 1558): Adding preferred activity ComponentInfo{com.android.mms/com.android.mms.ui.ComposeMessageActivity} for user 0 :
I/PackageManager( 1558): Adding preferred activity ComponentInfo{com.android.mms/com.android.mms.ui.ComposeMessageActivity} for user 0 :
I/PackageManager( 1558): Adding preferred activity ComponentInfo{com.android.mms/com.android.mms.ui.ComposeMessageActivity} for user 0 :
I/ActivityManager( 1558): Force stopping edu.buffalo.cse.cse486586.groupmessenger2 appid=10148 user=0: from pid 26008
I/ActivityManager( 1558): START u0 {act=android.intent.action.MAIN cat=[android.intent.category.LAUNCHER] flg=0x10000000 cmp=edu.buffalo.cse.cse486586.groupmessenger2/.GroupMessengerActivity} from pid 26008
I/ActivityManager( 1558): Start proc edu.buffalo.cse.cse486586.groupmessenger2 for activity edu.buffalo.cse.cse486586.groupmessenger2/.GroupMessengerActivity: pid=26019 uid=10148 gids={50148, 3003}
I/ActivityManager( 1558): Resuming delayed broadcast
I/ActivityManager( 1558): Delay finish: com.google.android.googlequicksearchbox/com.google.android.searchcommon.summons.icing.InternalIcingCorporaProvider$CorporaChangedReceiver
I/ActivityManager( 1558): Resuming delayed broadcast
W/ContextImpl( 1419): Calling a method in the system process without a qualified user: android.app.ContextImpl.startService:1479 android.content.ContextWrapper.startService:494 android.content.ContextWrapper.startService:494 com.android.keychain.KeyChainBroadcastReceiver.onReceive:12 android.app.ActivityThread.handleReceiver:2419 
I/ActivityManager( 1558): Delay finish: com.android.keychain/.KeyChainBroadcastReceiver
I/ActivityManager( 1558): Resuming delayed broadcast
I/ActivityManager( 1558): Delay finish: com.google.android.gms/.chimera.GmsIntentOperationService$PersistentTrustedReceiver
I/ActivityManager( 1558): Resuming delayed broadcast
I/ActivityManager( 1558): Delay finish: com.google.android.gms/.gass.chimera.PackageChangeBroadcastReceiver
I/ActivityManager( 1558): Force stopping edu.buffalo.cse.cse486586.groupmessenger2 appid=10148 user=0: from pid 26243
I/ActivityManager( 1558): Killing 26019:edu.buffalo.cse.cse486586.groupmessenger2/u0a148 (adj 0): stop edu.buffalo.cse.cse486586.groupmessenger2
W/ActivityManager( 1558): Force removing ActivityRecord{afbac270 u0 edu.buffalo.cse.cse486586.groupmessenger2/.GroupMessengerActivity t97}: app died, no saved state
I/WindowState( 1558): WIN DEATH: Window{affe83a0 u0 edu.buffalo.cse.cse486586.groupmessenger2/edu.buffalo.cse.cse486586.groupmessenger2.GroupMessengerActivity}
W/InputMethodManagerService( 1558): Got RemoteException sending setActive(false) notification to pid 26019 uid 10148
I/ActivityManager( 1558): Resuming delayed broadcast
I/ActivityManager( 1558): Delay finish: com.google.android.gms/.chimera.GmsIntentOperationService$PersistentTrustedReceiver
I/ActivityManager( 1558): Resuming delayed broadcast
I/ActivityManager( 1558): Delay finish: com.google.android.googlequicksearchbox/com.google.android.searchcommon.summons.icing.InternalIcingCorporaProvider$CorporaChangedReceiver
