I/PackageManager( 1558): Adding preferred activity ComponentInfo{com.android.mms/com.android.mms.ui.ComposeMessageActivity} for user 0 :
I/PackageManager( 1558): Adding preferred activity ComponentInfo{com.android.mms/com.android.mms.ui.ComposeMessageActivity} for user 0 :
I/PackageManager( 1558): Adding preferred activity ComponentInfo{com.android.mms/com.android.mms.ui.ComposeMessageActivity} for user 0 :
I/PackageManager( 1558): Adding preferred activity ComponentInfo{com.android.mms/com.android.mms.ui.ComposeMessageActivity} for user 0 :
I/PackageManager( 1558): Adding preferred activity ComponentInfo{com.android.mms/com.android.mms.ui.ComposeMessageActivity} for user 0 :
I/ActivityManager( 1558): Force stopping edu.buffalo.cse.cse486586.groupmessenger2 appid=10127 user=0: from pid 13655
I/ActivityManager( 1558): START u0 {act=android.intent.action.MAIN cat=[android.intent.category.LAUNCHER] flg=0x10000000 cmp=edu.buffalo.cse.cse486586.groupmessenger2/.GroupMessengerActivity} from pid 13655
I/ActivityManager( 1558): Start proc edu.buffalo.cse.cse486586.groupmessenger2 for activity edu.buffalo.cse.cse486586.groupmessenger2/.GroupMessengerActivity: pid=13666 uid=10127 gids={50127, 3003}
I/ActivityManager( 1558): Resuming delayed broadcast
I/ActivityManager( 1558): Delay finish: com.google.android.googlequicksearchbox/com.google.android.searchcommon.summons.icing.InternalIcingCorporaProvider$CorporaChangedReceiver
I/ActivityManager( 1558): Resuming delayed broadcast
W/ContextImpl( 1419): Calling a method in the system process without a qualified user: android.app.ContextImpl.startService:1479 android.content.ContextWrapper.startService:494 android.content.ContextWrapper.startService:494 com.android.keychain.KeyChainBroadcastReceiver.onReceive:12 android.app.ActivityThread.handleReceiver:2419 
I/ActivityManager( 1558): Delay finish: com.android.keychain/.KeyChainBroadcastReceiver
I/ActivityManager( 1558): Resuming delayed broadcast
I/ActivityManager( 1558): Delay finish: com.google.android.gms/.chimera.GmsIntentOperationService$PersistentTrustedReceiver
I/ActivityManager( 1558): Resuming delayed broadcast
I/ActivityManager( 1558): Delay finish: com.google.android.gms/.gass.chimera.PackageChangeBroadcastReceiver
I/ActivityManager( 1558): Resuming delayed broadcast
I/ActivityManager( 1558): Delay finish: com.google.android.gms/.chimera.GmsIntentOperationService$PersistentTrustedReceiver
I/ActivityManager( 1558): Resuming delayed broadcast
I/ActivityManager( 1558): Delay finish: com.google.android.googlequicksearchbox/com.google.android.searchcommon.summons.icing.InternalIcingCorporaProvider$CorporaChangedReceiver
I/ActivityManager( 1558): Resuming delayed broadcast
I/ActivityManager( 1558): Force stopping edu.buffalo.cse.cse486586.groupmessenger2 appid=10127 user=-1: uninstall pkg
I/ActivityManager( 1558): Killing 13666:edu.buffalo.cse.cse486586.groupmessenger2/u0a127 (adj 0): stop edu.buffalo.cse.cse486586.groupmessenger2
W/ActivityManager( 1558): Force removing ActivityRecord{afc1b790 u0 edu.buffalo.cse.cse486586.groupmessenger2/.GroupMessengerActivity t76}: app died, no saved state
W/PackageManager( 1558): Couldn't delete native library directory /data/app-lib/edu.buffalo.cse.cse486586.groupmessenger2
I/WindowState( 1558): WIN DEATH: Window{b029e9a8 u0 edu.buffalo.cse.cse486586.groupmessenger2/edu.buffalo.cse.cse486586.groupmessenger2.GroupMessengerActivity}
I/ActivityManager( 1558): Force stopping edu.buffalo.cse.cse486586.groupmessenger2 appid=10127 user=0: pkg removed
I/PackageManager( 1558): Adding preferred activity ComponentInfo{com.android.mms/com.android.mms.ui.ComposeMessageActivity} for user 0 :
I/PackageManager( 1558): Adding preferred activity ComponentInfo{com.android.mms/com.android.mms.ui.ComposeMessageActivity} for user 0 :
I/ActivityManager( 1558): Delay finish: com.android.providers.contacts/.PackageIntentReceiver
I/PackageManager( 1558): Adding preferred activity ComponentInfo{com.android.mms/com.android.mms.ui.ComposeMessageActivity} for user 0 :
I/PackageManager( 1558): Adding preferred activity ComponentInfo{com.android.mms/com.android.mms.ui.ComposeMessageActivity} for user 0 :
D/BackupManagerService( 1558): Received broadcast Intent { act=android.intent.action.PACKAGE_REMOVED dat=package:edu.buffalo.cse.cse486586.groupmessenger2 flg=0x4000010 (has extras) }
V/BackupManagerService( 1558): removePackageParticipantsLocked: uid=10127 #1
I/ActivityManager( 1558): Resuming delayed broadcast
I/PackageManager( 1558): Adding preferred activity ComponentInfo{com.android.mms/com.android.mms.ui.ComposeMessageActivity} for user 0 :
I/PackageManager( 1558): Adding preferred activity ComponentInfo{com.android.mms/com.android.mms.ui.ComposeMessageActivity} for user 0 :
W/InputMethodManagerService( 1558): Got RemoteException sending setActive(false) notification to pid 13666 uid 10127
I/PackageManager( 1558): Adding preferred activity ComponentInfo{com.android.mms/com.android.mms.ui.ComposeMessageActivity} for user 0 :
I/PackageManager( 1558): Adding preferred activity ComponentInfo{com.android.mms/com.android.mms.ui.ComposeMessageActivity} for user 0 :
I/ActivityManager( 1558): Delay finish: com.google.android.gms/.chimera.GmsIntentOperationService$PersistentTrustedReceiver
W/Vold    ( 1130): Returning OperationFailed - no handler for errno 30
W/Vold    ( 1130): Returning OperationFailed - no handler for errno 30
W/Vold    ( 1130): Returning OperationFailed - no handler for errno 30
W/ActivityManager( 1558): No content provider found for permission revoke: file:///data/local/tmp/app-debug.apk
W/ActivityManager( 1558): No content provider found for permission revoke: file:///data/local/tmp/app-debug.apk
I/PackageManager( 1558): Copying native libraries to /data/app-lib/vmdl-849946473
I/ActivityManager( 1558): Force stopping edu.buffalo.cse.cse486586.groupmessenger2 appid=10128 user=-1: update pkg
D/BackupManagerService( 1558): Received broadcast Intent { act=android.intent.action.PACKAGE_ADDED dat=package:edu.buffalo.cse.cse486586.groupmessenger2 flg=0x4000010 (has extras) }
I/PackageManager( 1558): Adding preferred activity ComponentInfo{com.android.mms/com.android.mms.ui.ComposeMessageActivity} for user 0 :
V/BackupManagerService( 1558): addPackageParticipantsLocked: #1
I/PackageManager( 1558): Adding preferred activity ComponentInfo{com.android.mms/com.android.mms.ui.ComposeMessageActivity} for user 0 :
I/PackageManager( 1558): Adding preferred activity ComponentInfo{com.android.mms/com.android.mms.ui.ComposeMessageActivity} for user 0 :
I/PackageManager( 1558): Adding preferred activity ComponentInfo{com.android.mms/com.android.mms.ui.ComposeMessageActivity} for user 0 :
I/PackageManager( 1558): Adding preferred activity ComponentInfo{com.android.mms/com.android.mms.ui.ComposeMessageActivity} for user 0 :
I/PackageManager( 1558): Adding preferred activity ComponentInfo{com.android.mms/com.android.mms.ui.ComposeMessageActivity} for user 0 :
I/PackageManager( 1558): Adding preferred activity ComponentInfo{com.android.mms/com.android.mms.ui.ComposeMessageActivity} for user 0 :
I/PackageManager( 1558): Adding preferred activity ComponentInfo{com.android.mms/com.android.mms.ui.ComposeMessageActivity} for user 0 :
I/ActivityManager( 1558): Force stopping edu.buffalo.cse.cse486586.groupmessenger2 appid=10128 user=0: from pid 14252
I/ActivityManager( 1558): START u0 {act=android.intent.action.MAIN cat=[android.intent.category.LAUNCHER] flg=0x10000000 cmp=edu.buffalo.cse.cse486586.groupmessenger2/.GroupMessengerActivity} from pid 14252
I/ActivityManager( 1558): Start proc edu.buffalo.cse.cse486586.groupmessenger2 for activity edu.buffalo.cse.cse486586.groupmessenger2/.GroupMessengerActivity: pid=14263 uid=10128 gids={50128, 3003}
I/ActivityManager( 1558): Resuming delayed broadcast
I/ActivityManager( 1558): Delay finish: com.google.android.googlequicksearchbox/com.google.android.searchcommon.summons.icing.InternalIcingCorporaProvider$CorporaChangedReceiver
I/ActivityManager( 1558): Resuming delayed broadcast
W/ContextImpl( 1419): Calling a method in the system process without a qualified user: android.app.ContextImpl.startService:1479 android.content.ContextWrapper.startService:494 android.content.ContextWrapper.startService:494 com.android.keychain.KeyChainBroadcastReceiver.onReceive:12 android.app.ActivityThread.handleReceiver:2419 
I/ActivityManager( 1558): Delay finish: com.android.keychain/.KeyChainBroadcastReceiver
I/ActivityManager( 1558): Resuming delayed broadcast
I/ActivityManager( 1558): Delay finish: com.google.android.gms/.chimera.GmsIntentOperationService$PersistentTrustedReceiver
I/ActivityManager( 1558): Resuming delayed broadcast
I/ActivityManager( 1558): Delay finish: com.google.android.gms/.gass.chimera.PackageChangeBroadcastReceiver
I/ActivityManager( 1558): Resuming delayed broadcast
I/ActivityManager( 1558): Delay finish: com.google.android.gms/.chimera.GmsIntentOperationService$PersistentTrustedReceiver
I/ActivityManager( 1558): Resuming delayed broadcast
I/ActivityManager( 1558): Delay finish: com.google.android.googlequicksearchbox/com.google.android.searchcommon.summons.icing.InternalIcingCorporaProvider$CorporaChangedReceiver
I/ActivityManager( 1558): Resuming delayed broadcast
I/ActivityManager( 1558): Force stopping edu.buffalo.cse.cse486586.groupmessenger2 appid=10128 user=-1: uninstall pkg
I/ActivityManager( 1558): Killing 14263:edu.buffalo.cse.cse486586.groupmessenger2/u0a128 (adj 0): stop edu.buffalo.cse.cse486586.groupmessenger2
W/ActivityManager( 1558): Force removing ActivityRecord{aff1c6b0 u0 edu.buffalo.cse.cse486586.groupmessenger2/.GroupMessengerActivity t77}: app died, no saved state
W/PackageManager( 1558): Couldn't delete native library directory /data/app-lib/edu.buffalo.cse.cse486586.groupmessenger2
I/WindowState( 1558): WIN DEATH: Window{afd4a1e0 u0 edu.buffalo.cse.cse486586.groupmessenger2/edu.buffalo.cse.cse486586.groupmessenger2.GroupMessengerActivity}
I/ActivityManager( 1558): Force stopping edu.buffalo.cse.cse486586.groupmessenger2 appid=10128 user=0: pkg removed
I/ActivityManager( 1558): Delay finish: com.android.providers.contacts/.PackageIntentReceiver
I/PackageManager( 1558): Adding preferred activity ComponentInfo{com.android.mms/com.android.mms.ui.ComposeMessageActivity} for user 0 :
I/PackageManager( 1558): Adding preferred activity ComponentInfo{com.android.mms/com.android.mms.ui.ComposeMessageActivity} for user 0 :
I/PackageManager( 1558): Adding preferred activity ComponentInfo{com.android.mms/com.android.mms.ui.ComposeMessageActivity} for user 0 :
D/BackupManagerService( 1558): Received broadcast Intent { act=android.intent.action.PACKAGE_REMOVED dat=package:edu.buffalo.cse.cse486586.groupmessenger2 flg=0x4000010 (has extras) }
V/BackupManagerService( 1558): removePackageParticipantsLocked: uid=10128 #1
I/PackageManager( 1558): Adding preferred activity ComponentInfo{com.android.mms/com.android.mms.ui.ComposeMessageActivity} for user 0 :
I/ActivityManager( 1558): Resuming delayed broadcast
I/PackageManager( 1558): Adding preferred activity ComponentInfo{com.android.mms/com.android.mms.ui.ComposeMessageActivity} for user 0 :
I/PackageManager( 1558): Adding preferred activity ComponentInfo{com.android.mms/com.android.mms.ui.ComposeMessageActivity} for user 0 :
W/InputMethodManagerService( 1558): Got RemoteException sending setActive(false) notification to pid 14263 uid 10128
I/PackageManager( 1558): Adding preferred activity ComponentInfo{com.android.mms/com.android.mms.ui.ComposeMessageActivity} for user 0 :
I/PackageManager( 1558): Adding preferred activity ComponentInfo{com.android.mms/com.android.mms.ui.ComposeMessageActivity} for user 0 :
I/ActivityManager( 1558): Delay finish: com.google.android.gms/.chimera.GmsIntentOperationService$PersistentTrustedReceiver
W/Vold    ( 1130): Returning OperationFailed - no handler for errno 30
W/Vold    ( 1130): Returning OperationFailed - no handler for errno 30
W/Vold    ( 1130): Returning OperationFailed - no handler for errno 30
W/ActivityManager( 1558): No content provider found for permission revoke: file:///data/local/tmp/app-debug.apk
W/ActivityManager( 1558): No content provider found for permission revoke: file:///data/local/tmp/app-debug.apk
I/PackageManager( 1558): Copying native libraries to /data/app-lib/vmdl958394983
I/ActivityManager( 1558): Force stopping edu.buffalo.cse.cse486586.groupmessenger2 appid=10129 user=-1: update pkg
I/PackageManager( 1558): Adding preferred activity ComponentInfo{com.android.mms/com.android.mms.ui.ComposeMessageActivity} for user 0 :
I/PackageManager( 1558): Adding preferred activity ComponentInfo{com.android.mms/com.android.mms.ui.ComposeMessageActivity} for user 0 :
I/PackageManager( 1558): Adding preferred activity ComponentInfo{com.android.mms/com.android.mms.ui.ComposeMessageActivity} for user 0 :
D/BackupManagerService( 1558): Received broadcast Intent { act=android.intent.action.PACKAGE_ADDED dat=package:edu.buffalo.cse.cse486586.groupmessenger2 flg=0x4000010 (has extras) }
V/BackupManagerService( 1558): addPackageParticipantsLocked: #1
I/PackageManager( 1558): Adding preferred activity ComponentInfo{com.android.mms/com.android.mms.ui.ComposeMessageActivity} for user 0 :
I/PackageManager( 1558): Adding preferred activity ComponentInfo{com.android.mms/com.android.mms.ui.ComposeMessageActivity} for user 0 :
I/PackageManager( 1558): Adding preferred activity ComponentInfo{com.android.mms/com.android.mms.ui.ComposeMessageActivity} for user 0 :
I/PackageManager( 1558): Adding preferred activity ComponentInfo{com.android.mms/com.android.mms.ui.ComposeMessageActivity} for user 0 :
I/PackageManager( 1558): Adding preferred activity ComponentInfo{com.android.mms/com.android.mms.ui.ComposeMessageActivity} for user 0 :
I/ActivityManager( 1558): Force stopping edu.buffalo.cse.cse486586.groupmessenger2 appid=10129 user=0: from pid 14843
I/ActivityManager( 1558): START u0 {act=android.intent.action.MAIN cat=[android.intent.category.LAUNCHER] flg=0x10000000 cmp=edu.buffalo.cse.cse486586.groupmessenger2/.GroupMessengerActivity} from pid 14843
I/ActivityManager( 1558): Start proc edu.buffalo.cse.cse486586.groupmessenger2 for activity edu.buffalo.cse.cse486586.groupmessenger2/.GroupMessengerActivity: pid=14854 uid=10129 gids={50129, 3003}
I/ActivityManager( 1558): Resuming delayed broadcast
I/ActivityManager( 1558): Delay finish: com.google.android.googlequicksearchbox/com.google.android.searchcommon.summons.icing.InternalIcingCorporaProvider$CorporaChangedReceiver
I/ActivityManager( 1558): Resuming delayed broadcast
W/ContextImpl( 1419): Calling a method in the system process without a qualified user: android.app.ContextImpl.startService:1479 android.content.ContextWrapper.startService:494 android.content.ContextWrapper.startService:494 com.android.keychain.KeyChainBroadcastReceiver.onReceive:12 android.app.ActivityThread.handleReceiver:2419 
I/ActivityManager( 1558): Delay finish: com.android.keychain/.KeyChainBroadcastReceiver
I/ActivityManager( 1558): Resuming delayed broadcast
I/ActivityManager( 1558): Delay finish: com.google.android.gms/.chimera.GmsIntentOperationService$PersistentTrustedReceiver
I/ActivityManager( 1558): Resuming delayed broadcast
I/ActivityManager( 1558): Delay finish: com.google.android.gms/.gass.chimera.PackageChangeBroadcastReceiver
I/ActivityManager( 1558): Resuming delayed broadcast
I/ActivityManager( 1558): Delay finish: com.google.android.gms/.chimera.GmsIntentOperationService$PersistentTrustedReceiver
I/ActivityManager( 1558): Resuming delayed broadcast
I/ActivityManager( 1558): Delay finish: com.google.android.googlequicksearchbox/com.google.android.searchcommon.summons.icing.InternalIcingCorporaProvider$CorporaChangedReceiver
I/ActivityManager( 1558): Resuming delayed broadcast
I/ActivityManager( 1558): Force stopping edu.buffalo.cse.cse486586.groupmessenger2 appid=10129 user=-1: uninstall pkg
I/ActivityManager( 1558): Killing 14854:edu.buffalo.cse.cse486586.groupmessenger2/u0a129 (adj 0): stop edu.buffalo.cse.cse486586.groupmessenger2
W/ActivityManager( 1558): Force removing ActivityRecord{afbf8f88 u0 edu.buffalo.cse.cse486586.groupmessenger2/.GroupMessengerActivity t78}: app died, no saved state
W/PackageManager( 1558): Couldn't delete native library directory /data/app-lib/edu.buffalo.cse.cse486586.groupmessenger2
I/WindowState( 1558): WIN DEATH: Window{afe22ec8 u0 edu.buffalo.cse.cse486586.groupmessenger2/edu.buffalo.cse.cse486586.groupmessenger2.GroupMessengerActivity}
I/ActivityManager( 1558): Force stopping edu.buffalo.cse.cse486586.groupmessenger2 appid=10129 user=0: pkg removed
I/ActivityManager( 1558): Delay finish: com.android.providers.contacts/.PackageIntentReceiver
I/PackageManager( 1558): Adding preferred activity ComponentInfo{com.android.mms/com.android.mms.ui.ComposeMessageActivity} for user 0 :
I/PackageManager( 1558): Adding preferred activity ComponentInfo{com.android.mms/com.android.mms.ui.ComposeMessageActivity} for user 0 :
D/BackupManagerService( 1558): Received broadcast Intent { act=android.intent.action.PACKAGE_REMOVED dat=package:edu.buffalo.cse.cse486586.groupmessenger2 flg=0x4000010 (has extras) }
V/BackupManagerService( 1558): removePackageParticipantsLocked: uid=10129 #1
I/PackageManager( 1558): Adding preferred activity ComponentInfo{com.android.mms/com.android.mms.ui.ComposeMessageActivity} for user 0 :
I/ActivityManager( 1558): Resuming delayed broadcast
I/PackageManager( 1558): Adding preferred activity ComponentInfo{com.android.mms/com.android.mms.ui.ComposeMessageActivity} for user 0 :
I/PackageManager( 1558): Adding preferred activity ComponentInfo{com.android.mms/com.android.mms.ui.ComposeMessageActivity} for user 0 :
W/InputMethodManagerService( 1558): Got RemoteException sending setActive(false) notification to pid 14854 uid 10129
I/PackageManager( 1558): Adding preferred activity ComponentInfo{com.android.mms/com.android.mms.ui.ComposeMessageActivity} for user 0 :
I/PackageManager( 1558): Adding preferred activity ComponentInfo{com.android.mms/com.android.mms.ui.ComposeMessageActivity} for user 0 :
I/PackageManager( 1558): Adding preferred activity ComponentInfo{com.android.mms/com.android.mms.ui.ComposeMessageActivity} for user 0 :
I/ActivityManager( 1558): Delay finish: com.google.android.gms/.chimera.GmsIntentOperationService$PersistentTrustedReceiver
W/Vold    ( 1130): Returning OperationFailed - no handler for errno 30
W/Vold    ( 1130): Returning OperationFailed - no handler for errno 30
W/Vold    ( 1130): Returning OperationFailed - no handler for errno 30
W/ActivityManager( 1558): No content provider found for permission revoke: file:///data/local/tmp/app-debug.apk
W/ActivityManager( 1558): No content provider found for permission revoke: file:///data/local/tmp/app-debug.apk
I/PackageManager( 1558): Copying native libraries to /data/app-lib/vmdl608680904
I/ActivityManager( 1558): Force stopping edu.buffalo.cse.cse486586.groupmessenger2 appid=10130 user=-1: update pkg
I/PackageManager( 1558): Adding preferred activity ComponentInfo{com.android.mms/com.android.mms.ui.ComposeMessageActivity} for user 0 :
I/PackageManager( 1558): Adding preferred activity ComponentInfo{com.android.mms/com.android.mms.ui.ComposeMessageActivity} for user 0 :
I/PackageManager( 1558): Adding preferred activity ComponentInfo{com.android.mms/com.android.mms.ui.ComposeMessageActivity} for user 0 :
D/BackupManagerService( 1558): Received broadcast Intent { act=android.intent.action.PACKAGE_ADDED dat=package:edu.buffalo.cse.cse486586.groupmessenger2 flg=0x4000010 (has extras) }
V/BackupManagerService( 1558): addPackageParticipantsLocked: #1
I/PackageManager( 1558): Adding preferred activity ComponentInfo{com.android.mms/com.android.mms.ui.ComposeMessageActivity} for user 0 :
I/PackageManager( 1558): Adding preferred activity ComponentInfo{com.android.mms/com.android.mms.ui.ComposeMessageActivity} for user 0 :
I/PackageManager( 1558): Adding preferred activity ComponentInfo{com.android.mms/com.android.mms.ui.ComposeMessageActivity} for user 0 :
I/PackageManager( 1558): Adding preferred activity ComponentInfo{com.android.mms/com.android.mms.ui.ComposeMessageActivity} for user 0 :
I/PackageManager( 1558): Adding preferred activity ComponentInfo{com.android.mms/com.android.mms.ui.ComposeMessageActivity} for user 0 :
I/ActivityManager( 1558): Force stopping edu.buffalo.cse.cse486586.groupmessenger2 appid=10130 user=0: from pid 15442
I/ActivityManager( 1558): START u0 {act=android.intent.action.MAIN cat=[android.intent.category.LAUNCHER] flg=0x10000000 cmp=edu.buffalo.cse.cse486586.groupmessenger2/.GroupMessengerActivity} from pid 15442
I/ActivityManager( 1558): Start proc edu.buffalo.cse.cse486586.groupmessenger2 for activity edu.buffalo.cse.cse486586.groupmessenger2/.GroupMessengerActivity: pid=15453 uid=10130 gids={50130, 3003}
I/ActivityManager( 1558): Resuming delayed broadcast
I/ActivityManager( 1558): Delay finish: com.google.android.googlequicksearchbox/com.google.android.searchcommon.summons.icing.InternalIcingCorporaProvider$CorporaChangedReceiver
I/ActivityManager( 1558): Resuming delayed broadcast
W/ContextImpl( 1419): Calling a method in the system process without a qualified user: android.app.ContextImpl.startService:1479 android.content.ContextWrapper.startService:494 android.content.ContextWrapper.startService:494 com.android.keychain.KeyChainBroadcastReceiver.onReceive:12 android.app.ActivityThread.handleReceiver:2419 
I/ActivityManager( 1558): Delay finish: com.android.keychain/.KeyChainBroadcastReceiver
I/ActivityManager( 1558): Resuming delayed broadcast
I/ActivityManager( 1558): Delay finish: com.google.android.gms/.chimera.GmsIntentOperationService$PersistentTrustedReceiver
I/ActivityManager( 1558): Resuming delayed broadcast
I/ActivityManager( 1558): Delay finish: com.google.android.gms/.gass.chimera.PackageChangeBroadcastReceiver
I/ActivityManager( 1558): Resuming delayed broadcast
I/ActivityManager( 1558): Delay finish: com.google.android.gms/.chimera.GmsIntentOperationService$PersistentTrustedReceiver
I/ActivityManager( 1558): Resuming delayed broadcast
I/ActivityManager( 1558): Delay finish: com.google.android.googlequicksearchbox/com.google.android.searchcommon.summons.icing.InternalIcingCorporaProvider$CorporaChangedReceiver
I/ActivityManager( 1558): Resuming delayed broadcast
I/ActivityManager( 1558): Delay finish: com.google.android.gms/.stats.service.DropBoxEntryAddedReceiver
I/ActivityManager( 1558): Resuming delayed broadcast
I/ActivityManager( 1558): Delay finish: com.google.android.gms/.chimera.GmsIntentOperationService$PersistentTrustedReceiver
I/ActivityManager( 1558): Resuming delayed broadcast
I/ActivityManager( 1558): Force stopping edu.buffalo.cse.cse486586.groupmessenger2 appid=10130 user=-1: uninstall pkg
I/ActivityManager( 1558): Killing 15453:edu.buffalo.cse.cse486586.groupmessenger2/u0a130 (adj 0): stop edu.buffalo.cse.cse486586.groupmessenger2
W/ActivityManager( 1558): Force removing ActivityRecord{afac30a0 u0 edu.buffalo.cse.cse486586.groupmessenger2/.GroupMessengerActivity t79}: app died, no saved state
W/PackageManager( 1558): Couldn't delete native library directory /data/app-lib/edu.buffalo.cse.cse486586.groupmessenger2
I/WindowState( 1558): WIN DEATH: Window{afdf5d38 u0 edu.buffalo.cse.cse486586.groupmessenger2/edu.buffalo.cse.cse486586.groupmessenger2.GroupMessengerActivity}
I/ActivityManager( 1558): Force stopping edu.buffalo.cse.cse486586.groupmessenger2 appid=10130 user=0: pkg removed
W/InputMethodManagerService( 1558): Got RemoteException sending setActive(false) notification to pid 15453 uid 10130
I/ActivityManager( 1558): Delay finish: com.android.providers.contacts/.PackageIntentReceiver
I/PackageManager( 1558): Adding preferred activity ComponentInfo{com.android.mms/com.android.mms.ui.ComposeMessageActivity} for user 0 :
I/PackageManager( 1558): Adding preferred activity ComponentInfo{com.android.mms/com.android.mms.ui.ComposeMessageActivity} for user 0 :
I/PackageManager( 1558): Adding preferred activity ComponentInfo{com.android.mms/com.android.mms.ui.ComposeMessageActivity} for user 0 :
I/PackageManager( 1558): Adding preferred activity ComponentInfo{com.android.mms/com.android.mms.ui.ComposeMessageActivity} for user 0 :
D/BackupManagerService( 1558): Received broadcast Intent { act=android.intent.action.PACKAGE_REMOVED dat=package:edu.buffalo.cse.cse486586.groupmessenger2 flg=0x4000010 (has extras) }
V/BackupManagerService( 1558): removePackageParticipantsLocked: uid=10130 #1
I/ActivityManager( 1558): Resuming delayed broadcast
I/PackageManager( 1558): Adding preferred activity ComponentInfo{com.android.mms/com.android.mms.ui.ComposeMessageActivity} for user 0 :
I/PackageManager( 1558): Adding preferred activity ComponentInfo{com.android.mms/com.android.mms.ui.ComposeMessageActivity} for user 0 :
I/PackageManager( 1558): Adding preferred activity ComponentInfo{com.android.mms/com.android.mms.ui.ComposeMessageActivity} for user 0 :
I/PackageManager( 1558): Adding preferred activity ComponentInfo{com.android.mms/com.android.mms.ui.ComposeMessageActivity} for user 0 :
I/ActivityManager( 1558): Delay finish: com.google.android.gms/.chimera.GmsIntentOperationService$PersistentTrustedReceiver
W/Vold    ( 1130): Returning OperationFailed - no handler for errno 30
W/Vold    ( 1130): Returning OperationFailed - no handler for errno 30
W/Vold    ( 1130): Returning OperationFailed - no handler for errno 30
W/ActivityManager( 1558): No content provider found for permission revoke: file:///data/local/tmp/app-debug.apk
W/ActivityManager( 1558): No content provider found for permission revoke: file:///data/local/tmp/app-debug.apk
I/PackageManager( 1558): Copying native libraries to /data/app-lib/vmdl399999951
I/ActivityManager( 1558): Force stopping edu.buffalo.cse.cse486586.groupmessenger2 appid=10131 user=-1: update pkg
I/PackageManager( 1558): Adding preferred activity ComponentInfo{com.android.mms/com.android.mms.ui.ComposeMessageActivity} for user 0 :
I/PackageManager( 1558): Adding preferred activity ComponentInfo{com.android.mms/com.android.mms.ui.ComposeMessageActivity} for user 0 :
D/BackupManagerService( 1558): Received broadcast Intent { act=android.intent.action.PACKAGE_ADDED dat=package:edu.buffalo.cse.cse486586.groupmessenger2 flg=0x4000010 (has extras) }
V/BackupManagerService( 1558): addPackageParticipantsLocked: #1
I/PackageManager( 1558): Adding preferred activity ComponentInfo{com.android.mms/com.android.mms.ui.ComposeMessageActivity} for user 0 :
I/PackageManager( 1558): Adding preferred activity ComponentInfo{com.android.mms/com.android.mms.ui.ComposeMessageActivity} for user 0 :
I/PackageManager( 1558): Adding preferred activity ComponentInfo{com.android.mms/com.android.mms.ui.ComposeMessageActivity} for user 0 :
I/PackageManager( 1558): Adding preferred activity ComponentInfo{com.android.mms/com.android.mms.ui.ComposeMessageActivity} for user 0 :
I/PackageManager( 1558): Adding preferred activity ComponentInfo{com.android.mms/com.android.mms.ui.ComposeMessageActivity} for user 0 :
I/PackageManager( 1558): Adding preferred activity ComponentInfo{com.android.mms/com.android.mms.ui.ComposeMessageActivity} for user 0 :
I/ActivityManager( 1558): Force stopping edu.buffalo.cse.cse486586.groupmessenger2 appid=10131 user=0: from pid 16043
I/ActivityManager( 1558): START u0 {act=android.intent.action.MAIN cat=[android.intent.category.LAUNCHER] flg=0x10000000 cmp=edu.buffalo.cse.cse486586.groupmessenger2/.GroupMessengerActivity} from pid 16043
I/ActivityManager( 1558): Start proc edu.buffalo.cse.cse486586.groupmessenger2 for activity edu.buffalo.cse.cse486586.groupmessenger2/.GroupMessengerActivity: pid=16054 uid=10131 gids={50131, 3003}
I/ActivityManager( 1558): Resuming delayed broadcast
I/ActivityManager( 1558): Delay finish: com.google.android.googlequicksearchbox/com.google.android.searchcommon.summons.icing.InternalIcingCorporaProvider$CorporaChangedReceiver
I/ActivityManager( 1558): Resuming delayed broadcast
W/ContextImpl( 1419): Calling a method in the system process without a qualified user: android.app.ContextImpl.startService:1479 android.content.ContextWrapper.startService:494 android.content.ContextWrapper.startService:494 com.android.keychain.KeyChainBroadcastReceiver.onReceive:12 android.app.ActivityThread.handleReceiver:2419 
I/ActivityManager( 1558): Delay finish: com.android.keychain/.KeyChainBroadcastReceiver
I/ActivityManager( 1558): Resuming delayed broadcast
I/ActivityManager( 1558): Delay finish: com.google.android.gms/.chimera.GmsIntentOperationService$PersistentTrustedReceiver
I/ActivityManager( 1558): Resuming delayed broadcast
I/ActivityManager( 1558): Delay finish: com.google.android.gms/.gass.chimera.PackageChangeBroadcastReceiver
I/ActivityManager( 1558): Resuming delayed broadcast
I/ActivityManager( 1558): Delay finish: com.google.android.gms/.chimera.GmsIntentOperationService$PersistentTrustedReceiver
I/ActivityManager( 1558): Resuming delayed broadcast
I/ActivityManager( 1558): Delay finish: com.google.android.googlequicksearchbox/com.google.android.searchcommon.summons.icing.InternalIcingCorporaProvider$CorporaChangedReceiver
I/ActivityManager( 1558): Resuming delayed broadcast
I/ActivityManager( 1558): Force stopping edu.buffalo.cse.cse486586.groupmessenger2 appid=10131 user=-1: uninstall pkg
I/ActivityManager( 1558): Killing 16054:edu.buffalo.cse.cse486586.groupmessenger2/u0a131 (adj 0): stop edu.buffalo.cse.cse486586.groupmessenger2
W/ActivityManager( 1558): Force removing ActivityRecord{b0289040 u0 edu.buffalo.cse.cse486586.groupmessenger2/.GroupMessengerActivity t80}: app died, no saved state
W/PackageManager( 1558): Couldn't delete native library directory /data/app-lib/edu.buffalo.cse.cse486586.groupmessenger2
I/WindowState( 1558): WIN DEATH: Window{afeb3210 u0 edu.buffalo.cse.cse486586.groupmessenger2/edu.buffalo.cse.cse486586.groupmessenger2.GroupMessengerActivity}
I/ActivityManager( 1558): Force stopping edu.buffalo.cse.cse486586.groupmessenger2 appid=10131 user=0: pkg removed
I/ActivityManager( 1558): Delay finish: com.android.providers.contacts/.PackageIntentReceiver
I/PackageManager( 1558): Adding preferred activity ComponentInfo{com.android.mms/com.android.mms.ui.ComposeMessageActivity} for user 0 :
I/PackageManager( 1558): Adding preferred activity ComponentInfo{com.android.mms/com.android.mms.ui.ComposeMessageActivity} for user 0 :
W/InputMethodManagerService( 1558): Got RemoteException sending setActive(false) notification to pid 16054 uid 10131
D/BackupManagerService( 1558): Received broadcast Intent { act=android.intent.action.PACKAGE_REMOVED dat=package:edu.buffalo.cse.cse486586.groupmessenger2 flg=0x4000010 (has extras) }
V/BackupManagerService( 1558): removePackageParticipantsLocked: uid=10131 #1
I/PackageManager( 1558): Adding preferred activity ComponentInfo{com.android.mms/com.android.mms.ui.ComposeMessageActivity} for user 0 :
I/PackageManager( 1558): Adding preferred activity ComponentInfo{com.android.mms/com.android.mms.ui.ComposeMessageActivity} for user 0 :
I/ActivityManager( 1558): Resuming delayed broadcast
I/PackageManager( 1558): Adding preferred activity ComponentInfo{com.android.mms/com.android.mms.ui.ComposeMessageActivity} for user 0 :
I/PackageManager( 1558): Adding preferred activity ComponentInfo{com.android.mms/com.android.mms.ui.ComposeMessageActivity} for user 0 :
I/ActivityManager( 1558): Delay finish: com.google.android.gms/.chimera.GmsIntentOperationService$PersistentTrustedReceiver
I/PackageManager( 1558): Adding preferred activity ComponentInfo{com.android.mms/com.android.mms.ui.ComposeMessageActivity} for user 0 :
I/PackageManager( 1558): Adding preferred activity ComponentInfo{com.android.mms/com.android.mms.ui.ComposeMessageActivity} for user 0 :
W/Vold    ( 1130): Returning OperationFailed - no handler for errno 30
W/Vold    ( 1130): Returning OperationFailed - no handler for errno 30
W/Vold    ( 1130): Returning OperationFailed - no handler for errno 30
W/ActivityManager( 1558): No content provider found for permission revoke: file:///data/local/tmp/app-debug.apk
W/ActivityManager( 1558): No content provider found for permission revoke: file:///data/local/tmp/app-debug.apk
I/PackageManager( 1558): Copying native libraries to /data/app-lib/vmdl692146190
I/ActivityManager( 1558): Force stopping edu.buffalo.cse.cse486586.groupmessenger2 appid=10132 user=-1: update pkg
I/PackageManager( 1558): Adding preferred activity ComponentInfo{com.android.mms/com.android.mms.ui.ComposeMessageActivity} for user 0 :
I/PackageManager( 1558): Adding preferred activity ComponentInfo{com.android.mms/com.android.mms.ui.ComposeMessageActivity} for user 0 :
D/BackupManagerService( 1558): Received broadcast Intent { act=android.intent.action.PACKAGE_ADDED dat=package:edu.buffalo.cse.cse486586.groupmessenger2 flg=0x4000010 (has extras) }
V/BackupManagerService( 1558): addPackageParticipantsLocked: #1
I/PackageManager( 1558): Adding preferred activity ComponentInfo{com.android.mms/com.android.mms.ui.ComposeMessageActivity} for user 0 :
I/PackageManager( 1558): Adding preferred activity ComponentInfo{com.android.mms/com.android.mms.ui.ComposeMessageActivity} for user 0 :
I/PackageManager( 1558): Adding preferred activity ComponentInfo{com.android.mms/com.android.mms.ui.ComposeMessageActivity} for user 0 :
I/PackageManager( 1558): Adding preferred activity ComponentInfo{com.android.mms/com.android.mms.ui.ComposeMessageActivity} for user 0 :
I/PackageManager( 1558): Adding preferred activity ComponentInfo{com.android.mms/com.android.mms.ui.ComposeMessageActivity} for user 0 :
I/PackageManager( 1558): Adding preferred activity ComponentInfo{com.android.mms/com.android.mms.ui.ComposeMessageActivity} for user 0 :
I/ActivityManager( 1558): Force stopping edu.buffalo.cse.cse486586.groupmessenger2 appid=10132 user=0: from pid 16639
I/ActivityManager( 1558): START u0 {act=android.intent.action.MAIN cat=[android.intent.category.LAUNCHER] flg=0x10000000 cmp=edu.buffalo.cse.cse486586.groupmessenger2/.GroupMessengerActivity} from pid 16639
I/ActivityManager( 1558): Start proc edu.buffalo.cse.cse486586.groupmessenger2 for activity edu.buffalo.cse.cse486586.groupmessenger2/.GroupMessengerActivity: pid=16650 uid=10132 gids={50132, 3003}
I/ActivityManager( 1558): Resuming delayed broadcast
I/ActivityManager( 1558): Delay finish: com.google.android.googlequicksearchbox/com.google.android.searchcommon.summons.icing.InternalIcingCorporaProvider$CorporaChangedReceiver
I/ActivityManager( 1558): Resuming delayed broadcast
W/ContextImpl( 1419): Calling a method in the system process without a qualified user: android.app.ContextImpl.startService:1479 android.content.ContextWrapper.startService:494 android.content.ContextWrapper.startService:494 com.android.keychain.KeyChainBroadcastReceiver.onReceive:12 android.app.ActivityThread.handleReceiver:2419 
I/ActivityManager( 1558): Delay finish: com.android.keychain/.KeyChainBroadcastReceiver
I/ActivityManager( 1558): Resuming delayed broadcast
I/ActivityManager( 1558): Delay finish: com.google.android.gms/.chimera.GmsIntentOperationService$PersistentTrustedReceiver
I/ActivityManager( 1558): Resuming delayed broadcast
I/ActivityManager( 1558): Delay finish: com.google.android.gms/.gass.chimera.PackageChangeBroadcastReceiver
I/ActivityManager( 1558): Resuming delayed broadcast
I/ActivityManager( 1558): Delay finish: com.google.android.gms/.chimera.GmsIntentOperationService$PersistentTrustedReceiver
I/ActivityManager( 1558): Resuming delayed broadcast
I/ActivityManager( 1558): Delay finish: com.google.android.googlequicksearchbox/com.google.android.searchcommon.summons.icing.InternalIcingCorporaProvider$CorporaChangedReceiver
I/ActivityManager( 1558): Resuming delayed broadcast
I/ActivityManager( 1558): Force stopping edu.buffalo.cse.cse486586.groupmessenger2 appid=10132 user=-1: uninstall pkg
I/ActivityManager( 1558): Killing 16650:edu.buffalo.cse.cse486586.groupmessenger2/u0a132 (adj 0): stop edu.buffalo.cse.cse486586.groupmessenger2
W/ActivityManager( 1558): Force removing ActivityRecord{afac30a0 u0 edu.buffalo.cse.cse486586.groupmessenger2/.GroupMessengerActivity t81}: app died, no saved state
W/PackageManager( 1558): Couldn't delete native library directory /data/app-lib/edu.buffalo.cse.cse486586.groupmessenger2
I/WindowState( 1558): WIN DEATH: Window{b0414d60 u0 edu.buffalo.cse.cse486586.groupmessenger2/edu.buffalo.cse.cse486586.groupmessenger2.GroupMessengerActivity}
I/ActivityManager( 1558): Force stopping edu.buffalo.cse.cse486586.groupmessenger2 appid=10132 user=0: pkg removed
I/ActivityManager( 1558): Delay finish: com.android.providers.contacts/.PackageIntentReceiver
I/PackageManager( 1558): Adding preferred activity ComponentInfo{com.android.mms/com.android.mms.ui.ComposeMessageActivity} for user 0 :
I/PackageManager( 1558): Adding preferred activity ComponentInfo{com.android.mms/com.android.mms.ui.ComposeMessageActivity} for user 0 :
W/InputMethodManagerService( 1558): Got RemoteException sending setActive(false) notification to pid 16650 uid 10132
I/PackageManager( 1558): Adding preferred activity ComponentInfo{com.android.mms/com.android.mms.ui.ComposeMessageActivity} for user 0 :
D/BackupManagerService( 1558): Received broadcast Intent { act=android.intent.action.PACKAGE_REMOVED dat=package:edu.buffalo.cse.cse486586.groupmessenger2 flg=0x4000010 (has extras) }
V/BackupManagerService( 1558): removePackageParticipantsLocked: uid=10132 #1
I/PackageManager( 1558): Adding preferred activity ComponentInfo{com.android.mms/com.android.mms.ui.ComposeMessageActivity} for user 0 :
I/PackageManager( 1558): Adding preferred activity ComponentInfo{com.android.mms/com.android.mms.ui.ComposeMessageActivity} for user 0 :
I/PackageManager( 1558): Adding preferred activity ComponentInfo{com.android.mms/com.android.mms.ui.ComposeMessageActivity} for user 0 :
I/ActivityManager( 1558): Resuming delayed broadcast
I/PackageManager( 1558): Adding preferred activity ComponentInfo{com.android.mms/com.android.mms.ui.ComposeMessageActivity} for user 0 :
I/PackageManager( 1558): Adding preferred activity ComponentInfo{com.android.mms/com.android.mms.ui.ComposeMessageActivity} for user 0 :
I/ActivityManager( 1558): Delay finish: com.google.android.gms/.chimera.GmsIntentOperationService$PersistentTrustedReceiver
W/Vold    ( 1130): Returning OperationFailed - no handler for errno 30
W/Vold    ( 1130): Returning OperationFailed - no handler for errno 30
W/Vold    ( 1130): Returning OperationFailed - no handler for errno 30
W/ActivityManager( 1558): No content provider found for permission revoke: file:///data/local/tmp/app-debug.apk
W/ActivityManager( 1558): No content provider found for permission revoke: file:///data/local/tmp/app-debug.apk
I/PackageManager( 1558): Copying native libraries to /data/app-lib/vmdl-535869626
I/ActivityManager( 1558): Force stopping edu.buffalo.cse.cse486586.groupmessenger2 appid=10133 user=-1: update pkg
I/PackageManager( 1558): Adding preferred activity ComponentInfo{com.android.mms/com.android.mms.ui.ComposeMessageActivity} for user 0 :
I/PackageManager( 1558): Adding preferred activity ComponentInfo{com.android.mms/com.android.mms.ui.ComposeMessageActivity} for user 0 :
I/PackageManager( 1558): Adding preferred activity ComponentInfo{com.android.mms/com.android.mms.ui.ComposeMessageActivity} for user 0 :
D/BackupManagerService( 1558): Received broadcast Intent { act=android.intent.action.PACKAGE_ADDED dat=package:edu.buffalo.cse.cse486586.groupmessenger2 flg=0x4000010 (has extras) }
V/BackupManagerService( 1558): addPackageParticipantsLocked: #1
I/PackageManager( 1558): Adding preferred activity ComponentInfo{com.android.mms/com.android.mms.ui.ComposeMessageActivity} for user 0 :
I/PackageManager( 1558): Adding preferred activity ComponentInfo{com.android.mms/com.android.mms.ui.ComposeMessageActivity} for user 0 :
I/PackageManager( 1558): Adding preferred activity ComponentInfo{com.android.mms/com.android.mms.ui.ComposeMessageActivity} for user 0 :
I/PackageManager( 1558): Adding preferred activity ComponentInfo{com.android.mms/com.android.mms.ui.ComposeMessageActivity} for user 0 :
I/PackageManager( 1558): Adding preferred activity ComponentInfo{com.android.mms/com.android.mms.ui.ComposeMessageActivity} for user 0 :
I/ActivityManager( 1558): Force stopping edu.buffalo.cse.cse486586.groupmessenger2 appid=10133 user=0: from pid 17232
I/ActivityManager( 1558): START u0 {act=android.intent.action.MAIN cat=[android.intent.category.LAUNCHER] flg=0x10000000 cmp=edu.buffalo.cse.cse486586.groupmessenger2/.GroupMessengerActivity} from pid 17232
I/ActivityManager( 1558): Start proc edu.buffalo.cse.cse486586.groupmessenger2 for activity edu.buffalo.cse.cse486586.groupmessenger2/.GroupMessengerActivity: pid=17243 uid=10133 gids={50133, 3003}
I/ActivityManager( 1558): Resuming delayed broadcast
I/ActivityManager( 1558): Delay finish: com.google.android.googlequicksearchbox/com.google.android.searchcommon.summons.icing.InternalIcingCorporaProvider$CorporaChangedReceiver
I/ActivityManager( 1558): Resuming delayed broadcast
W/ContextImpl( 1419): Calling a method in the system process without a qualified user: android.app.ContextImpl.startService:1479 android.content.ContextWrapper.startService:494 android.content.ContextWrapper.startService:494 com.android.keychain.KeyChainBroadcastReceiver.onReceive:12 android.app.ActivityThread.handleReceiver:2419 
I/ActivityManager( 1558): Delay finish: com.android.keychain/.KeyChainBroadcastReceiver
I/ActivityManager( 1558): Resuming delayed broadcast
I/ActivityManager( 1558): Delay finish: com.google.android.gms/.chimera.GmsIntentOperationService$PersistentTrustedReceiver
I/ActivityManager( 1558): Resuming delayed broadcast
I/ActivityManager( 1558): Delay finish: com.google.android.gms/.gass.chimera.PackageChangeBroadcastReceiver
I/ActivityManager( 1558): Resuming delayed broadcast
I/ActivityManager( 1558): Delay finish: com.google.android.gms/.chimera.GmsIntentOperationService$PersistentTrustedReceiver
I/ActivityManager( 1558): Resuming delayed broadcast
I/ActivityManager( 1558): Delay finish: com.google.android.googlequicksearchbox/com.google.android.searchcommon.summons.icing.InternalIcingCorporaProvider$CorporaChangedReceiver
I/ActivityManager( 1558): Resuming delayed broadcast
I/ActivityManager( 1558): Force stopping edu.buffalo.cse.cse486586.groupmessenger2 appid=10133 user=-1: uninstall pkg
I/ActivityManager( 1558): Killing 17243:edu.buffalo.cse.cse486586.groupmessenger2/u0a133 (adj 0): stop edu.buffalo.cse.cse486586.groupmessenger2
W/ActivityManager( 1558): Force removing ActivityRecord{afac30a0 u0 edu.buffalo.cse.cse486586.groupmessenger2/.GroupMessengerActivity t82}: app died, no saved state
I/WindowState( 1558): WIN DEATH: Window{b01ab2e8 u0 edu.buffalo.cse.cse486586.groupmessenger2/edu.buffalo.cse.cse486586.groupmessenger2.GroupMessengerActivity}
W/PackageManager( 1558): Couldn't delete native library directory /data/app-lib/edu.buffalo.cse.cse486586.groupmessenger2
I/ActivityManager( 1558): Force stopping edu.buffalo.cse.cse486586.groupmessenger2 appid=10133 user=0: pkg removed
I/PackageManager( 1558): Adding preferred activity ComponentInfo{com.android.mms/com.android.mms.ui.ComposeMessageActivity} for user 0 :
I/PackageManager( 1558): Adding preferred activity ComponentInfo{com.android.mms/com.android.mms.ui.ComposeMessageActivity} for user 0 :
D/BackupManagerService( 1558): Received broadcast Intent { act=android.intent.action.PACKAGE_REMOVED dat=package:edu.buffalo.cse.cse486586.groupmessenger2 flg=0x4000010 (has extras) }
I/ActivityManager( 1558): Delay finish: com.android.providers.contacts/.PackageIntentReceiver
V/BackupManagerService( 1558): removePackageParticipantsLocked: uid=10133 #1
I/PackageManager( 1558): Adding preferred activity ComponentInfo{com.android.mms/com.android.mms.ui.ComposeMessageActivity} for user 0 :
I/ActivityManager( 1558): Resuming delayed broadcast
I/PackageManager( 1558): Adding preferred activity ComponentInfo{com.android.mms/com.android.mms.ui.ComposeMessageActivity} for user 0 :
W/InputMethodManagerService( 1558): Got RemoteException sending setActive(false) notification to pid 17243 uid 10133
I/PackageManager( 1558): Adding preferred activity ComponentInfo{com.android.mms/com.android.mms.ui.ComposeMessageActivity} for user 0 :
I/PackageManager( 1558): Adding preferred activity ComponentInfo{com.android.mms/com.android.mms.ui.ComposeMessageActivity} for user 0 :
I/PackageManager( 1558): Adding preferred activity ComponentInfo{com.android.mms/com.android.mms.ui.ComposeMessageActivity} for user 0 :
I/PackageManager( 1558): Adding preferred activity ComponentInfo{com.android.mms/com.android.mms.ui.ComposeMessageActivity} for user 0 :
I/ActivityManager( 1558): Delay finish: com.google.android.gms/.chimera.GmsIntentOperationService$PersistentTrustedReceiver
W/Vold    ( 1130): Returning OperationFailed - no handler for errno 30
W/Vold    ( 1130): Returning OperationFailed - no handler for errno 30
W/Vold    ( 1130): Returning OperationFailed - no handler for errno 30
W/ActivityManager( 1558): No content provider found for permission revoke: file:///data/local/tmp/app-debug.apk
W/ActivityManager( 1558): No content provider found for permission revoke: file:///data/local/tmp/app-debug.apk
I/PackageManager( 1558): Copying native libraries to /data/app-lib/vmdl1114247120
I/ActivityManager( 1558): Force stopping edu.buffalo.cse.cse486586.groupmessenger2 appid=10134 user=-1: update pkg
I/PackageManager( 1558): Adding preferred activity ComponentInfo{com.android.mms/com.android.mms.ui.ComposeMessageActivity} for user 0 :
D/BackupManagerService( 1558): Received broadcast Intent { act=android.intent.action.PACKAGE_ADDED dat=package:edu.buffalo.cse.cse486586.groupmessenger2 flg=0x4000010 (has extras) }
V/BackupManagerService( 1558): addPackageParticipantsLocked: #1
I/PackageManager( 1558): Adding preferred activity ComponentInfo{com.android.mms/com.android.mms.ui.ComposeMessageActivity} for user 0 :
I/PackageManager( 1558): Adding preferred activity ComponentInfo{com.android.mms/com.android.mms.ui.ComposeMessageActivity} for user 0 :
I/PackageManager( 1558): Adding preferred activity ComponentInfo{com.android.mms/com.android.mms.ui.ComposeMessageActivity} for user 0 :
I/PackageManager( 1558): Adding preferred activity ComponentInfo{com.android.mms/com.android.mms.ui.ComposeMessageActivity} for user 0 :
I/PackageManager( 1558): Adding preferred activity ComponentInfo{com.android.mms/com.android.mms.ui.ComposeMessageActivity} for user 0 :
I/PackageManager( 1558): Adding preferred activity ComponentInfo{com.android.mms/com.android.mms.ui.ComposeMessageActivity} for user 0 :
I/PackageManager( 1558): Adding preferred activity ComponentInfo{com.android.mms/com.android.mms.ui.ComposeMessageActivity} for user 0 :
I/ActivityManager( 1558): Force stopping edu.buffalo.cse.cse486586.groupmessenger2 appid=10134 user=0: from pid 17825
I/ActivityManager( 1558): START u0 {act=android.intent.action.MAIN cat=[android.intent.category.LAUNCHER] flg=0x10000000 cmp=edu.buffalo.cse.cse486586.groupmessenger2/.GroupMessengerActivity} from pid 17825
I/ActivityManager( 1558): Start proc edu.buffalo.cse.cse486586.groupmessenger2 for activity edu.buffalo.cse.cse486586.groupmessenger2/.GroupMessengerActivity: pid=17836 uid=10134 gids={50134, 3003}
I/ActivityManager( 1558): Resuming delayed broadcast
I/ActivityManager( 1558): Delay finish: com.google.android.googlequicksearchbox/com.google.android.searchcommon.summons.icing.InternalIcingCorporaProvider$CorporaChangedReceiver
I/ActivityManager( 1558): Resuming delayed broadcast
W/ContextImpl( 1419): Calling a method in the system process without a qualified user: android.app.ContextImpl.startService:1479 android.content.ContextWrapper.startService:494 android.content.ContextWrapper.startService:494 com.android.keychain.KeyChainBroadcastReceiver.onReceive:12 android.app.ActivityThread.handleReceiver:2419 
I/ActivityManager( 1558): Delay finish: com.android.keychain/.KeyChainBroadcastReceiver
I/ActivityManager( 1558): Resuming delayed broadcast
I/ActivityManager( 1558): Delay finish: com.google.android.gms/.chimera.GmsIntentOperationService$PersistentTrustedReceiver
I/ActivityManager( 1558): Resuming delayed broadcast
I/ActivityManager( 1558): Delay finish: com.google.android.gms/.gass.chimera.PackageChangeBroadcastReceiver
I/ActivityManager( 1558): Force stopping edu.buffalo.cse.cse486586.groupmessenger2 appid=10134 user=0: from pid 18021
I/ActivityManager( 1558): Killing 17836:edu.buffalo.cse.cse486586.groupmessenger2/u0a134 (adj 0): stop edu.buffalo.cse.cse486586.groupmessenger2
W/ActivityManager( 1558): Force removing ActivityRecord{afa57b58 u0 edu.buffalo.cse.cse486586.groupmessenger2/.GroupMessengerActivity t83}: app died, no saved state
I/WindowState( 1558): WIN DEATH: Window{b02a8710 u0 edu.buffalo.cse.cse486586.groupmessenger2/edu.buffalo.cse.cse486586.groupmessenger2.GroupMessengerActivity}
W/InputMethodManagerService( 1558): Got RemoteException sending setActive(false) notification to pid 17836 uid 10134
I/ActivityManager( 1558): Resuming delayed broadcast
I/ActivityManager( 1558): Delay finish: com.google.android.gms/.chimera.GmsIntentOperationService$PersistentTrustedReceiver
I/ActivityManager( 1558): Resuming delayed broadcast
I/ActivityManager( 1558): Delay finish: com.google.android.googlequicksearchbox/com.google.android.searchcommon.summons.icing.InternalIcingCorporaProvider$CorporaChangedReceiver
I/ActivityManager( 1558): Resuming delayed broadcast
I/ActivityManager( 1558): Start proc edu.buffalo.cse.cse486586.groupmessenger2 for content provider edu.buffalo.cse.cse486586.groupmessenger2/.GroupMessengerProvider: pid=18060 uid=10134 gids={50134, 3003}
