I/ActivityManager( 1558): Force stopping edu.buffalo.cse.cse486586.groupmessenger2 appid=10134 user=-1: uninstall pkg
I/ActivityManager( 1558): Killing 18060:edu.buffalo.cse.cse486586.groupmessenger2/u0a134 (adj 9): stop edu.buffalo.cse.cse486586.groupmessenger2
W/PackageManager( 1558): Couldn't delete native library directory /data/app-lib/edu.buffalo.cse.cse486586.groupmessenger2
I/ActivityManager( 1558): Force stopping edu.buffalo.cse.cse486586.groupmessenger2 appid=10134 user=0: pkg removed
I/ActivityManager( 1558): Delay finish: com.android.providers.contacts/.PackageIntentReceiver
I/PackageManager( 1558): Adding preferred activity ComponentInfo{com.android.mms/com.android.mms.ui.ComposeMessageActivity} for user 0 :
I/PackageManager( 1558): Adding preferred activity ComponentInfo{com.android.mms/com.android.mms.ui.ComposeMessageActivity} for user 0 :
I/PackageManager( 1558): Adding preferred activity ComponentInfo{com.android.mms/com.android.mms.ui.ComposeMessageActivity} for user 0 :
I/ActivityManager( 1558): Resuming delayed broadcast
I/PackageManager( 1558): Adding preferred activity ComponentInfo{com.android.mms/com.android.mms.ui.ComposeMessageActivity} for user 0 :
I/PackageManager( 1558): Adding preferred activity ComponentInfo{com.android.mms/com.android.mms.ui.ComposeMessageActivity} for user 0 :
D/BackupManagerService( 1558): Received broadcast Intent { act=android.intent.action.PACKAGE_REMOVED dat=package:edu.buffalo.cse.cse486586.groupmessenger2 flg=0x4000010 (has extras) }
V/BackupManagerService( 1558): removePackageParticipantsLocked: uid=10134 #1
I/ActivityManager( 1558): Delay finish: com.google.android.gms/.chimera.GmsIntentOperationService$PersistentTrustedReceiver
I/PackageManager( 1558): Adding preferred activity ComponentInfo{com.android.mms/com.android.mms.ui.ComposeMessageActivity} for user 0 :
I/PackageManager( 1558): Adding preferred activity ComponentInfo{com.android.mms/com.android.mms.ui.ComposeMessageActivity} for user 0 :
I/PackageManager( 1558): Adding preferred activity ComponentInfo{com.android.mms/com.android.mms.ui.ComposeMessageActivity} for user 0 :
W/Vold    ( 1130): Returning OperationFailed - no handler for errno 30
W/Vold    ( 1130): Returning OperationFailed - no handler for errno 30
W/Vold    ( 1130): Returning OperationFailed - no handler for errno 30
W/ActivityManager( 1558): No content provider found for permission revoke: file:///data/local/tmp/app-debug.apk
W/ActivityManager( 1558): No content provider found for permission revoke: file:///data/local/tmp/app-debug.apk
I/PackageManager( 1558): Copying native libraries to /data/app-lib/vmdl537660396
I/ActivityManager( 1558): Force stopping edu.buffalo.cse.cse486586.groupmessenger2 appid=10135 user=-1: update pkg
I/PackageManager( 1558): Adding preferred activity ComponentInfo{com.android.mms/com.android.mms.ui.ComposeMessageActivity} for user 0 :
I/PackageManager( 1558): Adding preferred activity ComponentInfo{com.android.mms/com.android.mms.ui.ComposeMessageActivity} for user 0 :
D/BackupManagerService( 1558): Received broadcast Intent { act=android.intent.action.PACKAGE_ADDED dat=package:edu.buffalo.cse.cse486586.groupmessenger2 flg=0x4000010 (has extras) }
I/PackageManager( 1558): Adding preferred activity ComponentInfo{com.android.mms/com.android.mms.ui.ComposeMessageActivity} for user 0 :
V/BackupManagerService( 1558): addPackageParticipantsLocked: #1
I/PackageManager( 1558): Adding preferred activity ComponentInfo{com.android.mms/com.android.mms.ui.ComposeMessageActivity} for user 0 :
I/PackageManager( 1558): Adding preferred activity ComponentInfo{com.android.mms/com.android.mms.ui.ComposeMessageActivity} for user 0 :
I/PackageManager( 1558): Adding preferred activity ComponentInfo{com.android.mms/com.android.mms.ui.ComposeMessageActivity} for user 0 :
I/PackageManager( 1558): Adding preferred activity ComponentInfo{com.android.mms/com.android.mms.ui.ComposeMessageActivity} for user 0 :
I/PackageManager( 1558): Adding preferred activity ComponentInfo{com.android.mms/com.android.mms.ui.ComposeMessageActivity} for user 0 :
I/ActivityManager( 1558): Force stopping edu.buffalo.cse.cse486586.groupmessenger2 appid=10135 user=0: from pid 18405
I/ActivityManager( 1558): START u0 {act=android.intent.action.MAIN cat=[android.intent.category.LAUNCHER] flg=0x10000000 cmp=edu.buffalo.cse.cse486586.groupmessenger2/.GroupMessengerActivity} from pid 18405
I/ActivityManager( 1558): Start proc edu.buffalo.cse.cse486586.groupmessenger2 for activity edu.buffalo.cse.cse486586.groupmessenger2/.GroupMessengerActivity: pid=18416 uid=10135 gids={50135, 3003}
I/ActivityManager( 1558): Resuming delayed broadcast
I/ActivityManager( 1558): Delay finish: com.google.android.googlequicksearchbox/com.google.android.searchcommon.summons.icing.InternalIcingCorporaProvider$CorporaChangedReceiver
I/ActivityManager( 1558): Resuming delayed broadcast
W/ContextImpl( 1419): Calling a method in the system process without a qualified user: android.app.ContextImpl.startService:1479 android.content.ContextWrapper.startService:494 android.content.ContextWrapper.startService:494 com.android.keychain.KeyChainBroadcastReceiver.onReceive:12 android.app.ActivityThread.handleReceiver:2419 
I/ActivityManager( 1558): Delay finish: com.android.keychain/.KeyChainBroadcastReceiver
I/ActivityManager( 1558): Resuming delayed broadcast
I/ActivityManager( 1558): Delay finish: com.google.android.gms/.chimera.GmsIntentOperationService$PersistentTrustedReceiver
I/ActivityManager( 1558): Resuming delayed broadcast
I/ActivityManager( 1558): Delay finish: com.google.android.gms/.gass.chimera.PackageChangeBroadcastReceiver
I/ActivityManager( 1558): Resuming delayed broadcast
I/ActivityManager( 1558): Delay finish: com.google.android.gms/.chimera.GmsIntentOperationService$PersistentTrustedReceiver
I/ActivityManager( 1558): Resuming delayed broadcast
I/ActivityManager( 1558): Delay finish: com.google.android.googlequicksearchbox/com.google.android.searchcommon.summons.icing.InternalIcingCorporaProvider$CorporaChangedReceiver
I/ActivityManager( 1558): Resuming delayed broadcast
I/ActivityManager( 1558): Start proc com.google.android.gms.unstable for service com.google.android.gms/.droidguard.DroidGuardService: pid=18680 uid=10007 gids={50007, 3003, 1007, 1028, 1015, 3002, 3001, 3007, 2001, 3006}
I/ActivityManager( 1558): Force stopping edu.buffalo.cse.cse486586.groupmessenger2 appid=10135 user=-1: uninstall pkg
I/ActivityManager( 1558): Killing 18416:edu.buffalo.cse.cse486586.groupmessenger2/u0a135 (adj 0): stop edu.buffalo.cse.cse486586.groupmessenger2
W/ActivityManager( 1558): Force removing ActivityRecord{afd565a8 u0 edu.buffalo.cse.cse486586.groupmessenger2/.GroupMessengerActivity t84}: app died, no saved state
I/WindowState( 1558): WIN DEATH: Window{b02a8278 u0 edu.buffalo.cse.cse486586.groupmessenger2/edu.buffalo.cse.cse486586.groupmessenger2.GroupMessengerActivity}
W/PackageManager( 1558): Couldn't delete native library directory /data/app-lib/edu.buffalo.cse.cse486586.groupmessenger2
I/ActivityManager( 1558): Force stopping edu.buffalo.cse.cse486586.groupmessenger2 appid=10135 user=0: pkg removed
I/ActivityManager( 1558): Delay finish: com.android.providers.contacts/.PackageIntentReceiver
I/PackageManager( 1558): Adding preferred activity ComponentInfo{com.android.mms/com.android.mms.ui.ComposeMessageActivity} for user 0 :
I/PackageManager( 1558): Adding preferred activity ComponentInfo{com.android.mms/com.android.mms.ui.ComposeMessageActivity} for user 0 :
I/PackageManager( 1558): Adding preferred activity ComponentInfo{com.android.mms/com.android.mms.ui.ComposeMessageActivity} for user 0 :
I/PackageManager( 1558): Adding preferred activity ComponentInfo{com.android.mms/com.android.mms.ui.ComposeMessageActivity} for user 0 :
I/PackageManager( 1558): Adding preferred activity ComponentInfo{com.android.mms/com.android.mms.ui.ComposeMessageActivity} for user 0 :
I/PackageManager( 1558): Adding preferred activity ComponentInfo{com.android.mms/com.android.mms.ui.ComposeMessageActivity} for user 0 :
I/ActivityManager( 1558): Resuming delayed broadcast
I/PackageManager( 1558): Adding preferred activity ComponentInfo{com.android.mms/com.android.mms.ui.ComposeMessageActivity} for user 0 :
I/PackageManager( 1558): Adding preferred activity ComponentInfo{com.android.mms/com.android.mms.ui.ComposeMessageActivity} for user 0 :
W/InputMethodManagerService( 1558): Got RemoteException sending setActive(false) notification to pid 18416 uid 10135
D/BackupManagerService( 1558): Received broadcast Intent { act=android.intent.action.PACKAGE_REMOVED dat=package:edu.buffalo.cse.cse486586.groupmessenger2 flg=0x4000010 (has extras) }
V/BackupManagerService( 1558): removePackageParticipantsLocked: uid=10135 #1
I/ActivityManager( 1558): Delay finish: com.google.android.gms/.chimera.GmsIntentOperationService$PersistentTrustedReceiver
W/Vold    ( 1130): Returning OperationFailed - no handler for errno 30
W/Vold    ( 1130): Returning OperationFailed - no handler for errno 30
W/Vold    ( 1130): Returning OperationFailed - no handler for errno 30
W/ActivityManager( 1558): No content provider found for permission revoke: file:///data/local/tmp/app-debug.apk
W/ActivityManager( 1558): No content provider found for permission revoke: file:///data/local/tmp/app-debug.apk
I/PackageManager( 1558): Copying native libraries to /data/app-lib/vmdl1556311746
I/ActivityManager( 1558): Force stopping edu.buffalo.cse.cse486586.groupmessenger2 appid=10136 user=-1: update pkg
I/PackageManager( 1558): Adding preferred activity ComponentInfo{com.android.mms/com.android.mms.ui.ComposeMessageActivity} for user 0 :
I/PackageManager( 1558): Adding preferred activity ComponentInfo{com.android.mms/com.android.mms.ui.ComposeMessageActivity} for user 0 :
D/BackupManagerService( 1558): Received broadcast Intent { act=android.intent.action.PACKAGE_ADDED dat=package:edu.buffalo.cse.cse486586.groupmessenger2 flg=0x4000010 (has extras) }
V/BackupManagerService( 1558): addPackageParticipantsLocked: #1
I/PackageManager( 1558): Adding preferred activity ComponentInfo{com.android.mms/com.android.mms.ui.ComposeMessageActivity} for user 0 :
I/PackageManager( 1558): Adding preferred activity ComponentInfo{com.android.mms/com.android.mms.ui.ComposeMessageActivity} for user 0 :
I/PackageManager( 1558): Adding preferred activity ComponentInfo{com.android.mms/com.android.mms.ui.ComposeMessageActivity} for user 0 :
I/PackageManager( 1558): Adding preferred activity ComponentInfo{com.android.mms/com.android.mms.ui.ComposeMessageActivity} for user 0 :
I/PackageManager( 1558): Adding preferred activity ComponentInfo{com.android.mms/com.android.mms.ui.ComposeMessageActivity} for user 0 :
I/PackageManager( 1558): Adding preferred activity ComponentInfo{com.android.mms/com.android.mms.ui.ComposeMessageActivity} for user 0 :
I/ActivityManager( 1558): Force stopping edu.buffalo.cse.cse486586.groupmessenger2 appid=10136 user=0: from pid 19030
I/ActivityManager( 1558): START u0 {act=android.intent.action.MAIN cat=[android.intent.category.LAUNCHER] flg=0x10000000 cmp=edu.buffalo.cse.cse486586.groupmessenger2/.GroupMessengerActivity} from pid 19030
I/ActivityManager( 1558): Start proc edu.buffalo.cse.cse486586.groupmessenger2 for activity edu.buffalo.cse.cse486586.groupmessenger2/.GroupMessengerActivity: pid=19041 uid=10136 gids={50136, 3003}
I/ActivityManager( 1558): Resuming delayed broadcast
I/ActivityManager( 1558): Delay finish: com.google.android.googlequicksearchbox/com.google.android.searchcommon.summons.icing.InternalIcingCorporaProvider$CorporaChangedReceiver
I/ActivityManager( 1558): Resuming delayed broadcast
W/ContextImpl( 1419): Calling a method in the system process without a qualified user: android.app.ContextImpl.startService:1479 android.content.ContextWrapper.startService:494 android.content.ContextWrapper.startService:494 com.android.keychain.KeyChainBroadcastReceiver.onReceive:12 android.app.ActivityThread.handleReceiver:2419 
I/ActivityManager( 1558): Delay finish: com.android.keychain/.KeyChainBroadcastReceiver
I/ActivityManager( 1558): Resuming delayed broadcast
I/ActivityManager( 1558): Delay finish: com.google.android.gms/.chimera.GmsIntentOperationService$PersistentTrustedReceiver
I/ActivityManager( 1558): Resuming delayed broadcast
I/ActivityManager( 1558): Delay finish: com.google.android.gms/.gass.chimera.PackageChangeBroadcastReceiver
I/ActivityManager( 1558): Resuming delayed broadcast
I/ActivityManager( 1558): Delay finish: com.google.android.gms/.chimera.GmsIntentOperationService$PersistentTrustedReceiver
I/ActivityManager( 1558): Resuming delayed broadcast
I/ActivityManager( 1558): Delay finish: com.google.android.googlequicksearchbox/com.google.android.searchcommon.summons.icing.InternalIcingCorporaProvider$CorporaChangedReceiver
I/ActivityManager( 1558): Resuming delayed broadcast
I/ActivityManager( 1558): Force stopping edu.buffalo.cse.cse486586.groupmessenger2 appid=10136 user=-1: uninstall pkg
I/ActivityManager( 1558): Killing 19041:edu.buffalo.cse.cse486586.groupmessenger2/u0a136 (adj 0): stop edu.buffalo.cse.cse486586.groupmessenger2
W/ActivityManager( 1558): Force removing ActivityRecord{b02e9a08 u0 edu.buffalo.cse.cse486586.groupmessenger2/.GroupMessengerActivity t85}: app died, no saved state
W/PackageManager( 1558): Couldn't delete native library directory /data/app-lib/edu.buffalo.cse.cse486586.groupmessenger2
I/WindowState( 1558): WIN DEATH: Window{afdf4130 u0 edu.buffalo.cse.cse486586.groupmessenger2/edu.buffalo.cse.cse486586.groupmessenger2.GroupMessengerActivity}
I/ActivityManager( 1558): Force stopping edu.buffalo.cse.cse486586.groupmessenger2 appid=10136 user=0: pkg removed
I/ActivityManager( 1558): Delay finish: com.android.providers.contacts/.PackageIntentReceiver
I/PackageManager( 1558): Adding preferred activity ComponentInfo{com.android.mms/com.android.mms.ui.ComposeMessageActivity} for user 0 :
I/PackageManager( 1558): Adding preferred activity ComponentInfo{com.android.mms/com.android.mms.ui.ComposeMessageActivity} for user 0 :
W/InputMethodManagerService( 1558): Got RemoteException sending setActive(false) notification to pid 19041 uid 10136
I/PackageManager( 1558): Adding preferred activity ComponentInfo{com.android.mms/com.android.mms.ui.ComposeMessageActivity} for user 0 :
I/PackageManager( 1558): Adding preferred activity ComponentInfo{com.android.mms/com.android.mms.ui.ComposeMessageActivity} for user 0 :
D/BackupManagerService( 1558): Received broadcast Intent { act=android.intent.action.PACKAGE_REMOVED dat=package:edu.buffalo.cse.cse486586.groupmessenger2 flg=0x4000010 (has extras) }
V/BackupManagerService( 1558): removePackageParticipantsLocked: uid=10136 #1
I/PackageManager( 1558): Adding preferred activity ComponentInfo{com.android.mms/com.android.mms.ui.ComposeMessageActivity} for user 0 :
I/ActivityManager( 1558): Resuming delayed broadcast
I/PackageManager( 1558): Adding preferred activity ComponentInfo{com.android.mms/com.android.mms.ui.ComposeMessageActivity} for user 0 :
I/PackageManager( 1558): Adding preferred activity ComponentInfo{com.android.mms/com.android.mms.ui.ComposeMessageActivity} for user 0 :
I/PackageManager( 1558): Adding preferred activity ComponentInfo{com.android.mms/com.android.mms.ui.ComposeMessageActivity} for user 0 :
I/ActivityManager( 1558): Delay finish: com.google.android.gms/.chimera.GmsIntentOperationService$PersistentTrustedReceiver
W/Vold    ( 1130): Returning OperationFailed - no handler for errno 30
W/Vold    ( 1130): Returning OperationFailed - no handler for errno 30
W/Vold    ( 1130): Returning OperationFailed - no handler for errno 30
W/ActivityManager( 1558): No content provider found for permission revoke: file:///data/local/tmp/app-debug.apk
W/ActivityManager( 1558): No content provider found for permission revoke: file:///data/local/tmp/app-debug.apk
I/PackageManager( 1558): Copying native libraries to /data/app-lib/vmdl292519996
I/ActivityManager( 1558): Force stopping edu.buffalo.cse.cse486586.groupmessenger2 appid=10137 user=-1: update pkg
I/PackageManager( 1558): Adding preferred activity ComponentInfo{com.android.mms/com.android.mms.ui.ComposeMessageActivity} for user 0 :
I/PackageManager( 1558): Adding preferred activity ComponentInfo{com.android.mms/com.android.mms.ui.ComposeMessageActivity} for user 0 :
D/BackupManagerService( 1558): Received broadcast Intent { act=android.intent.action.PACKAGE_ADDED dat=package:edu.buffalo.cse.cse486586.groupmessenger2 flg=0x4000010 (has extras) }
V/BackupManagerService( 1558): addPackageParticipantsLocked: #1
I/PackageManager( 1558): Adding preferred activity ComponentInfo{com.android.mms/com.android.mms.ui.ComposeMessageActivity} for user 0 :
I/PackageManager( 1558): Adding preferred activity ComponentInfo{com.android.mms/com.android.mms.ui.ComposeMessageActivity} for user 0 :
I/PackageManager( 1558): Adding preferred activity ComponentInfo{com.android.mms/com.android.mms.ui.ComposeMessageActivity} for user 0 :
I/PackageManager( 1558): Adding preferred activity ComponentInfo{com.android.mms/com.android.mms.ui.ComposeMessageActivity} for user 0 :
I/PackageManager( 1558): Adding preferred activity ComponentInfo{com.android.mms/com.android.mms.ui.ComposeMessageActivity} for user 0 :
I/PackageManager( 1558): Adding preferred activity ComponentInfo{com.android.mms/com.android.mms.ui.ComposeMessageActivity} for user 0 :
I/ActivityManager( 1558): Force stopping edu.buffalo.cse.cse486586.groupmessenger2 appid=10137 user=0: from pid 19622
I/ActivityManager( 1558): START u0 {act=android.intent.action.MAIN cat=[android.intent.category.LAUNCHER] flg=0x10000000 cmp=edu.buffalo.cse.cse486586.groupmessenger2/.GroupMessengerActivity} from pid 19622
I/ActivityManager( 1558): Start proc edu.buffalo.cse.cse486586.groupmessenger2 for activity edu.buffalo.cse.cse486586.groupmessenger2/.GroupMessengerActivity: pid=19633 uid=10137 gids={50137, 3003}
I/ActivityManager( 1558): Resuming delayed broadcast
I/ActivityManager( 1558): Delay finish: com.google.android.googlequicksearchbox/com.google.android.searchcommon.summons.icing.InternalIcingCorporaProvider$CorporaChangedReceiver
I/ActivityManager( 1558): Resuming delayed broadcast
W/ContextImpl( 1419): Calling a method in the system process without a qualified user: android.app.ContextImpl.startService:1479 android.content.ContextWrapper.startService:494 android.content.ContextWrapper.startService:494 com.android.keychain.KeyChainBroadcastReceiver.onReceive:12 android.app.ActivityThread.handleReceiver:2419 
I/ActivityManager( 1558): Delay finish: com.android.keychain/.KeyChainBroadcastReceiver
I/ActivityManager( 1558): Resuming delayed broadcast
I/ActivityManager( 1558): Delay finish: com.google.android.gms/.chimera.GmsIntentOperationService$PersistentTrustedReceiver
I/ActivityManager( 1558): Resuming delayed broadcast
I/ActivityManager( 1558): Delay finish: com.google.android.gms/.gass.chimera.PackageChangeBroadcastReceiver
I/ActivityManager( 1558): Resuming delayed broadcast
I/ActivityManager( 1558): Delay finish: com.google.android.gms/.chimera.GmsIntentOperationService$PersistentTrustedReceiver
I/ActivityManager( 1558): Resuming delayed broadcast
I/ActivityManager( 1558): Delay finish: com.google.android.googlequicksearchbox/com.google.android.searchcommon.summons.icing.InternalIcingCorporaProvider$CorporaChangedReceiver
I/ActivityManager( 1558): Resuming delayed broadcast
I/ActivityManager( 1558): Force stopping edu.buffalo.cse.cse486586.groupmessenger2 appid=10137 user=-1: uninstall pkg
I/ActivityManager( 1558): Killing 19633:edu.buffalo.cse.cse486586.groupmessenger2/u0a137 (adj 0): stop edu.buffalo.cse.cse486586.groupmessenger2
W/ActivityManager( 1558): Force removing ActivityRecord{afabea48 u0 edu.buffalo.cse.cse486586.groupmessenger2/.GroupMessengerActivity t86}: app died, no saved state
W/PackageManager( 1558): Couldn't delete native library directory /data/app-lib/edu.buffalo.cse.cse486586.groupmessenger2
I/WindowState( 1558): WIN DEATH: Window{affe83a0 u0 edu.buffalo.cse.cse486586.groupmessenger2/edu.buffalo.cse.cse486586.groupmessenger2.GroupMessengerActivity}
I/ActivityManager( 1558): Force stopping edu.buffalo.cse.cse486586.groupmessenger2 appid=10137 user=0: pkg removed
I/ActivityManager( 1558): Delay finish: com.android.providers.contacts/.PackageIntentReceiver
I/PackageManager( 1558): Adding preferred activity ComponentInfo{com.android.mms/com.android.mms.ui.ComposeMessageActivity} for user 0 :
I/PackageManager( 1558): Adding preferred activity ComponentInfo{com.android.mms/com.android.mms.ui.ComposeMessageActivity} for user 0 :
I/PackageManager( 1558): Adding preferred activity ComponentInfo{com.android.mms/com.android.mms.ui.ComposeMessageActivity} for user 0 :
D/BackupManagerService( 1558): Received broadcast Intent { act=android.intent.action.PACKAGE_REMOVED dat=package:edu.buffalo.cse.cse486586.groupmessenger2 flg=0x4000010 (has extras) }
V/BackupManagerService( 1558): removePackageParticipantsLocked: uid=10137 #1
W/InputMethodManagerService( 1558): Got RemoteException sending setActive(false) notification to pid 19633 uid 10137
I/PackageManager( 1558): Adding preferred activity ComponentInfo{com.android.mms/com.android.mms.ui.ComposeMessageActivity} for user 0 :
I/PackageManager( 1558): Adding preferred activity ComponentInfo{com.android.mms/com.android.mms.ui.ComposeMessageActivity} for user 0 :
I/PackageManager( 1558): Adding preferred activity ComponentInfo{com.android.mms/com.android.mms.ui.ComposeMessageActivity} for user 0 :
I/PackageManager( 1558): Adding preferred activity ComponentInfo{com.android.mms/com.android.mms.ui.ComposeMessageActivity} for user 0 :
I/PackageManager( 1558): Adding preferred activity ComponentInfo{com.android.mms/com.android.mms.ui.ComposeMessageActivity} for user 0 :
I/ActivityManager( 1558): Resuming delayed broadcast
I/ActivityManager( 1558): Delay finish: com.google.android.gms/.chimera.GmsIntentOperationService$PersistentTrustedReceiver
W/Vold    ( 1130): Returning OperationFailed - no handler for errno 30
W/Vold    ( 1130): Returning OperationFailed - no handler for errno 30
W/Vold    ( 1130): Returning OperationFailed - no handler for errno 30
W/ActivityManager( 1558): No content provider found for permission revoke: file:///data/local/tmp/app-debug.apk
W/ActivityManager( 1558): No content provider found for permission revoke: file:///data/local/tmp/app-debug.apk
I/PackageManager( 1558): Copying native libraries to /data/app-lib/vmdl1287099153
I/ActivityManager( 1558): Force stopping edu.buffalo.cse.cse486586.groupmessenger2 appid=10138 user=-1: update pkg
D/BackupManagerService( 1558): Received broadcast Intent { act=android.intent.action.PACKAGE_ADDED dat=package:edu.buffalo.cse.cse486586.groupmessenger2 flg=0x4000010 (has extras) }
I/PackageManager( 1558): Adding preferred activity ComponentInfo{com.android.mms/com.android.mms.ui.ComposeMessageActivity} for user 0 :
I/PackageManager( 1558): Adding preferred activity ComponentInfo{com.android.mms/com.android.mms.ui.ComposeMessageActivity} for user 0 :
V/BackupManagerService( 1558): addPackageParticipantsLocked: #1
I/PackageManager( 1558): Adding preferred activity ComponentInfo{com.android.mms/com.android.mms.ui.ComposeMessageActivity} for user 0 :
I/PackageManager( 1558): Adding preferred activity ComponentInfo{com.android.mms/com.android.mms.ui.ComposeMessageActivity} for user 0 :
I/PackageManager( 1558): Adding preferred activity ComponentInfo{com.android.mms/com.android.mms.ui.ComposeMessageActivity} for user 0 :
I/PackageManager( 1558): Adding preferred activity ComponentInfo{com.android.mms/com.android.mms.ui.ComposeMessageActivity} for user 0 :
I/PackageManager( 1558): Adding preferred activity ComponentInfo{com.android.mms/com.android.mms.ui.ComposeMessageActivity} for user 0 :
I/PackageManager( 1558): Adding preferred activity ComponentInfo{com.android.mms/com.android.mms.ui.ComposeMessageActivity} for user 0 :
I/ActivityManager( 1558): Force stopping edu.buffalo.cse.cse486586.groupmessenger2 appid=10138 user=0: from pid 20218
I/ActivityManager( 1558): START u0 {act=android.intent.action.MAIN cat=[android.intent.category.LAUNCHER] flg=0x10000000 cmp=edu.buffalo.cse.cse486586.groupmessenger2/.GroupMessengerActivity} from pid 20218
I/ActivityManager( 1558): Start proc edu.buffalo.cse.cse486586.groupmessenger2 for activity edu.buffalo.cse.cse486586.groupmessenger2/.GroupMessengerActivity: pid=20229 uid=10138 gids={50138, 3003}
I/ActivityManager( 1558): Resuming delayed broadcast
I/ActivityManager( 1558): Delay finish: com.google.android.googlequicksearchbox/com.google.android.searchcommon.summons.icing.InternalIcingCorporaProvider$CorporaChangedReceiver
I/ActivityManager( 1558): Resuming delayed broadcast
W/ContextImpl( 1419): Calling a method in the system process without a qualified user: android.app.ContextImpl.startService:1479 android.content.ContextWrapper.startService:494 android.content.ContextWrapper.startService:494 com.android.keychain.KeyChainBroadcastReceiver.onReceive:12 android.app.ActivityThread.handleReceiver:2419 
I/ActivityManager( 1558): Delay finish: com.android.keychain/.KeyChainBroadcastReceiver
I/ActivityManager( 1558): Resuming delayed broadcast
I/ActivityManager( 1558): Delay finish: com.google.android.gms/.chimera.GmsIntentOperationService$PersistentTrustedReceiver
I/ActivityManager( 1558): Force stopping edu.buffalo.cse.cse486586.groupmessenger2 appid=10138 user=0: from pid 20291
I/ActivityManager( 1558): Killing 20229:edu.buffalo.cse.cse486586.groupmessenger2/u0a138 (adj 0): stop edu.buffalo.cse.cse486586.groupmessenger2
W/ActivityManager( 1558): Force removing ActivityRecord{afac30a0 u0 edu.buffalo.cse.cse486586.groupmessenger2/.GroupMessengerActivity t87}: app died, no saved state
I/WindowState( 1558): WIN DEATH: Window{b0057550 u0 edu.buffalo.cse.cse486586.groupmessenger2/edu.buffalo.cse.cse486586.groupmessenger2.GroupMessengerActivity}
W/InputMethodManagerService( 1558): Got RemoteException sending setActive(false) notification to pid 20229 uid 10138
I/ActivityManager( 1558): Resuming delayed broadcast
I/ActivityManager( 1558): Delay finish: com.google.android.gms/.gass.chimera.PackageChangeBroadcastReceiver
I/ActivityManager( 1558): Resuming delayed broadcast
I/ActivityManager( 1558): Delay finish: com.google.android.gms/.chimera.GmsIntentOperationService$PersistentTrustedReceiver
I/ActivityManager( 1558): Resuming delayed broadcast
I/ActivityManager( 1558): Delay finish: com.google.android.googlequicksearchbox/com.google.android.searchcommon.summons.icing.InternalIcingCorporaProvider$CorporaChangedReceiver
I/ActivityManager( 1558): Resuming delayed broadcast
D/ConnectivityService( 1558): Sampling interval elapsed, updating statistics ..
D/ConnectivityService( 1558): Done.
D/ConnectivityService( 1558): Setting timer for 720seconds
I/ActivityManager( 1558): Start proc edu.buffalo.cse.cse486586.groupmessenger2 for content provider edu.buffalo.cse.cse486586.groupmessenger2/.GroupMessengerProvider: pid=20333 uid=10138 gids={50138, 3003}
I/ActivityManager( 1558): Killing 1482:com.android.providers.calendar/u0a1 (adj 15): empty for 1800s
I/ActivityManager( 1558): Force stopping edu.buffalo.cse.cse486586.groupmessenger2 appid=10138 user=-1: uninstall pkg
I/ActivityManager( 1558): Killing 20333:edu.buffalo.cse.cse486586.groupmessenger2/u0a138 (adj 9): stop edu.buffalo.cse.cse486586.groupmessenger2
W/PackageManager( 1558): Couldn't delete native library directory /data/app-lib/edu.buffalo.cse.cse486586.groupmessenger2
I/ActivityManager( 1558): Force stopping edu.buffalo.cse.cse486586.groupmessenger2 appid=10138 user=0: pkg removed
I/PackageManager( 1558): Adding preferred activity ComponentInfo{com.android.mms/com.android.mms.ui.ComposeMessageActivity} for user 0 :
D/BackupManagerService( 1558): Received broadcast Intent { act=android.intent.action.PACKAGE_REMOVED dat=package:edu.buffalo.cse.cse486586.groupmessenger2 flg=0x4000010 (has extras) }
V/BackupManagerService( 1558): removePackageParticipantsLocked: uid=10138 #1
I/ActivityManager( 1558): Delay finish: com.android.providers.contacts/.PackageIntentReceiver
I/PackageManager( 1558): Adding preferred activity ComponentInfo{com.android.mms/com.android.mms.ui.ComposeMessageActivity} for user 0 :
I/ActivityManager( 1558): Resuming delayed broadcast
I/PackageManager( 1558): Adding preferred activity ComponentInfo{com.android.mms/com.android.mms.ui.ComposeMessageActivity} for user 0 :
I/PackageManager( 1558): Adding preferred activity ComponentInfo{com.android.mms/com.android.mms.ui.ComposeMessageActivity} for user 0 :
I/PackageManager( 1558): Adding preferred activity ComponentInfo{com.android.mms/com.android.mms.ui.ComposeMessageActivity} for user 0 :
I/ActivityManager( 1558): Delay finish: com.google.android.gms/.chimera.GmsIntentOperationService$PersistentTrustedReceiver
I/PackageManager( 1558): Adding preferred activity ComponentInfo{com.android.mms/com.android.mms.ui.ComposeMessageActivity} for user 0 :
I/PackageManager( 1558): Adding preferred activity ComponentInfo{com.android.mms/com.android.mms.ui.ComposeMessageActivity} for user 0 :
I/PackageManager( 1558): Adding preferred activity ComponentInfo{com.android.mms/com.android.mms.ui.ComposeMessageActivity} for user 0 :
W/Vold    ( 1130): Returning OperationFailed - no handler for errno 30
W/Vold    ( 1130): Returning OperationFailed - no handler for errno 30
W/Vold    ( 1130): Returning OperationFailed - no handler for errno 30
W/ActivityManager( 1558): No content provider found for permission revoke: file:///data/local/tmp/app-debug.apk
W/ActivityManager( 1558): No content provider found for permission revoke: file:///data/local/tmp/app-debug.apk
I/PackageManager( 1558): Copying native libraries to /data/app-lib/vmdl1059185111
I/ActivityManager( 1558): Force stopping edu.buffalo.cse.cse486586.groupmessenger2 appid=10139 user=-1: update pkg
I/PackageManager( 1558): Adding preferred activity ComponentInfo{com.android.mms/com.android.mms.ui.ComposeMessageActivity} for user 0 :
I/PackageManager( 1558): Adding preferred activity ComponentInfo{com.android.mms/com.android.mms.ui.ComposeMessageActivity} for user 0 :
I/PackageManager( 1558): Adding preferred activity ComponentInfo{com.android.mms/com.android.mms.ui.ComposeMessageActivity} for user 0 :
D/BackupManagerService( 1558): Received broadcast Intent { act=android.intent.action.PACKAGE_ADDED dat=package:edu.buffalo.cse.cse486586.groupmessenger2 flg=0x4000010 (has extras) }
V/BackupManagerService( 1558): addPackageParticipantsLocked: #1
I/PackageManager( 1558): Adding preferred activity ComponentInfo{com.android.mms/com.android.mms.ui.ComposeMessageActivity} for user 0 :
I/PackageManager( 1558): Adding preferred activity ComponentInfo{com.android.mms/com.android.mms.ui.ComposeMessageActivity} for user 0 :
I/PackageManager( 1558): Adding preferred activity ComponentInfo{com.android.mms/com.android.mms.ui.ComposeMessageActivity} for user 0 :
I/PackageManager( 1558): Adding preferred activity ComponentInfo{com.android.mms/com.android.mms.ui.ComposeMessageActivity} for user 0 :
I/PackageManager( 1558): Adding preferred activity ComponentInfo{com.android.mms/com.android.mms.ui.ComposeMessageActivity} for user 0 :
I/ActivityManager( 1558): Force stopping edu.buffalo.cse.cse486586.groupmessenger2 appid=10139 user=0: from pid 20678
I/ActivityManager( 1558): Killing 32004:com.google.android.calendar/u0a18 (adj 15): empty for 1800s
I/ActivityManager( 1558): START u0 {act=android.intent.action.MAIN cat=[android.intent.category.LAUNCHER] flg=0x10000000 cmp=edu.buffalo.cse.cse486586.groupmessenger2/.GroupMessengerActivity} from pid 20678
I/ActivityManager( 1558): Start proc edu.buffalo.cse.cse486586.groupmessenger2 for activity edu.buffalo.cse.cse486586.groupmessenger2/.GroupMessengerActivity: pid=20689 uid=10139 gids={50139, 3003}
I/ActivityManager( 1558): Resuming delayed broadcast
I/ActivityManager( 1558): Delay finish: com.google.android.googlequicksearchbox/com.google.android.searchcommon.summons.icing.InternalIcingCorporaProvider$CorporaChangedReceiver
I/ActivityManager( 1558): Resuming delayed broadcast
W/ContextImpl( 1419): Calling a method in the system process without a qualified user: android.app.ContextImpl.startService:1479 android.content.ContextWrapper.startService:494 android.content.ContextWrapper.startService:494 com.android.keychain.KeyChainBroadcastReceiver.onReceive:12 android.app.ActivityThread.handleReceiver:2419 
I/ActivityManager( 1558): Delay finish: com.android.keychain/.KeyChainBroadcastReceiver
I/ActivityManager( 1558): Resuming delayed broadcast
I/ActivityManager( 1558): Delay finish: com.google.android.gms/.chimera.GmsIntentOperationService$PersistentTrustedReceiver
I/ActivityManager( 1558): Force stopping edu.buffalo.cse.cse486586.groupmessenger2 appid=10139 user=0: from pid 20831
I/ActivityManager( 1558): Killing 20689:edu.buffalo.cse.cse486586.groupmessenger2/u0a139 (adj 0): stop edu.buffalo.cse.cse486586.groupmessenger2
W/ActivityManager( 1558): Force removing ActivityRecord{afabea48 u0 edu.buffalo.cse.cse486586.groupmessenger2/.GroupMessengerActivity t88}: app died, no saved state
I/WindowState( 1558): WIN DEATH: Window{affd8ac8 u0 edu.buffalo.cse.cse486586.groupmessenger2/edu.buffalo.cse.cse486586.groupmessenger2.GroupMessengerActivity}
W/InputMethodManagerService( 1558): Got RemoteException sending setActive(false) notification to pid 20689 uid 10139
I/ActivityManager( 1558): Resuming delayed broadcast
I/ActivityManager( 1558): Delay finish: com.google.android.gms/.gass.chimera.PackageChangeBroadcastReceiver
I/ActivityManager( 1558): Resuming delayed broadcast
I/ActivityManager( 1558): Delay finish: com.google.android.gms/.chimera.GmsIntentOperationService$PersistentTrustedReceiver
I/ActivityManager( 1558): Resuming delayed broadcast
I/ActivityManager( 1558): Delay finish: com.google.android.googlequicksearchbox/com.google.android.searchcommon.summons.icing.InternalIcingCorporaProvider$CorporaChangedReceiver
I/ActivityManager( 1558): Resuming delayed broadcast
I/ActivityManager( 1558): Start proc edu.buffalo.cse.cse486586.groupmessenger2 for content provider edu.buffalo.cse.cse486586.groupmessenger2/.GroupMessengerProvider: pid=20872 uid=10139 gids={50139, 3003}
I/ActivityManager( 1558): Force stopping edu.buffalo.cse.cse486586.groupmessenger2 appid=10139 user=-1: uninstall pkg
I/ActivityManager( 1558): Killing 20872:edu.buffalo.cse.cse486586.groupmessenger2/u0a139 (adj 9): stop edu.buffalo.cse.cse486586.groupmessenger2
W/PackageManager( 1558): Couldn't delete native library directory /data/app-lib/edu.buffalo.cse.cse486586.groupmessenger2
I/ActivityManager( 1558): Force stopping edu.buffalo.cse.cse486586.groupmessenger2 appid=10139 user=0: pkg removed
I/ActivityManager( 1558): Delay finish: com.android.providers.contacts/.PackageIntentReceiver
I/PackageManager( 1558): Adding preferred activity ComponentInfo{com.android.mms/com.android.mms.ui.ComposeMessageActivity} for user 0 :
I/PackageManager( 1558): Adding preferred activity ComponentInfo{com.android.mms/com.android.mms.ui.ComposeMessageActivity} for user 0 :
I/PackageManager( 1558): Adding preferred activity ComponentInfo{com.android.mms/com.android.mms.ui.ComposeMessageActivity} for user 0 :
I/PackageManager( 1558): Adding preferred activity ComponentInfo{com.android.mms/com.android.mms.ui.ComposeMessageActivity} for user 0 :
D/BackupManagerService( 1558): Received broadcast Intent { act=android.intent.action.PACKAGE_REMOVED dat=package:edu.buffalo.cse.cse486586.groupmessenger2 flg=0x4000010 (has extras) }
V/BackupManagerService( 1558): removePackageParticipantsLocked: uid=10139 #1
I/PackageManager( 1558): Adding preferred activity ComponentInfo{com.android.mms/com.android.mms.ui.ComposeMessageActivity} for user 0 :
I/ActivityManager( 1558): Resuming delayed broadcast
I/PackageManager( 1558): Adding preferred activity ComponentInfo{com.android.mms/com.android.mms.ui.ComposeMessageActivity} for user 0 :
I/PackageManager( 1558): Adding preferred activity ComponentInfo{com.android.mms/com.android.mms.ui.ComposeMessageActivity} for user 0 :
I/ActivityManager( 1558): Delay finish: com.google.android.gms/.chimera.GmsIntentOperationService$PersistentTrustedReceiver
I/PackageManager( 1558): Adding preferred activity ComponentInfo{com.android.mms/com.android.mms.ui.ComposeMessageActivity} for user 0 :
W/Vold    ( 1130): Returning OperationFailed - no handler for errno 30
W/Vold    ( 1130): Returning OperationFailed - no handler for errno 30
W/Vold    ( 1130): Returning OperationFailed - no handler for errno 30
W/ActivityManager( 1558): No content provider found for permission revoke: file:///data/local/tmp/app-debug.apk
W/ActivityManager( 1558): No content provider found for permission revoke: file:///data/local/tmp/app-debug.apk
I/PackageManager( 1558): Copying native libraries to /data/app-lib/vmdl-2052972293
I/ActivityManager( 1558): Force stopping edu.buffalo.cse.cse486586.groupmessenger2 appid=10140 user=-1: update pkg
D/BackupManagerService( 1558): Received broadcast Intent { act=android.intent.action.PACKAGE_ADDED dat=package:edu.buffalo.cse.cse486586.groupmessenger2 flg=0x4000010 (has extras) }
V/BackupManagerService( 1558): addPackageParticipantsLocked: #1
I/PackageManager( 1558): Adding preferred activity ComponentInfo{com.android.mms/com.android.mms.ui.ComposeMessageActivity} for user 0 :
I/PackageManager( 1558): Adding preferred activity ComponentInfo{com.android.mms/com.android.mms.ui.ComposeMessageActivity} for user 0 :
I/PackageManager( 1558): Adding preferred activity ComponentInfo{com.android.mms/com.android.mms.ui.ComposeMessageActivity} for user 0 :
I/PackageManager( 1558): Adding preferred activity ComponentInfo{com.android.mms/com.android.mms.ui.ComposeMessageActivity} for user 0 :
I/PackageManager( 1558): Adding preferred activity ComponentInfo{com.android.mms/com.android.mms.ui.ComposeMessageActivity} for user 0 :
I/PackageManager( 1558): Adding preferred activity ComponentInfo{com.android.mms/com.android.mms.ui.ComposeMessageActivity} for user 0 :
I/PackageManager( 1558): Adding preferred activity ComponentInfo{com.android.mms/com.android.mms.ui.ComposeMessageActivity} for user 0 :
I/PackageManager( 1558): Adding preferred activity ComponentInfo{com.android.mms/com.android.mms.ui.ComposeMessageActivity} for user 0 :
I/ActivityManager( 1558): Force stopping edu.buffalo.cse.cse486586.groupmessenger2 appid=10140 user=0: from pid 21216
I/ActivityManager( 1558): START u0 {act=android.intent.action.MAIN cat=[android.intent.category.LAUNCHER] flg=0x10000000 cmp=edu.buffalo.cse.cse486586.groupmessenger2/.GroupMessengerActivity} from pid 21216
I/ActivityManager( 1558): Start proc edu.buffalo.cse.cse486586.groupmessenger2 for activity edu.buffalo.cse.cse486586.groupmessenger2/.GroupMessengerActivity: pid=21227 uid=10140 gids={50140, 3003}
I/ActivityManager( 1558): Resuming delayed broadcast
I/ActivityManager( 1558): Delay finish: com.google.android.googlequicksearchbox/com.google.android.searchcommon.summons.icing.InternalIcingCorporaProvider$CorporaChangedReceiver
I/ActivityManager( 1558): Resuming delayed broadcast
W/ContextImpl( 1419): Calling a method in the system process without a qualified user: android.app.ContextImpl.startService:1479 android.content.ContextWrapper.startService:494 android.content.ContextWrapper.startService:494 com.android.keychain.KeyChainBroadcastReceiver.onReceive:12 android.app.ActivityThread.handleReceiver:2419 
I/ActivityManager( 1558): Delay finish: com.android.keychain/.KeyChainBroadcastReceiver
I/ActivityManager( 1558): Resuming delayed broadcast
I/ActivityManager( 1558): Delay finish: com.google.android.gms/.chimera.GmsIntentOperationService$PersistentTrustedReceiver
I/ActivityManager( 1558): Resuming delayed broadcast
I/ActivityManager( 1558): Delay finish: com.google.android.gms/.gass.chimera.PackageChangeBroadcastReceiver
I/ActivityManager( 1558): Resuming delayed broadcast
I/ActivityManager( 1558): Delay finish: com.google.android.gms/.chimera.GmsIntentOperationService$PersistentTrustedReceiver
I/ActivityManager( 1558): Resuming delayed broadcast
I/ActivityManager( 1558): Delay finish: com.google.android.googlequicksearchbox/com.google.android.searchcommon.summons.icing.InternalIcingCorporaProvider$CorporaChangedReceiver
I/ActivityManager( 1558): Resuming delayed broadcast
I/ActivityManager( 1558): Force stopping edu.buffalo.cse.cse486586.groupmessenger2 appid=10140 user=-1: uninstall pkg
I/ActivityManager( 1558): Killing 21227:edu.buffalo.cse.cse486586.groupmessenger2/u0a140 (adj 0): stop edu.buffalo.cse.cse486586.groupmessenger2
W/ActivityManager( 1558): Force removing ActivityRecord{afac30a0 u0 edu.buffalo.cse.cse486586.groupmessenger2/.GroupMessengerActivity t89}: app died, no saved state
W/PackageManager( 1558): Couldn't delete native library directory /data/app-lib/edu.buffalo.cse.cse486586.groupmessenger2
I/WindowState( 1558): WIN DEATH: Window{afc320d0 u0 edu.buffalo.cse.cse486586.groupmessenger2/edu.buffalo.cse.cse486586.groupmessenger2.GroupMessengerActivity}
I/ActivityManager( 1558): Force stopping edu.buffalo.cse.cse486586.groupmessenger2 appid=10140 user=0: pkg removed
I/PackageManager( 1558): Adding preferred activity ComponentInfo{com.android.mms/com.android.mms.ui.ComposeMessageActivity} for user 0 :
I/ActivityManager( 1558): Delay finish: com.android.providers.contacts/.PackageIntentReceiver
I/PackageManager( 1558): Adding preferred activity ComponentInfo{com.android.mms/com.android.mms.ui.ComposeMessageActivity} for user 0 :
I/PackageManager( 1558): Adding preferred activity ComponentInfo{com.android.mms/com.android.mms.ui.ComposeMessageActivity} for user 0 :
W/InputMethodManagerService( 1558): Got RemoteException sending setActive(false) notification to pid 21227 uid 10140
I/PackageManager( 1558): Adding preferred activity ComponentInfo{com.android.mms/com.android.mms.ui.ComposeMessageActivity} for user 0 :
D/BackupManagerService( 1558): Received broadcast Intent { act=android.intent.action.PACKAGE_REMOVED dat=package:edu.buffalo.cse.cse486586.groupmessenger2 flg=0x4000010 (has extras) }
V/BackupManagerService( 1558): removePackageParticipantsLocked: uid=10140 #1
I/ActivityManager( 1558): Resuming delayed broadcast
I/PackageManager( 1558): Adding preferred activity ComponentInfo{com.android.mms/com.android.mms.ui.ComposeMessageActivity} for user 0 :
I/PackageManager( 1558): Adding preferred activity ComponentInfo{com.android.mms/com.android.mms.ui.ComposeMessageActivity} for user 0 :
I/PackageManager( 1558): Adding preferred activity ComponentInfo{com.android.mms/com.android.mms.ui.ComposeMessageActivity} for user 0 :
I/PackageManager( 1558): Adding preferred activity ComponentInfo{com.android.mms/com.android.mms.ui.ComposeMessageActivity} for user 0 :
I/ActivityManager( 1558): Delay finish: com.google.android.gms/.chimera.GmsIntentOperationService$PersistentTrustedReceiver
W/Vold    ( 1130): Returning OperationFailed - no handler for errno 30
W/Vold    ( 1130): Returning OperationFailed - no handler for errno 30
W/Vold    ( 1130): Returning OperationFailed - no handler for errno 30
W/ActivityManager( 1558): No content provider found for permission revoke: file:///data/local/tmp/app-debug.apk
W/ActivityManager( 1558): No content provider found for permission revoke: file:///data/local/tmp/app-debug.apk
I/PackageManager( 1558): Copying native libraries to /data/app-lib/vmdl1371881562
I/ActivityManager( 1558): Force stopping edu.buffalo.cse.cse486586.groupmessenger2 appid=10141 user=-1: update pkg
D/BackupManagerService( 1558): Received broadcast Intent { act=android.intent.action.PACKAGE_ADDED dat=package:edu.buffalo.cse.cse486586.groupmessenger2 flg=0x4000010 (has extras) }
V/BackupManagerService( 1558): addPackageParticipantsLocked: #1
I/PackageManager( 1558): Adding preferred activity ComponentInfo{com.android.mms/com.android.mms.ui.ComposeMessageActivity} for user 0 :
I/PackageManager( 1558): Adding preferred activity ComponentInfo{com.android.mms/com.android.mms.ui.ComposeMessageActivity} for user 0 :
I/PackageManager( 1558): Adding preferred activity ComponentInfo{com.android.mms/com.android.mms.ui.ComposeMessageActivity} for user 0 :
I/PackageManager( 1558): Adding preferred activity ComponentInfo{com.android.mms/com.android.mms.ui.ComposeMessageActivity} for user 0 :
I/PackageManager( 1558): Adding preferred activity ComponentInfo{com.android.mms/com.android.mms.ui.ComposeMessageActivity} for user 0 :
I/PackageManager( 1558): Adding preferred activity ComponentInfo{com.android.mms/com.android.mms.ui.ComposeMessageActivity} for user 0 :
I/PackageManager( 1558): Adding preferred activity ComponentInfo{com.android.mms/com.android.mms.ui.ComposeMessageActivity} for user 0 :
I/PackageManager( 1558): Adding preferred activity ComponentInfo{com.android.mms/com.android.mms.ui.ComposeMessageActivity} for user 0 :
I/ActivityManager( 1558): Force stopping edu.buffalo.cse.cse486586.groupmessenger2 appid=10141 user=0: from pid 21811
I/ActivityManager( 1558): START u0 {act=android.intent.action.MAIN cat=[android.intent.category.LAUNCHER] flg=0x10000000 cmp=edu.buffalo.cse.cse486586.groupmessenger2/.GroupMessengerActivity} from pid 21811
I/ActivityManager( 1558): Start proc edu.buffalo.cse.cse486586.groupmessenger2 for activity edu.buffalo.cse.cse486586.groupmessenger2/.GroupMessengerActivity: pid=21822 uid=10141 gids={50141, 3003}
I/ActivityManager( 1558): Resuming delayed broadcast
I/ActivityManager( 1558): Delay finish: com.google.android.googlequicksearchbox/com.google.android.searchcommon.summons.icing.InternalIcingCorporaProvider$CorporaChangedReceiver
I/ActivityManager( 1558): Resuming delayed broadcast
W/ContextImpl( 1419): Calling a method in the system process without a qualified user: android.app.ContextImpl.startService:1479 android.content.ContextWrapper.startService:494 android.content.ContextWrapper.startService:494 com.android.keychain.KeyChainBroadcastReceiver.onReceive:12 android.app.ActivityThread.handleReceiver:2419 
I/ActivityManager( 1558): Delay finish: com.android.keychain/.KeyChainBroadcastReceiver
I/ActivityManager( 1558): Resuming delayed broadcast
I/ActivityManager( 1558): Delay finish: com.google.android.gms/.chimera.GmsIntentOperationService$PersistentTrustedReceiver
I/ActivityManager( 1558): Resuming delayed broadcast
I/ActivityManager( 1558): Delay finish: com.google.android.gms/.gass.chimera.PackageChangeBroadcastReceiver
I/ActivityManager( 1558): Resuming delayed broadcast
I/ActivityManager( 1558): Delay finish: com.google.android.gms/.chimera.GmsIntentOperationService$PersistentTrustedReceiver
I/ActivityManager( 1558): Resuming delayed broadcast
I/ActivityManager( 1558): Killing 1853:com.android.externalstorage/u0a6 (adj 15): empty for 1806s
I/ActivityManager( 1558): Delay finish: com.google.android.googlequicksearchbox/com.google.android.searchcommon.summons.icing.InternalIcingCorporaProvider$CorporaChangedReceiver
I/ActivityManager( 1558): Resuming delayed broadcast
I/ActivityManager( 1558): Force stopping edu.buffalo.cse.cse486586.groupmessenger2 appid=10141 user=-1: uninstall pkg
I/ActivityManager( 1558): Killing 21822:edu.buffalo.cse.cse486586.groupmessenger2/u0a141 (adj 0): stop edu.buffalo.cse.cse486586.groupmessenger2
W/ActivityManager( 1558): Force removing ActivityRecord{aff57b88 u0 edu.buffalo.cse.cse486586.groupmessenger2/.GroupMessengerActivity t90}: app died, no saved state
W/PackageManager( 1558): Couldn't delete native library directory /data/app-lib/edu.buffalo.cse.cse486586.groupmessenger2
I/WindowState( 1558): WIN DEATH: Window{afd46ec8 u0 edu.buffalo.cse.cse486586.groupmessenger2/edu.buffalo.cse.cse486586.groupmessenger2.GroupMessengerActivity}
I/ActivityManager( 1558): Force stopping edu.buffalo.cse.cse486586.groupmessenger2 appid=10141 user=0: pkg removed
I/PackageManager( 1558): Adding preferred activity ComponentInfo{com.android.mms/com.android.mms.ui.ComposeMessageActivity} for user 0 :
I/ActivityManager( 1558): Delay finish: com.android.providers.contacts/.PackageIntentReceiver
I/PackageManager( 1558): Adding preferred activity ComponentInfo{com.android.mms/com.android.mms.ui.ComposeMessageActivity} for user 0 :
I/PackageManager( 1558): Adding preferred activity ComponentInfo{com.android.mms/com.android.mms.ui.ComposeMessageActivity} for user 0 :
D/BackupManagerService( 1558): Received broadcast Intent { act=android.intent.action.PACKAGE_REMOVED dat=package:edu.buffalo.cse.cse486586.groupmessenger2 flg=0x4000010 (has extras) }
V/BackupManagerService( 1558): removePackageParticipantsLocked: uid=10141 #1
I/PackageManager( 1558): Adding preferred activity ComponentInfo{com.android.mms/com.android.mms.ui.ComposeMessageActivity} for user 0 :
I/PackageManager( 1558): Adding preferred activity ComponentInfo{com.android.mms/com.android.mms.ui.ComposeMessageActivity} for user 0 :
I/ActivityManager( 1558): Start proc com.android.externalstorage for content provider com.android.externalstorage/.ExternalStorageProvider: pid=22353 uid=10006 gids={50006, 1028, 1015, 1023}
I/ActivityManager( 1558): Resuming delayed broadcast
W/InputMethodManagerService( 1558): Got RemoteException sending setActive(false) notification to pid 21822 uid 10141
I/PackageManager( 1558): Adding preferred activity ComponentInfo{com.android.mms/com.android.mms.ui.ComposeMessageActivity} for user 0 :
I/PackageManager( 1558): Adding preferred activity ComponentInfo{com.android.mms/com.android.mms.ui.ComposeMessageActivity} for user 0 :
I/PackageManager( 1558): Adding preferred activity ComponentInfo{com.android.mms/com.android.mms.ui.ComposeMessageActivity} for user 0 :
I/ActivityManager( 1558): Delay finish: com.google.android.gms/.chimera.GmsIntentOperationService$PersistentTrustedReceiver
