--------- beginning of /dev/log/system
W/InputMethodManagerService( 1558): Got RemoteException sending setActive(false) notification to pid 8869 uid 10119
I/ActivityManager( 1558): Delay finish: com.android.providers.contacts/.PackageIntentReceiver
I/PackageManager( 1558): Adding preferred activity ComponentInfo{com.android.mms/com.android.mms.ui.ComposeMessageActivity} for user 0 :
I/PackageManager( 1558): Adding preferred activity ComponentInfo{com.android.mms/com.android.mms.ui.ComposeMessageActivity} for user 0 :
I/PackageManager( 1558): Adding preferred activity ComponentInfo{com.android.mms/com.android.mms.ui.ComposeMessageActivity} for user 0 :
I/PackageManager( 1558): Adding preferred activity ComponentInfo{com.android.mms/com.android.mms.ui.ComposeMessageActivity} for user 0 :
D/BackupManagerService( 1558): Received broadcast Intent { act=android.intent.action.PACKAGE_REMOVED dat=package:edu.buffalo.cse.cse486586.groupmessenger2 flg=0x4000010 (has extras) }
V/BackupManagerService( 1558): removePackageParticipantsLocked: uid=10119 #1
I/PackageManager( 1558): Adding preferred activity ComponentInfo{com.android.mms/com.android.mms.ui.ComposeMessageActivity} for user 0 :
I/PackageManager( 1558): Adding preferred activity ComponentInfo{com.android.mms/com.android.mms.ui.ComposeMessageActivity} for user 0 :
I/PackageManager( 1558): Adding preferred activity ComponentInfo{com.android.mms/com.android.mms.ui.ComposeMessageActivity} for user 0 :
I/PackageManager( 1558): Adding preferred activity ComponentInfo{com.android.mms/com.android.mms.ui.ComposeMessageActivity} for user 0 :
I/ActivityManager( 1558): Resuming delayed broadcast
I/ActivityManager( 1558): Delay finish: com.google.android.gms/.chimera.GmsIntentOperationService$PersistentTrustedReceiver
W/Vold    ( 1130): Returning OperationFailed - no handler for errno 30
W/Vold    ( 1130): Returning OperationFailed - no handler for errno 30
W/Vold    ( 1130): Returning OperationFailed - no handler for errno 30
W/ActivityManager( 1558): No content provider found for permission revoke: file:///data/local/tmp/app-debug.apk
W/ActivityManager( 1558): No content provider found for permission revoke: file:///data/local/tmp/app-debug.apk
I/PackageManager( 1558): Copying native libraries to /data/app-lib/vmdl-2055340251
I/ActivityManager( 1558): Force stopping edu.buffalo.cse.cse486586.groupmessenger2 appid=10120 user=-1: update pkg
I/PackageManager( 1558): Adding preferred activity ComponentInfo{com.android.mms/com.android.mms.ui.ComposeMessageActivity} for user 0 :
I/PackageManager( 1558): Adding preferred activity ComponentInfo{com.android.mms/com.android.mms.ui.ComposeMessageActivity} for user 0 :
D/BackupManagerService( 1558): Received broadcast Intent { act=android.intent.action.PACKAGE_ADDED dat=package:edu.buffalo.cse.cse486586.groupmessenger2 flg=0x4000010 (has extras) }
V/BackupManagerService( 1558): addPackageParticipantsLocked: #1
I/PackageManager( 1558): Adding preferred activity ComponentInfo{com.android.mms/com.android.mms.ui.ComposeMessageActivity} for user 0 :
I/PackageManager( 1558): Adding preferred activity ComponentInfo{com.android.mms/com.android.mms.ui.ComposeMessageActivity} for user 0 :
I/PackageManager( 1558): Adding preferred activity ComponentInfo{com.android.mms/com.android.mms.ui.ComposeMessageActivity} for user 0 :
I/PackageManager( 1558): Adding preferred activity ComponentInfo{com.android.mms/com.android.mms.ui.ComposeMessageActivity} for user 0 :
I/PackageManager( 1558): Adding preferred activity ComponentInfo{com.android.mms/com.android.mms.ui.ComposeMessageActivity} for user 0 :
I/PackageManager( 1558): Adding preferred activity ComponentInfo{com.android.mms/com.android.mms.ui.ComposeMessageActivity} for user 0 :
I/ActivityManager( 1558): Force stopping edu.buffalo.cse.cse486586.groupmessenger2 appid=10120 user=0: from pid 9450
I/ActivityManager( 1558): START u0 {act=android.intent.action.MAIN cat=[android.intent.category.LAUNCHER] flg=0x10000000 cmp=edu.buffalo.cse.cse486586.groupmessenger2/.GroupMessengerActivity} from pid 9450
I/ActivityManager( 1558): Start proc edu.buffalo.cse.cse486586.groupmessenger2 for activity edu.buffalo.cse.cse486586.groupmessenger2/.GroupMessengerActivity: pid=9461 uid=10120 gids={50120, 3003}
I/ActivityManager( 1558): Resuming delayed broadcast
I/ActivityManager( 1558): Delay finish: com.google.android.googlequicksearchbox/com.google.android.searchcommon.summons.icing.InternalIcingCorporaProvider$CorporaChangedReceiver
I/ActivityManager( 1558): Resuming delayed broadcast
W/ContextImpl( 1419): Calling a method in the system process without a qualified user: android.app.ContextImpl.startService:1479 android.content.ContextWrapper.startService:494 android.content.ContextWrapper.startService:494 com.android.keychain.KeyChainBroadcastReceiver.onReceive:12 android.app.ActivityThread.handleReceiver:2419 
I/ActivityManager( 1558): Delay finish: com.android.keychain/.KeyChainBroadcastReceiver
I/ActivityManager( 1558): Resuming delayed broadcast
I/ActivityManager( 1558): Delay finish: com.google.android.gms/.chimera.GmsIntentOperationService$PersistentTrustedReceiver
I/ActivityManager( 1558): Resuming delayed broadcast
I/ActivityManager( 1558): Delay finish: com.google.android.gms/.gass.chimera.PackageChangeBroadcastReceiver
I/ActivityManager( 1558): Resuming delayed broadcast
I/ActivityManager( 1558): Delay finish: com.google.android.gms/.chimera.GmsIntentOperationService$PersistentTrustedReceiver
I/ActivityManager( 1558): Resuming delayed broadcast
I/ActivityManager( 1558): Delay finish: com.google.android.googlequicksearchbox/com.google.android.searchcommon.summons.icing.InternalIcingCorporaProvider$CorporaChangedReceiver
I/ActivityManager( 1558): Resuming delayed broadcast
I/ActivityManager( 1558): Force stopping edu.buffalo.cse.cse486586.groupmessenger2 appid=10120 user=-1: uninstall pkg
I/ActivityManager( 1558): Killing 9461:edu.buffalo.cse.cse486586.groupmessenger2/u0a120 (adj 0): stop edu.buffalo.cse.cse486586.groupmessenger2
W/ActivityManager( 1558): Force removing ActivityRecord{afc22da0 u0 edu.buffalo.cse.cse486586.groupmessenger2/.GroupMessengerActivity t69}: app died, no saved state
W/PackageManager( 1558): Couldn't delete native library directory /data/app-lib/edu.buffalo.cse.cse486586.groupmessenger2
I/WindowState( 1558): WIN DEATH: Window{afd45b80 u0 edu.buffalo.cse.cse486586.groupmessenger2/edu.buffalo.cse.cse486586.groupmessenger2.GroupMessengerActivity}
I/ActivityManager( 1558): Force stopping edu.buffalo.cse.cse486586.groupmessenger2 appid=10120 user=0: pkg removed
I/ActivityManager( 1558): Delay finish: com.android.providers.contacts/.PackageIntentReceiver
I/PackageManager( 1558): Adding preferred activity ComponentInfo{com.android.mms/com.android.mms.ui.ComposeMessageActivity} for user 0 :
I/PackageManager( 1558): Adding preferred activity ComponentInfo{com.android.mms/com.android.mms.ui.ComposeMessageActivity} for user 0 :
D/BackupManagerService( 1558): Received broadcast Intent { act=android.intent.action.PACKAGE_REMOVED dat=package:edu.buffalo.cse.cse486586.groupmessenger2 flg=0x4000010 (has extras) }
I/PackageManager( 1558): Adding preferred activity ComponentInfo{com.android.mms/com.android.mms.ui.ComposeMessageActivity} for user 0 :
V/BackupManagerService( 1558): removePackageParticipantsLocked: uid=10120 #1
I/PackageManager( 1558): Adding preferred activity ComponentInfo{com.android.mms/com.android.mms.ui.ComposeMessageActivity} for user 0 :
I/ActivityManager( 1558): Resuming delayed broadcast
W/InputMethodManagerService( 1558): Got RemoteException sending setActive(false) notification to pid 9461 uid 10120
I/PackageManager( 1558): Adding preferred activity ComponentInfo{com.android.mms/com.android.mms.ui.ComposeMessageActivity} for user 0 :
I/PackageManager( 1558): Adding preferred activity ComponentInfo{com.android.mms/com.android.mms.ui.ComposeMessageActivity} for user 0 :
I/PackageManager( 1558): Adding preferred activity ComponentInfo{com.android.mms/com.android.mms.ui.ComposeMessageActivity} for user 0 :
I/PackageManager( 1558): Adding preferred activity ComponentInfo{com.android.mms/com.android.mms.ui.ComposeMessageActivity} for user 0 :
I/ActivityManager( 1558): Delay finish: com.google.android.gms/.chimera.GmsIntentOperationService$PersistentTrustedReceiver
W/Vold    ( 1130): Returning OperationFailed - no handler for errno 30
W/Vold    ( 1130): Returning OperationFailed - no handler for errno 30
W/Vold    ( 1130): Returning OperationFailed - no handler for errno 30
W/ActivityManager( 1558): No content provider found for permission revoke: file:///data/local/tmp/app-debug.apk
W/ActivityManager( 1558): No content provider found for permission revoke: file:///data/local/tmp/app-debug.apk
I/PackageManager( 1558): Copying native libraries to /data/app-lib/vmdl550372621
I/ActivityManager( 1558): Force stopping edu.buffalo.cse.cse486586.groupmessenger2 appid=10121 user=-1: update pkg
I/PackageManager( 1558): Adding preferred activity ComponentInfo{com.android.mms/com.android.mms.ui.ComposeMessageActivity} for user 0 :
D/BackupManagerService( 1558): Received broadcast Intent { act=android.intent.action.PACKAGE_ADDED dat=package:edu.buffalo.cse.cse486586.groupmessenger2 flg=0x4000010 (has extras) }
V/BackupManagerService( 1558): addPackageParticipantsLocked: #1
I/PackageManager( 1558): Adding preferred activity ComponentInfo{com.android.mms/com.android.mms.ui.ComposeMessageActivity} for user 0 :
I/PackageManager( 1558): Adding preferred activity ComponentInfo{com.android.mms/com.android.mms.ui.ComposeMessageActivity} for user 0 :
I/PackageManager( 1558): Adding preferred activity ComponentInfo{com.android.mms/com.android.mms.ui.ComposeMessageActivity} for user 0 :
I/PackageManager( 1558): Adding preferred activity ComponentInfo{com.android.mms/com.android.mms.ui.ComposeMessageActivity} for user 0 :
I/PackageManager( 1558): Adding preferred activity ComponentInfo{com.android.mms/com.android.mms.ui.ComposeMessageActivity} for user 0 :
I/PackageManager( 1558): Adding preferred activity ComponentInfo{com.android.mms/com.android.mms.ui.ComposeMessageActivity} for user 0 :
I/PackageManager( 1558): Adding preferred activity ComponentInfo{com.android.mms/com.android.mms.ui.ComposeMessageActivity} for user 0 :
I/ActivityManager( 1558): Force stopping edu.buffalo.cse.cse486586.groupmessenger2 appid=10121 user=0: from pid 10045
I/ActivityManager( 1558): START u0 {act=android.intent.action.MAIN cat=[android.intent.category.LAUNCHER] flg=0x10000000 cmp=edu.buffalo.cse.cse486586.groupmessenger2/.GroupMessengerActivity} from pid 10045
I/ActivityManager( 1558): Start proc edu.buffalo.cse.cse486586.groupmessenger2 for activity edu.buffalo.cse.cse486586.groupmessenger2/.GroupMessengerActivity: pid=10056 uid=10121 gids={50121, 3003}
I/ActivityManager( 1558): Resuming delayed broadcast
I/ActivityManager( 1558): Delay finish: com.google.android.googlequicksearchbox/com.google.android.searchcommon.summons.icing.InternalIcingCorporaProvider$CorporaChangedReceiver
I/ActivityManager( 1558): Resuming delayed broadcast
W/ContextImpl( 1419): Calling a method in the system process without a qualified user: android.app.ContextImpl.startService:1479 android.content.ContextWrapper.startService:494 android.content.ContextWrapper.startService:494 com.android.keychain.KeyChainBroadcastReceiver.onReceive:12 android.app.ActivityThread.handleReceiver:2419 
I/ActivityManager( 1558): Delay finish: com.android.keychain/.KeyChainBroadcastReceiver
I/ActivityManager( 1558): Resuming delayed broadcast
I/ActivityManager( 1558): Delay finish: com.google.android.gms/.chimera.GmsIntentOperationService$PersistentTrustedReceiver
I/ActivityManager( 1558): Resuming delayed broadcast
I/ActivityManager( 1558): Delay finish: com.google.android.gms/.gass.chimera.PackageChangeBroadcastReceiver
I/ActivityManager( 1558): Resuming delayed broadcast
I/ActivityManager( 1558): Delay finish: com.google.android.gms/.chimera.GmsIntentOperationService$PersistentTrustedReceiver
I/ActivityManager( 1558): Resuming delayed broadcast
I/ActivityManager( 1558): Delay finish: com.google.android.googlequicksearchbox/com.google.android.searchcommon.summons.icing.InternalIcingCorporaProvider$CorporaChangedReceiver
I/ActivityManager( 1558): Resuming delayed broadcast
W/BatteryStatsImpl( 1558): Couldn't get kernel wake lock stats
I/EntropyMixer( 1558): Writing entropy...
I/ActivityManager( 1558): Force stopping edu.buffalo.cse.cse486586.groupmessenger2 appid=10121 user=-1: uninstall pkg
I/ActivityManager( 1558): Killing 10056:edu.buffalo.cse.cse486586.groupmessenger2/u0a121 (adj 0): stop edu.buffalo.cse.cse486586.groupmessenger2
W/ActivityManager( 1558): Force removing ActivityRecord{afabaa08 u0 edu.buffalo.cse.cse486586.groupmessenger2/.GroupMessengerActivity t70}: app died, no saved state
I/WindowState( 1558): WIN DEATH: Window{afe3e408 u0 edu.buffalo.cse.cse486586.groupmessenger2/edu.buffalo.cse.cse486586.groupmessenger2.GroupMessengerActivity}
W/PackageManager( 1558): Couldn't delete native library directory /data/app-lib/edu.buffalo.cse.cse486586.groupmessenger2
I/ActivityManager( 1558): Force stopping edu.buffalo.cse.cse486586.groupmessenger2 appid=10121 user=0: pkg removed
I/ActivityManager( 1558): Delay finish: com.android.providers.contacts/.PackageIntentReceiver
I/PackageManager( 1558): Adding preferred activity ComponentInfo{com.android.mms/com.android.mms.ui.ComposeMessageActivity} for user 0 :
I/PackageManager( 1558): Adding preferred activity ComponentInfo{com.android.mms/com.android.mms.ui.ComposeMessageActivity} for user 0 :
I/PackageManager( 1558): Adding preferred activity ComponentInfo{com.android.mms/com.android.mms.ui.ComposeMessageActivity} for user 0 :
D/BackupManagerService( 1558): Received broadcast Intent { act=android.intent.action.PACKAGE_REMOVED dat=package:edu.buffalo.cse.cse486586.groupmessenger2 flg=0x4000010 (has extras) }
V/BackupManagerService( 1558): removePackageParticipantsLocked: uid=10121 #1
I/PackageManager( 1558): Adding preferred activity ComponentInfo{com.android.mms/com.android.mms.ui.ComposeMessageActivity} for user 0 :
W/InputMethodManagerService( 1558): Got RemoteException sending setActive(false) notification to pid 10056 uid 10121
I/PackageManager( 1558): Adding preferred activity ComponentInfo{com.android.mms/com.android.mms.ui.ComposeMessageActivity} for user 0 :
I/ActivityManager( 1558): Resuming delayed broadcast
I/PackageManager( 1558): Adding preferred activity ComponentInfo{com.android.mms/com.android.mms.ui.ComposeMessageActivity} for user 0 :
I/PackageManager( 1558): Adding preferred activity ComponentInfo{com.android.mms/com.android.mms.ui.ComposeMessageActivity} for user 0 :
I/PackageManager( 1558): Adding preferred activity ComponentInfo{com.android.mms/com.android.mms.ui.ComposeMessageActivity} for user 0 :
I/ActivityManager( 1558): Delay finish: com.google.android.gms/.chimera.GmsIntentOperationService$PersistentTrustedReceiver
W/Vold    ( 1130): Returning OperationFailed - no handler for errno 30
W/Vold    ( 1130): Returning OperationFailed - no handler for errno 30
W/Vold    ( 1130): Returning OperationFailed - no handler for errno 30
W/ActivityManager( 1558): No content provider found for permission revoke: file:///data/local/tmp/app-debug.apk
W/ActivityManager( 1558): No content provider found for permission revoke: file:///data/local/tmp/app-debug.apk
I/PackageManager( 1558): Copying native libraries to /data/app-lib/vmdl-675911128
I/ActivityManager( 1558): Force stopping edu.buffalo.cse.cse486586.groupmessenger2 appid=10122 user=-1: update pkg
I/PackageManager( 1558): Adding preferred activity ComponentInfo{com.android.mms/com.android.mms.ui.ComposeMessageActivity} for user 0 :
I/PackageManager( 1558): Adding preferred activity ComponentInfo{com.android.mms/com.android.mms.ui.ComposeMessageActivity} for user 0 :
I/PackageManager( 1558): Adding preferred activity ComponentInfo{com.android.mms/com.android.mms.ui.ComposeMessageActivity} for user 0 :
D/BackupManagerService( 1558): Received broadcast Intent { act=android.intent.action.PACKAGE_ADDED dat=package:edu.buffalo.cse.cse486586.groupmessenger2 flg=0x4000010 (has extras) }
I/PackageManager( 1558): Adding preferred activity ComponentInfo{com.android.mms/com.android.mms.ui.ComposeMessageActivity} for user 0 :
V/BackupManagerService( 1558): addPackageParticipantsLocked: #1
I/PackageManager( 1558): Adding preferred activity ComponentInfo{com.android.mms/com.android.mms.ui.ComposeMessageActivity} for user 0 :
I/PackageManager( 1558): Adding preferred activity ComponentInfo{com.android.mms/com.android.mms.ui.ComposeMessageActivity} for user 0 :
I/PackageManager( 1558): Adding preferred activity ComponentInfo{com.android.mms/com.android.mms.ui.ComposeMessageActivity} for user 0 :
I/PackageManager( 1558): Adding preferred activity ComponentInfo{com.android.mms/com.android.mms.ui.ComposeMessageActivity} for user 0 :
I/ActivityManager( 1558): Force stopping edu.buffalo.cse.cse486586.groupmessenger2 appid=10122 user=0: from pid 10646
I/ActivityManager( 1558): START u0 {act=android.intent.action.MAIN cat=[android.intent.category.LAUNCHER] flg=0x10000000 cmp=edu.buffalo.cse.cse486586.groupmessenger2/.GroupMessengerActivity} from pid 10646
I/ActivityManager( 1558): Start proc edu.buffalo.cse.cse486586.groupmessenger2 for activity edu.buffalo.cse.cse486586.groupmessenger2/.GroupMessengerActivity: pid=10657 uid=10122 gids={50122, 3003}
I/ActivityManager( 1558): Resuming delayed broadcast
I/ActivityManager( 1558): Delay finish: com.google.android.googlequicksearchbox/com.google.android.searchcommon.summons.icing.InternalIcingCorporaProvider$CorporaChangedReceiver
I/ActivityManager( 1558): Resuming delayed broadcast
W/ContextImpl( 1419): Calling a method in the system process without a qualified user: android.app.ContextImpl.startService:1479 android.content.ContextWrapper.startService:494 android.content.ContextWrapper.startService:494 com.android.keychain.KeyChainBroadcastReceiver.onReceive:12 android.app.ActivityThread.handleReceiver:2419 
I/ActivityManager( 1558): Delay finish: com.android.keychain/.KeyChainBroadcastReceiver
I/ActivityManager( 1558): Resuming delayed broadcast
I/ActivityManager( 1558): Delay finish: com.google.android.gms/.chimera.GmsIntentOperationService$PersistentTrustedReceiver
I/ActivityManager( 1558): Resuming delayed broadcast
I/ActivityManager( 1558): Delay finish: com.google.android.gms/.gass.chimera.PackageChangeBroadcastReceiver
I/ActivityManager( 1558): Resuming delayed broadcast
I/ActivityManager( 1558): Delay finish: com.google.android.gms/.chimera.GmsIntentOperationService$PersistentTrustedReceiver
I/ActivityManager( 1558): Resuming delayed broadcast
I/ActivityManager( 1558): Delay finish: com.google.android.googlequicksearchbox/com.google.android.searchcommon.summons.icing.InternalIcingCorporaProvider$CorporaChangedReceiver
I/ActivityManager( 1558): Resuming delayed broadcast
I/ActivityManager( 1558): Force stopping edu.buffalo.cse.cse486586.groupmessenger2 appid=10122 user=-1: uninstall pkg
I/ActivityManager( 1558): Killing 10657:edu.buffalo.cse.cse486586.groupmessenger2/u0a122 (adj 0): stop edu.buffalo.cse.cse486586.groupmessenger2
W/ActivityManager( 1558): Force removing ActivityRecord{afabea48 u0 edu.buffalo.cse.cse486586.groupmessenger2/.GroupMessengerActivity t71}: app died, no saved state
I/WindowState( 1558): WIN DEATH: Window{b005c110 u0 edu.buffalo.cse.cse486586.groupmessenger2/edu.buffalo.cse.cse486586.groupmessenger2.GroupMessengerActivity}
W/PackageManager( 1558): Couldn't delete native library directory /data/app-lib/edu.buffalo.cse.cse486586.groupmessenger2
I/ProcessStatsService( 1558): Prepared write state in 14ms
I/ProcessStatsService( 1558): Prepared write state in 1ms
I/ActivityManager( 1558): Force stopping edu.buffalo.cse.cse486586.groupmessenger2 appid=10122 user=0: pkg removed
I/PackageManager( 1558): Adding preferred activity ComponentInfo{com.android.mms/com.android.mms.ui.ComposeMessageActivity} for user 0 :
I/ActivityManager( 1558): Delay finish: com.android.providers.contacts/.PackageIntentReceiver
I/PackageManager( 1558): Adding preferred activity ComponentInfo{com.android.mms/com.android.mms.ui.ComposeMessageActivity} for user 0 :
D/BackupManagerService( 1558): Received broadcast Intent { act=android.intent.action.PACKAGE_REMOVED dat=package:edu.buffalo.cse.cse486586.groupmessenger2 flg=0x4000010 (has extras) }
V/BackupManagerService( 1558): removePackageParticipantsLocked: uid=10122 #1
I/PackageManager( 1558): Adding preferred activity ComponentInfo{com.android.mms/com.android.mms.ui.ComposeMessageActivity} for user 0 :
I/PackageManager( 1558): Adding preferred activity ComponentInfo{com.android.mms/com.android.mms.ui.ComposeMessageActivity} for user 0 :
W/InputMethodManagerService( 1558): Got RemoteException sending setActive(false) notification to pid 10657 uid 10122
I/ActivityManager( 1558): Resuming delayed broadcast
I/PackageManager( 1558): Adding preferred activity ComponentInfo{com.android.mms/com.android.mms.ui.ComposeMessageActivity} for user 0 :
I/PackageManager( 1558): Adding preferred activity ComponentInfo{com.android.mms/com.android.mms.ui.ComposeMessageActivity} for user 0 :
I/PackageManager( 1558): Adding preferred activity ComponentInfo{com.android.mms/com.android.mms.ui.ComposeMessageActivity} for user 0 :
I/PackageManager( 1558): Adding preferred activity ComponentInfo{com.android.mms/com.android.mms.ui.ComposeMessageActivity} for user 0 :
I/ActivityManager( 1558): Delay finish: com.google.android.gms/.chimera.GmsIntentOperationService$PersistentTrustedReceiver
W/Vold    ( 1130): Returning OperationFailed - no handler for errno 30
W/Vold    ( 1130): Returning OperationFailed - no handler for errno 30
W/Vold    ( 1130): Returning OperationFailed - no handler for errno 30
W/ActivityManager( 1558): No content provider found for permission revoke: file:///data/local/tmp/app-debug.apk
W/ActivityManager( 1558): No content provider found for permission revoke: file:///data/local/tmp/app-debug.apk
I/PackageManager( 1558): Copying native libraries to /data/app-lib/vmdl426123786
I/ActivityManager( 1558): Force stopping edu.buffalo.cse.cse486586.groupmessenger2 appid=10123 user=-1: update pkg
I/PackageManager( 1558): Adding preferred activity ComponentInfo{com.android.mms/com.android.mms.ui.ComposeMessageActivity} for user 0 :
D/BackupManagerService( 1558): Received broadcast Intent { act=android.intent.action.PACKAGE_ADDED dat=package:edu.buffalo.cse.cse486586.groupmessenger2 flg=0x4000010 (has extras) }
V/BackupManagerService( 1558): addPackageParticipantsLocked: #1
I/PackageManager( 1558): Adding preferred activity ComponentInfo{com.android.mms/com.android.mms.ui.ComposeMessageActivity} for user 0 :
I/PackageManager( 1558): Adding preferred activity ComponentInfo{com.android.mms/com.android.mms.ui.ComposeMessageActivity} for user 0 :
I/PackageManager( 1558): Adding preferred activity ComponentInfo{com.android.mms/com.android.mms.ui.ComposeMessageActivity} for user 0 :
I/PackageManager( 1558): Adding preferred activity ComponentInfo{com.android.mms/com.android.mms.ui.ComposeMessageActivity} for user 0 :
I/PackageManager( 1558): Adding preferred activity ComponentInfo{com.android.mms/com.android.mms.ui.ComposeMessageActivity} for user 0 :
I/PackageManager( 1558): Adding preferred activity ComponentInfo{com.android.mms/com.android.mms.ui.ComposeMessageActivity} for user 0 :
I/PackageManager( 1558): Adding preferred activity ComponentInfo{com.android.mms/com.android.mms.ui.ComposeMessageActivity} for user 0 :
I/ActivityManager( 1558): Force stopping edu.buffalo.cse.cse486586.groupmessenger2 appid=10123 user=0: from pid 11241
I/ActivityManager( 1558): START u0 {act=android.intent.action.MAIN cat=[android.intent.category.LAUNCHER] flg=0x10000000 cmp=edu.buffalo.cse.cse486586.groupmessenger2/.GroupMessengerActivity} from pid 11241
I/ActivityManager( 1558): Start proc edu.buffalo.cse.cse486586.groupmessenger2 for activity edu.buffalo.cse.cse486586.groupmessenger2/.GroupMessengerActivity: pid=11252 uid=10123 gids={50123, 3003}
I/ActivityManager( 1558): Resuming delayed broadcast
I/ActivityManager( 1558): Delay finish: com.google.android.googlequicksearchbox/com.google.android.searchcommon.summons.icing.InternalIcingCorporaProvider$CorporaChangedReceiver
I/ActivityManager( 1558): Resuming delayed broadcast
W/ContextImpl( 1419): Calling a method in the system process without a qualified user: android.app.ContextImpl.startService:1479 android.content.ContextWrapper.startService:494 android.content.ContextWrapper.startService:494 com.android.keychain.KeyChainBroadcastReceiver.onReceive:12 android.app.ActivityThread.handleReceiver:2419 
I/ActivityManager( 1558): Delay finish: com.android.keychain/.KeyChainBroadcastReceiver
I/ActivityManager( 1558): Resuming delayed broadcast
I/ActivityManager( 1558): Delay finish: com.google.android.gms/.chimera.GmsIntentOperationService$PersistentTrustedReceiver
I/ActivityManager( 1558): Resuming delayed broadcast
I/ActivityManager( 1558): Delay finish: com.google.android.gms/.gass.chimera.PackageChangeBroadcastReceiver
I/ActivityManager( 1558): Resuming delayed broadcast
I/ActivityManager( 1558): Delay finish: com.google.android.gms/.chimera.GmsIntentOperationService$PersistentTrustedReceiver
I/ActivityManager( 1558): Resuming delayed broadcast
I/ActivityManager( 1558): Delay finish: com.google.android.googlequicksearchbox/com.google.android.searchcommon.summons.icing.InternalIcingCorporaProvider$CorporaChangedReceiver
I/ActivityManager( 1558): Resuming delayed broadcast
D/ConnectivityService( 1558): Sampling interval elapsed, updating statistics ..
D/ConnectivityService( 1558): Done.
D/ConnectivityService( 1558): Setting timer for 720seconds
I/ActivityManager( 1558): Force stopping edu.buffalo.cse.cse486586.groupmessenger2 appid=10123 user=-1: uninstall pkg
I/ActivityManager( 1558): Killing 11252:edu.buffalo.cse.cse486586.groupmessenger2/u0a123 (adj 0): stop edu.buffalo.cse.cse486586.groupmessenger2
W/ActivityManager( 1558): Force removing ActivityRecord{afdee5b0 u0 edu.buffalo.cse.cse486586.groupmessenger2/.GroupMessengerActivity t72}: app died, no saved state
W/PackageManager( 1558): Couldn't delete native library directory /data/app-lib/edu.buffalo.cse.cse486586.groupmessenger2
I/WindowState( 1558): WIN DEATH: Window{affbab18 u0 edu.buffalo.cse.cse486586.groupmessenger2/edu.buffalo.cse.cse486586.groupmessenger2.GroupMessengerActivity}
I/ActivityManager( 1558): Force stopping edu.buffalo.cse.cse486586.groupmessenger2 appid=10123 user=0: pkg removed
I/PackageManager( 1558): Adding preferred activity ComponentInfo{com.android.mms/com.android.mms.ui.ComposeMessageActivity} for user 0 :
I/PackageManager( 1558): Adding preferred activity ComponentInfo{com.android.mms/com.android.mms.ui.ComposeMessageActivity} for user 0 :
I/PackageManager( 1558): Adding preferred activity ComponentInfo{com.android.mms/com.android.mms.ui.ComposeMessageActivity} for user 0 :
D/BackupManagerService( 1558): Received broadcast Intent { act=android.intent.action.PACKAGE_REMOVED dat=package:edu.buffalo.cse.cse486586.groupmessenger2 flg=0x4000010 (has extras) }
V/BackupManagerService( 1558): removePackageParticipantsLocked: uid=10123 #1
I/PackageManager( 1558): Adding preferred activity ComponentInfo{com.android.mms/com.android.mms.ui.ComposeMessageActivity} for user 0 :
I/ActivityManager( 1558): Delay finish: com.android.providers.contacts/.PackageIntentReceiver
W/InputMethodManagerService( 1558): Got RemoteException sending setActive(false) notification to pid 11252 uid 10123
I/PackageManager( 1558): Adding preferred activity ComponentInfo{com.android.mms/com.android.mms.ui.ComposeMessageActivity} for user 0 :
I/PackageManager( 1558): Adding preferred activity ComponentInfo{com.android.mms/com.android.mms.ui.ComposeMessageActivity} for user 0 :
I/PackageManager( 1558): Adding preferred activity ComponentInfo{com.android.mms/com.android.mms.ui.ComposeMessageActivity} for user 0 :
I/PackageManager( 1558): Adding preferred activity ComponentInfo{com.android.mms/com.android.mms.ui.ComposeMessageActivity} for user 0 :
I/ActivityManager( 1558): Resuming delayed broadcast
I/ActivityManager( 1558): Delay finish: com.google.android.gms/.chimera.GmsIntentOperationService$PersistentTrustedReceiver
W/Vold    ( 1130): Returning OperationFailed - no handler for errno 30
W/Vold    ( 1130): Returning OperationFailed - no handler for errno 30
W/Vold    ( 1130): Returning OperationFailed - no handler for errno 30
W/ActivityManager( 1558): No content provider found for permission revoke: file:///data/local/tmp/app-debug.apk
W/ActivityManager( 1558): No content provider found for permission revoke: file:///data/local/tmp/app-debug.apk
I/PackageManager( 1558): Copying native libraries to /data/app-lib/vmdl1506790643
I/ActivityManager( 1558): Force stopping edu.buffalo.cse.cse486586.groupmessenger2 appid=10124 user=-1: update pkg
I/PackageManager( 1558): Adding preferred activity ComponentInfo{com.android.mms/com.android.mms.ui.ComposeMessageActivity} for user 0 :
D/BackupManagerService( 1558): Received broadcast Intent { act=android.intent.action.PACKAGE_ADDED dat=package:edu.buffalo.cse.cse486586.groupmessenger2 flg=0x4000010 (has extras) }
V/BackupManagerService( 1558): addPackageParticipantsLocked: #1
I/PackageManager( 1558): Adding preferred activity ComponentInfo{com.android.mms/com.android.mms.ui.ComposeMessageActivity} for user 0 :
I/PackageManager( 1558): Adding preferred activity ComponentInfo{com.android.mms/com.android.mms.ui.ComposeMessageActivity} for user 0 :
I/PackageManager( 1558): Adding preferred activity ComponentInfo{com.android.mms/com.android.mms.ui.ComposeMessageActivity} for user 0 :
I/PackageManager( 1558): Adding preferred activity ComponentInfo{com.android.mms/com.android.mms.ui.ComposeMessageActivity} for user 0 :
I/PackageManager( 1558): Adding preferred activity ComponentInfo{com.android.mms/com.android.mms.ui.ComposeMessageActivity} for user 0 :
I/PackageManager( 1558): Adding preferred activity ComponentInfo{com.android.mms/com.android.mms.ui.ComposeMessageActivity} for user 0 :
I/PackageManager( 1558): Adding preferred activity ComponentInfo{com.android.mms/com.android.mms.ui.ComposeMessageActivity} for user 0 :
I/ActivityManager( 1558): Force stopping edu.buffalo.cse.cse486586.groupmessenger2 appid=10124 user=0: from pid 11837
I/ActivityManager( 1558): START u0 {act=android.intent.action.MAIN cat=[android.intent.category.LAUNCHER] flg=0x10000000 cmp=edu.buffalo.cse.cse486586.groupmessenger2/.GroupMessengerActivity} from pid 11837
I/ActivityManager( 1558): Start proc edu.buffalo.cse.cse486586.groupmessenger2 for activity edu.buffalo.cse.cse486586.groupmessenger2/.GroupMessengerActivity: pid=11848 uid=10124 gids={50124, 3003}
I/ActivityManager( 1558): Resuming delayed broadcast
I/ActivityManager( 1558): Delay finish: com.google.android.googlequicksearchbox/com.google.android.searchcommon.summons.icing.InternalIcingCorporaProvider$CorporaChangedReceiver
I/ActivityManager( 1558): Resuming delayed broadcast
W/ContextImpl( 1419): Calling a method in the system process without a qualified user: android.app.ContextImpl.startService:1479 android.content.ContextWrapper.startService:494 android.content.ContextWrapper.startService:494 com.android.keychain.KeyChainBroadcastReceiver.onReceive:12 android.app.ActivityThread.handleReceiver:2419 
I/ActivityManager( 1558): Delay finish: com.android.keychain/.KeyChainBroadcastReceiver
I/ActivityManager( 1558): Resuming delayed broadcast
I/ActivityManager( 1558): Delay finish: com.google.android.gms/.chimera.GmsIntentOperationService$PersistentTrustedReceiver
I/ActivityManager( 1558): Resuming delayed broadcast
I/ActivityManager( 1558): Delay finish: com.google.android.gms/.gass.chimera.PackageChangeBroadcastReceiver
I/ActivityManager( 1558): Resuming delayed broadcast
I/ActivityManager( 1558): Delay finish: com.google.android.gms/.chimera.GmsIntentOperationService$PersistentTrustedReceiver
I/ActivityManager( 1558): Resuming delayed broadcast
I/ActivityManager( 1558): Delay finish: com.google.android.googlequicksearchbox/com.google.android.searchcommon.summons.icing.InternalIcingCorporaProvider$CorporaChangedReceiver
I/ActivityManager( 1558): Resuming delayed broadcast
I/ActivityManager( 1558): Force stopping edu.buffalo.cse.cse486586.groupmessenger2 appid=10124 user=-1: uninstall pkg
I/ActivityManager( 1558): Killing 11848:edu.buffalo.cse.cse486586.groupmessenger2/u0a124 (adj 0): stop edu.buffalo.cse.cse486586.groupmessenger2
W/ActivityManager( 1558): Force removing ActivityRecord{afabea48 u0 edu.buffalo.cse.cse486586.groupmessenger2/.GroupMessengerActivity t73}: app died, no saved state
W/PackageManager( 1558): Couldn't delete native library directory /data/app-lib/edu.buffalo.cse.cse486586.groupmessenger2
I/WindowState( 1558): WIN DEATH: Window{afdf87e0 u0 edu.buffalo.cse.cse486586.groupmessenger2/edu.buffalo.cse.cse486586.groupmessenger2.GroupMessengerActivity}
I/ActivityManager( 1558): Force stopping edu.buffalo.cse.cse486586.groupmessenger2 appid=10124 user=0: pkg removed
I/ActivityManager( 1558): Delay finish: com.android.providers.contacts/.PackageIntentReceiver
I/PackageManager( 1558): Adding preferred activity ComponentInfo{com.android.mms/com.android.mms.ui.ComposeMessageActivity} for user 0 :
W/InputMethodManagerService( 1558): Got RemoteException sending setActive(false) notification to pid 11848 uid 10124
I/PackageManager( 1558): Adding preferred activity ComponentInfo{com.android.mms/com.android.mms.ui.ComposeMessageActivity} for user 0 :
I/PackageManager( 1558): Adding preferred activity ComponentInfo{com.android.mms/com.android.mms.ui.ComposeMessageActivity} for user 0 :
I/PackageManager( 1558): Adding preferred activity ComponentInfo{com.android.mms/com.android.mms.ui.ComposeMessageActivity} for user 0 :
D/BackupManagerService( 1558): Received broadcast Intent { act=android.intent.action.PACKAGE_REMOVED dat=package:edu.buffalo.cse.cse486586.groupmessenger2 flg=0x4000010 (has extras) }
V/BackupManagerService( 1558): removePackageParticipantsLocked: uid=10124 #1
I/ActivityManager( 1558): Resuming delayed broadcast
I/PackageManager( 1558): Adding preferred activity ComponentInfo{com.android.mms/com.android.mms.ui.ComposeMessageActivity} for user 0 :
I/PackageManager( 1558): Adding preferred activity ComponentInfo{com.android.mms/com.android.mms.ui.ComposeMessageActivity} for user 0 :
I/PackageManager( 1558): Adding preferred activity ComponentInfo{com.android.mms/com.android.mms.ui.ComposeMessageActivity} for user 0 :
I/ActivityManager( 1558): Delay finish: com.google.android.gms/.chimera.GmsIntentOperationService$PersistentTrustedReceiver
I/PackageManager( 1558): Adding preferred activity ComponentInfo{com.android.mms/com.android.mms.ui.ComposeMessageActivity} for user 0 :
W/Vold    ( 1130): Returning OperationFailed - no handler for errno 30
W/Vold    ( 1130): Returning OperationFailed - no handler for errno 30
W/Vold    ( 1130): Returning OperationFailed - no handler for errno 30
W/ActivityManager( 1558): No content provider found for permission revoke: file:///data/local/tmp/app-debug.apk
W/ActivityManager( 1558): No content provider found for permission revoke: file:///data/local/tmp/app-debug.apk
I/PackageManager( 1558): Copying native libraries to /data/app-lib/vmdl1374667036
I/ActivityManager( 1558): Force stopping edu.buffalo.cse.cse486586.groupmessenger2 appid=10125 user=-1: update pkg
I/PackageManager( 1558): Adding preferred activity ComponentInfo{com.android.mms/com.android.mms.ui.ComposeMessageActivity} for user 0 :
D/BackupManagerService( 1558): Received broadcast Intent { act=android.intent.action.PACKAGE_ADDED dat=package:edu.buffalo.cse.cse486586.groupmessenger2 flg=0x4000010 (has extras) }
V/BackupManagerService( 1558): addPackageParticipantsLocked: #1
I/PackageManager( 1558): Adding preferred activity ComponentInfo{com.android.mms/com.android.mms.ui.ComposeMessageActivity} for user 0 :
I/PackageManager( 1558): Adding preferred activity ComponentInfo{com.android.mms/com.android.mms.ui.ComposeMessageActivity} for user 0 :
I/PackageManager( 1558): Adding preferred activity ComponentInfo{com.android.mms/com.android.mms.ui.ComposeMessageActivity} for user 0 :
I/PackageManager( 1558): Adding preferred activity ComponentInfo{com.android.mms/com.android.mms.ui.ComposeMessageActivity} for user 0 :
I/PackageManager( 1558): Adding preferred activity ComponentInfo{com.android.mms/com.android.mms.ui.ComposeMessageActivity} for user 0 :
I/PackageManager( 1558): Adding preferred activity ComponentInfo{com.android.mms/com.android.mms.ui.ComposeMessageActivity} for user 0 :
I/PackageManager( 1558): Adding preferred activity ComponentInfo{com.android.mms/com.android.mms.ui.ComposeMessageActivity} for user 0 :
I/ActivityManager( 1558): Force stopping edu.buffalo.cse.cse486586.groupmessenger2 appid=10125 user=0: from pid 12433
I/ActivityManager( 1558): START u0 {act=android.intent.action.MAIN cat=[android.intent.category.LAUNCHER] flg=0x10000000 cmp=edu.buffalo.cse.cse486586.groupmessenger2/.GroupMessengerActivity} from pid 12433
I/ActivityManager( 1558): Start proc edu.buffalo.cse.cse486586.groupmessenger2 for activity edu.buffalo.cse.cse486586.groupmessenger2/.GroupMessengerActivity: pid=12444 uid=10125 gids={50125, 3003}
I/ActivityManager( 1558): Resuming delayed broadcast
I/ActivityManager( 1558): Delay finish: com.google.android.googlequicksearchbox/com.google.android.searchcommon.summons.icing.InternalIcingCorporaProvider$CorporaChangedReceiver
I/ActivityManager( 1558): Resuming delayed broadcast
W/ContextImpl( 1419): Calling a method in the system process without a qualified user: android.app.ContextImpl.startService:1479 android.content.ContextWrapper.startService:494 android.content.ContextWrapper.startService:494 com.android.keychain.KeyChainBroadcastReceiver.onReceive:12 android.app.ActivityThread.handleReceiver:2419 
I/ActivityManager( 1558): Delay finish: com.android.keychain/.KeyChainBroadcastReceiver
I/ActivityManager( 1558): Resuming delayed broadcast
I/ActivityManager( 1558): Delay finish: com.google.android.gms/.chimera.GmsIntentOperationService$PersistentTrustedReceiver
I/ActivityManager( 1558): Resuming delayed broadcast
I/ActivityManager( 1558): Delay finish: com.google.android.gms/.gass.chimera.PackageChangeBroadcastReceiver
I/ActivityManager( 1558): Resuming delayed broadcast
I/ActivityManager( 1558): Delay finish: com.google.android.gms/.chimera.GmsIntentOperationService$PersistentTrustedReceiver
I/ActivityManager( 1558): Resuming delayed broadcast
I/ActivityManager( 1558): Delay finish: com.google.android.googlequicksearchbox/com.google.android.searchcommon.summons.icing.InternalIcingCorporaProvider$CorporaChangedReceiver
I/ActivityManager( 1558): Resuming delayed broadcast
I/ActivityManager( 1558): Force stopping edu.buffalo.cse.cse486586.groupmessenger2 appid=10125 user=-1: uninstall pkg
I/ActivityManager( 1558): Killing 12444:edu.buffalo.cse.cse486586.groupmessenger2/u0a125 (adj 0): stop edu.buffalo.cse.cse486586.groupmessenger2
W/ActivityManager( 1558): Force removing ActivityRecord{afdfda60 u0 edu.buffalo.cse.cse486586.groupmessenger2/.GroupMessengerActivity t74}: app died, no saved state
W/PackageManager( 1558): Couldn't delete native library directory /data/app-lib/edu.buffalo.cse.cse486586.groupmessenger2
I/WindowState( 1558): WIN DEATH: Window{afa58ca0 u0 edu.buffalo.cse.cse486586.groupmessenger2/edu.buffalo.cse.cse486586.groupmessenger2.GroupMessengerActivity}
I/ActivityManager( 1558): Force stopping edu.buffalo.cse.cse486586.groupmessenger2 appid=10125 user=0: pkg removed
I/PackageManager( 1558): Adding preferred activity ComponentInfo{com.android.mms/com.android.mms.ui.ComposeMessageActivity} for user 0 :
I/ActivityManager( 1558): Delay finish: com.android.providers.contacts/.PackageIntentReceiver
I/PackageManager( 1558): Adding preferred activity ComponentInfo{com.android.mms/com.android.mms.ui.ComposeMessageActivity} for user 0 :
I/PackageManager( 1558): Adding preferred activity ComponentInfo{com.android.mms/com.android.mms.ui.ComposeMessageActivity} for user 0 :
D/BackupManagerService( 1558): Received broadcast Intent { act=android.intent.action.PACKAGE_REMOVED dat=package:edu.buffalo.cse.cse486586.groupmessenger2 flg=0x4000010 (has extras) }
V/BackupManagerService( 1558): removePackageParticipantsLocked: uid=10125 #1
I/ActivityManager( 1558): Resuming delayed broadcast
I/PackageManager( 1558): Adding preferred activity ComponentInfo{com.android.mms/com.android.mms.ui.ComposeMessageActivity} for user 0 :
I/PackageManager( 1558): Adding preferred activity ComponentInfo{com.android.mms/com.android.mms.ui.ComposeMessageActivity} for user 0 :
I/PackageManager( 1558): Adding preferred activity ComponentInfo{com.android.mms/com.android.mms.ui.ComposeMessageActivity} for user 0 :
I/PackageManager( 1558): Adding preferred activity ComponentInfo{com.android.mms/com.android.mms.ui.ComposeMessageActivity} for user 0 :
W/InputMethodManagerService( 1558): Got RemoteException sending setActive(false) notification to pid 12444 uid 10125
I/PackageManager( 1558): Adding preferred activity ComponentInfo{com.android.mms/com.android.mms.ui.ComposeMessageActivity} for user 0 :
I/ActivityManager( 1558): Delay finish: com.google.android.gms/.chimera.GmsIntentOperationService$PersistentTrustedReceiver
W/Vold    ( 1130): Returning OperationFailed - no handler for errno 30
W/Vold    ( 1130): Returning OperationFailed - no handler for errno 30
W/Vold    ( 1130): Returning OperationFailed - no handler for errno 30
W/ActivityManager( 1558): No content provider found for permission revoke: file:///data/local/tmp/app-debug.apk
W/ActivityManager( 1558): No content provider found for permission revoke: file:///data/local/tmp/app-debug.apk
I/PackageManager( 1558): Copying native libraries to /data/app-lib/vmdl193895627
I/ActivityManager( 1558): Force stopping edu.buffalo.cse.cse486586.groupmessenger2 appid=10126 user=-1: update pkg
I/PackageManager( 1558): Adding preferred activity ComponentInfo{com.android.mms/com.android.mms.ui.ComposeMessageActivity} for user 0 :
I/PackageManager( 1558): Adding preferred activity ComponentInfo{com.android.mms/com.android.mms.ui.ComposeMessageActivity} for user 0 :
I/PackageManager( 1558): Adding preferred activity ComponentInfo{com.android.mms/com.android.mms.ui.ComposeMessageActivity} for user 0 :
I/PackageManager( 1558): Adding preferred activity ComponentInfo{com.android.mms/com.android.mms.ui.ComposeMessageActivity} for user 0 :
D/BackupManagerService( 1558): Received broadcast Intent { act=android.intent.action.PACKAGE_ADDED dat=package:edu.buffalo.cse.cse486586.groupmessenger2 flg=0x4000010 (has extras) }
V/BackupManagerService( 1558): addPackageParticipantsLocked: #1
I/PackageManager( 1558): Adding preferred activity ComponentInfo{com.android.mms/com.android.mms.ui.ComposeMessageActivity} for user 0 :
I/PackageManager( 1558): Adding preferred activity ComponentInfo{com.android.mms/com.android.mms.ui.ComposeMessageActivity} for user 0 :
I/PackageManager( 1558): Adding preferred activity ComponentInfo{com.android.mms/com.android.mms.ui.ComposeMessageActivity} for user 0 :
I/PackageManager( 1558): Adding preferred activity ComponentInfo{com.android.mms/com.android.mms.ui.ComposeMessageActivity} for user 0 :
I/ActivityManager( 1558): Force stopping edu.buffalo.cse.cse486586.groupmessenger2 appid=10126 user=0: from pid 13037
I/ActivityManager( 1558): START u0 {act=android.intent.action.MAIN cat=[android.intent.category.LAUNCHER] flg=0x10000000 cmp=edu.buffalo.cse.cse486586.groupmessenger2/.GroupMessengerActivity} from pid 13037
I/ActivityManager( 1558): Start proc edu.buffalo.cse.cse486586.groupmessenger2 for activity edu.buffalo.cse.cse486586.groupmessenger2/.GroupMessengerActivity: pid=13048 uid=10126 gids={50126, 3003}
I/ActivityManager( 1558): Resuming delayed broadcast
I/ActivityManager( 1558): Delay finish: com.google.android.googlequicksearchbox/com.google.android.searchcommon.summons.icing.InternalIcingCorporaProvider$CorporaChangedReceiver
I/ActivityManager( 1558): Resuming delayed broadcast
W/ContextImpl( 1419): Calling a method in the system process without a qualified user: android.app.ContextImpl.startService:1479 android.content.ContextWrapper.startService:494 android.content.ContextWrapper.startService:494 com.android.keychain.KeyChainBroadcastReceiver.onReceive:12 android.app.ActivityThread.handleReceiver:2419 
I/ActivityManager( 1558): Delay finish: com.android.keychain/.KeyChainBroadcastReceiver
I/ActivityManager( 1558): Resuming delayed broadcast
I/ActivityManager( 1558): Delay finish: com.google.android.gms/.chimera.GmsIntentOperationService$PersistentTrustedReceiver
I/ActivityManager( 1558): Resuming delayed broadcast
I/ActivityManager( 1558): Delay finish: com.google.android.gms/.gass.chimera.PackageChangeBroadcastReceiver
I/ActivityManager( 1558): Force stopping edu.buffalo.cse.cse486586.groupmessenger2 appid=10126 user=0: from pid 13272
I/ActivityManager( 1558): Killing 13048:edu.buffalo.cse.cse486586.groupmessenger2/u0a126 (adj 0): stop edu.buffalo.cse.cse486586.groupmessenger2
W/ActivityManager( 1558): Force removing ActivityRecord{afac30a0 u0 edu.buffalo.cse.cse486586.groupmessenger2/.GroupMessengerActivity t75}: app died, no saved state
I/WindowState( 1558): WIN DEATH: Window{afe7dc70 u0 edu.buffalo.cse.cse486586.groupmessenger2/edu.buffalo.cse.cse486586.groupmessenger2.GroupMessengerActivity}
W/InputMethodManagerService( 1558): Got RemoteException sending setActive(false) notification to pid 13048 uid 10126
I/ActivityManager( 1558): Resuming delayed broadcast
I/ActivityManager( 1558): Delay finish: com.google.android.gms/.chimera.GmsIntentOperationService$PersistentTrustedReceiver
I/ActivityManager( 1558): Resuming delayed broadcast
I/ActivityManager( 1558): Delay finish: com.google.android.googlequicksearchbox/com.google.android.searchcommon.summons.icing.InternalIcingCorporaProvider$CorporaChangedReceiver
I/ActivityManager( 1558): Resuming delayed broadcast
I/ActivityManager( 1558): Start proc edu.buffalo.cse.cse486586.groupmessenger2 for content provider edu.buffalo.cse.cse486586.groupmessenger2/.GroupMessengerProvider: pid=13313 uid=10126 gids={50126, 3003}
I/ActivityManager( 1558): Force stopping edu.buffalo.cse.cse486586.groupmessenger2 appid=10126 user=-1: uninstall pkg
I/ActivityManager( 1558): Killing 13313:edu.buffalo.cse.cse486586.groupmessenger2/u0a126 (adj 9): stop edu.buffalo.cse.cse486586.groupmessenger2
W/PackageManager( 1558): Couldn't delete native library directory /data/app-lib/edu.buffalo.cse.cse486586.groupmessenger2
I/ActivityManager( 1558): Force stopping edu.buffalo.cse.cse486586.groupmessenger2 appid=10126 user=0: pkg removed
I/PackageManager( 1558): Adding preferred activity ComponentInfo{com.android.mms/com.android.mms.ui.ComposeMessageActivity} for user 0 :
I/ActivityManager( 1558): Delay finish: com.android.providers.contacts/.PackageIntentReceiver
I/PackageManager( 1558): Adding preferred activity ComponentInfo{com.android.mms/com.android.mms.ui.ComposeMessageActivity} for user 0 :
D/BackupManagerService( 1558): Received broadcast Intent { act=android.intent.action.PACKAGE_REMOVED dat=package:edu.buffalo.cse.cse486586.groupmessenger2 flg=0x4000010 (has extras) }
V/BackupManagerService( 1558): removePackageParticipantsLocked: uid=10126 #1
I/PackageManager( 1558): Adding preferred activity ComponentInfo{com.android.mms/com.android.mms.ui.ComposeMessageActivity} for user 0 :
I/PackageManager( 1558): Adding preferred activity ComponentInfo{com.android.mms/com.android.mms.ui.ComposeMessageActivity} for user 0 :
I/PackageManager( 1558): Adding preferred activity ComponentInfo{com.android.mms/com.android.mms.ui.ComposeMessageActivity} for user 0 :
I/ActivityManager( 1558): Resuming delayed broadcast
I/PackageManager( 1558): Adding preferred activity ComponentInfo{com.android.mms/com.android.mms.ui.ComposeMessageActivity} for user 0 :
I/PackageManager( 1558): Adding preferred activity ComponentInfo{com.android.mms/com.android.mms.ui.ComposeMessageActivity} for user 0 :
I/PackageManager( 1558): Adding preferred activity ComponentInfo{com.android.mms/com.android.mms.ui.ComposeMessageActivity} for user 0 :
I/ActivityManager( 1558): Delay finish: com.google.android.gms/.chimera.GmsIntentOperationService$PersistentTrustedReceiver
W/Vold    ( 1130): Returning OperationFailed - no handler for errno 30
W/Vold    ( 1130): Returning OperationFailed - no handler for errno 30
W/Vold    ( 1130): Returning OperationFailed - no handler for errno 30
W/ActivityManager( 1558): No content provider found for permission revoke: file:///data/local/tmp/app-debug.apk
W/ActivityManager( 1558): No content provider found for permission revoke: file:///data/local/tmp/app-debug.apk
I/PackageManager( 1558): Copying native libraries to /data/app-lib/vmdl731493453
I/ActivityManager( 1558): Force stopping edu.buffalo.cse.cse486586.groupmessenger2 appid=10127 user=-1: update pkg
I/PackageManager( 1558): Adding preferred activity ComponentInfo{com.android.mms/com.android.mms.ui.ComposeMessageActivity} for user 0 :
D/BackupManagerService( 1558): Received broadcast Intent { act=android.intent.action.PACKAGE_ADDED dat=package:edu.buffalo.cse.cse486586.groupmessenger2 flg=0x4000010 (has extras) }
V/BackupManagerService( 1558): addPackageParticipantsLocked: #1
I/PackageManager( 1558): Adding preferred activity ComponentInfo{com.android.mms/com.android.mms.ui.ComposeMessageActivity} for user 0 :
I/PackageManager( 1558): Adding preferred activity ComponentInfo{com.android.mms/com.android.mms.ui.ComposeMessageActivity} for user 0 :
